esp.c:28:17:ESP_ConfigListAP	16	static
esp.c:37:6:ESP_Init	24	static
esp.c:65:10:ESP_Test	8	static
esp.c:71:10:ESP_Restart	8	static
esp.c:78:10:ESP_Version	8	static
esp.c:84:10:ESP_EnableEcho	16	static
esp.c:91:10:ESP_Mode	16	static
esp.c:109:10:ESP_ConfigureConnection	24	static
esp.c:123:10:ESP_ListAP	32	static
esp.c:152:10:ESP_Connect	24	static
esp.c:165:10:ESP_Disconnect	8	static
esp.c:171:10:ESP_Ip	24	static
esp.c:190:7:ESP_Take	8	static
esp.c:196:7:ESP_Give	8	static
esp.c:201:10:ESP_Start	32	static
esp.c:224:10:ESP_Close	8	static
esp.c:231:10:ESP_Status	24	static
esp.c:241:10:ESP_SendData	32	static
esp.c:252:10:ESP_ReceiveData	40	static
esp.c:284:10:ESP_WaitForString	52	dynamic
esp.c:306:10:ESP_WaitFor	32	static
esp.c:322:10:ESP_WriteString	16	static
esp.c:326:10:ESP_WriteBuffer	16	static
esp.c:330:6:ESP_WriteChar	16	static
esp.c:334:6:ESP_ReadChar	16	static
esp.c:338:6:ESP_GetChar	16	static
esp.c:342:10:ESP_ReadString	16	static
esp.c:346:10:ESP_ReadBuffer	24	static
