lcd.c:36:13:LCD_SetNibble	16	static
lcd.c:43:13:LCD_PulseEnable	16	static
lcd.c:51:13:LCD_WriteCommand	16	static
lcd.c:62:13:LCD_WriteChar	16	static
lcd.c:73:13:LCD_WriteString	24	static
lcd.c:82:13:LCD_Clear	8	static
lcd.c:91:13:LCD_Home	8	static
lcd.c:100:13:LCD_Locate	24	static
lcd.c:119:13:LCD_CreateChar	24	static
lcd.c:131:13:LCD_ShiftDisplay	16	static
lcd.c:136:9:LCDText_Init	16	static
lcd.c:181:6:LCDText_WriteChar	120	static
lcd.c:193:6:LCDText_WriteString	120	static
lcd.c:206:6:LCDText_Clear	112	static
lcd.c:217:6:LCDText_Home	112	static
lcd.c:228:6:LCDText_Locate	120	static
lcd.c:241:6:LCDText_CreateChar	120	static
lcd.c:254:6:LCDText_ShiftDisplay	120	static
lcd.c:270:6:LCDText_Printf	200	static
lcd.c:292:7:LCD_WriterTask	120	static
