core_cm3.h:1323:22:NVIC_EnableIRQ	16	static
uart.c:82:17:UART_GetPCLK	4	static
uart.c:97:12:UART_IsEnabled	16	static
uart.c:101:16:UART_SetDivisors	96	static
uart.c:152:13:UART_ErrorHandler	16	static
uart.c:159:13:UART_CheckBusy	4	static
uart.c:170:13:UART_RB_IsChar	4	static
uart.c:174:22:UART_RBR_ReadChar	16	static
uart.c:180:13:UART_RB_ReadChar	24	static
uart.c:199:13:UART_RB_GetChar	16	static
uart.c:207:13:UART_THR_WriteChar	16	static
uart.c:212:13:UART_RB_WriteChar	16	static
uart.c:218:13:UART_IntReceive	16	static
uart.c:228:13:UART_IntTransmit	8	static
uart.c:257:6:UART2_IRQHandler	16	static
uart.c:280:6:UART_Init	24	static
uart.c:345:6:UART_IsChar	8	static
uart.c:349:6:UART_ReadChar	16	static
uart.c:353:6:UART_GetChar	16	static
uart.c:357:6:UART_WriteChar	16	static
uart.c:368:10:UART_WriteBuffer	24	static
uart.c:391:10:UART_ReadBuffer	32	static
uart.c:410:10:UART_WriteString	16	static
uart.c:414:10:UART_ReadString	24	static
uart.c:443:6:UART_Printf	1040	static
