core_cm3.h:1323:22:NVIC_EnableIRQ	16	static
wait.c:50:6:TIMER0_IRQHandler	8	static
wait.c:58:6:TIMER1_IRQHandler	8	static
wait.c:66:6:TIMER2_IRQHandler	8	static
wait.c:74:6:TIMER3_IRQHandler	8	static
wait.c:82:9:WAIT_Init	16	static
wait.c:110:16:setBusy	16	static
wait.c:136:12:WAIT_IsEnabled	16	static
wait.c:140:16:WAIT_SYS_Init	4	static
wait.c:149:16:WAIT_TIM0_Init	16	static
wait.c:167:16:WAIT_IRQ0_Init	16	static
wait.c:176:16:WAIT_TIM1_Init	16	static
wait.c:194:16:WAIT_IRQ1_Init	16	static
wait.c:203:16:WAIT_TIM2_Init	16	static
wait.c:221:16:WAIT_IRQ2_Init	16	static
wait.c:230:16:WAIT_TIM3_Init	16	static
wait.c:248:16:WAIT_IRQ3_Init	16	static
wait.c:257:6:WAIT_SYS_Ms	16	static
wait.c:269:6:WAIT_TIM0_Us	16	static
wait.c:281:6:WAIT_IRQ0_Us	16	static
wait.c:290:6:WAIT_TIM1_Us	16	static
wait.c:302:6:WAIT_IRQ1_Us	16	static
wait.c:311:6:WAIT_TIM2_Us	16	static
wait.c:323:6:WAIT_IRQ2_Us	16	static
wait.c:332:6:WAIT_TIM3_Us	16	static
wait.c:344:6:WAIT_IRQ3_Us	16	static
wait.c:353:6:WAIT_IsBusy	16	static
wait.c:376:10:WAIT_SYS_GetElapsedMs	16	static
