Archive member included to satisfy reference by file (symbol)

C:\Users\pedro\Desktop\LEECT\Semestre 5\SE1\Workplace\LEETC_SE1\Debug\libLEETC_SE1.a(adxl.o)
                              ./src/LAB6v1.o (ADXL_Init)
C:\Users\pedro\Desktop\LEECT\Semestre 5\SE1\Workplace\LEETC_SE1\Debug\libLEETC_SE1.a(button.o)
                              ./src/LAB6v1.o (BUTTON_Init)
C:\Users\pedro\Desktop\LEECT\Semestre 5\SE1\Workplace\LEETC_SE1\Debug\libLEETC_SE1.a(lcd.o)
                              ./src/LAB6v1.o (LCDText_Init)
C:\Users\pedro\Desktop\LEECT\Semestre 5\SE1\Workplace\LEETC_SE1\Debug\libLEETC_SE1.a(rtc.o)
                              ./src/LAB6v1.o (RTC_Init)
C:\Users\pedro\Desktop\LEECT\Semestre 5\SE1\Workplace\LEETC_SE1\Debug\libLEETC_SE1.a(spi.o)
                              C:\Users\pedro\Desktop\LEECT\Semestre 5\SE1\Workplace\LEETC_SE1\Debug\libLEETC_SE1.a(adxl.o) (SPI_Init)
C:\Users\pedro\Desktop\LEECT\Semestre 5\SE1\Workplace\LEETC_SE1\Debug\libLEETC_SE1.a(wait.o)
                              ./src/LAB6v1.o (WAIT_Init)
C:\Users\pedro\Desktop\LEECT\Semestre 5\SE1\Workplace\CMSIS_CORE_LPC17xx\Debug\libCMSIS_CORE_LPC17xx.a(system_LPC17xx.o)
                              C:\Users\pedro\Desktop\LEECT\Semestre 5\SE1\Workplace\LEETC_SE1\Debug\libLEETC_SE1.a(wait.o) (SystemCoreClockUpdate)
e:/nxp/mcuxpressoide_11.2.1_4149/ide/plugins/com.nxp.mcuxpresso.tools.win32_11.2.0.202008311134/tools/bin/../lib/gcc/arm-none-eabi/9.2.1/../../../../arm-none-eabi/lib/thumb/v7-m/nofp\libcr_semihost.a(_cr__main.o)
                              ./src/cr_startup_lpc175x_6x.o (__main)
e:/nxp/mcuxpressoide_11.2.1_4149/ide/plugins/com.nxp.mcuxpresso.tools.win32_11.2.0.202008311134/tools/bin/../lib/gcc/arm-none-eabi/9.2.1/../../../../arm-none-eabi/lib/thumb/v7-m/nofp\libcr_c.a(fpprintf.o)
                              C:\Users\pedro\Desktop\LEECT\Semestre 5\SE1\Workplace\LEETC_SE1\Debug\libLEETC_SE1.a(lcd.o) (vsprintf)
e:/nxp/mcuxpressoide_11.2.1_4149/ide/plugins/com.nxp.mcuxpresso.tools.win32_11.2.0.202008311134/tools/bin/../lib/gcc/arm-none-eabi/9.2.1/../../../../arm-none-eabi/lib/thumb/v7-m/nofp\libcr_c.a(initio.o)
                              e:/nxp/mcuxpressoide_11.2.1_4149/ide/plugins/com.nxp.mcuxpresso.tools.win32_11.2.0.202008311134/tools/bin/../lib/gcc/arm-none-eabi/9.2.1/../../../../arm-none-eabi/lib/thumb/v7-m/nofp\libcr_semihost.a(_cr__main.o) (_initio)
e:/nxp/mcuxpressoide_11.2.1_4149/ide/plugins/com.nxp.mcuxpresso.tools.win32_11.2.0.202008311134/tools/bin/../lib/gcc/arm-none-eabi/9.2.1/../../../../arm-none-eabi/lib/thumb/v7-m/nofp\libcr_c.a(printf.o)
                              e:/nxp/mcuxpressoide_11.2.1_4149/ide/plugins/com.nxp.mcuxpresso.tools.win32_11.2.0.202008311134/tools/bin/../lib/gcc/arm-none-eabi/9.2.1/../../../../arm-none-eabi/lib/thumb/v7-m/nofp\libcr_c.a(fpprintf.o) (__vfprintf)
e:/nxp/mcuxpressoide_11.2.1_4149/ide/plugins/com.nxp.mcuxpresso.tools.win32_11.2.0.202008311134/tools/bin/../lib/gcc/arm-none-eabi/9.2.1/../../../../arm-none-eabi/lib/thumb/v7-m/nofp\libcr_c.a(setvbuf.o)
                              e:/nxp/mcuxpressoide_11.2.1_4149/ide/plugins/com.nxp.mcuxpresso.tools.win32_11.2.0.202008311134/tools/bin/../lib/gcc/arm-none-eabi/9.2.1/../../../../arm-none-eabi/lib/thumb/v7-m/nofp\libcr_c.a(initio.o) (setvbuf)
e:/nxp/mcuxpressoide_11.2.1_4149/ide/plugins/com.nxp.mcuxpresso.tools.win32_11.2.0.202008311134/tools/bin/../lib/gcc/arm-none-eabi/9.2.1/../../../../arm-none-eabi/lib/thumb/v7-m/nofp\libcr_c.a(strlen.o)
                              e:/nxp/mcuxpressoide_11.2.1_4149/ide/plugins/com.nxp.mcuxpresso.tools.win32_11.2.0.202008311134/tools/bin/../lib/gcc/arm-none-eabi/9.2.1/../../../../arm-none-eabi/lib/thumb/v7-m/nofp\libcr_c.a(printf.o) (strlen)
e:/nxp/mcuxpressoide_11.2.1_4149/ide/plugins/com.nxp.mcuxpresso.tools.win32_11.2.0.202008311134/tools/bin/../lib/gcc/arm-none-eabi/9.2.1/../../../../arm-none-eabi/lib/thumb/v7-m/nofp\libcr_c.a(time.o)
                              C:\Users\pedro\Desktop\LEECT\Semestre 5\SE1\Workplace\LEETC_SE1\Debug\libLEETC_SE1.a(rtc.o) (mktime)
e:/nxp/mcuxpressoide_11.2.1_4149/ide/plugins/com.nxp.mcuxpresso.tools.win32_11.2.0.202008311134/tools/bin/../lib/gcc/arm-none-eabi/9.2.1/../../../../arm-none-eabi/lib/thumb/v7-m/nofp\libcr_c.a(memset.o)
                              e:/nxp/mcuxpressoide_11.2.1_4149/ide/plugins/com.nxp.mcuxpresso.tools.win32_11.2.0.202008311134/tools/bin/../lib/gcc/arm-none-eabi/9.2.1/../../../../arm-none-eabi/lib/thumb/v7-m/nofp\libcr_c.a(fpprintf.o) (memset)
e:/nxp/mcuxpressoide_11.2.1_4149/ide/plugins/com.nxp.mcuxpresso.tools.win32_11.2.0.202008311134/tools/bin/../lib/gcc/arm-none-eabi/9.2.1/../../../../arm-none-eabi/lib/thumb/v7-m/nofp\libcr_c.a(_deferredlazyseek.o)
                              e:/nxp/mcuxpressoide_11.2.1_4149/ide/plugins/com.nxp.mcuxpresso.tools.win32_11.2.0.202008311134/tools/bin/../lib/gcc/arm-none-eabi/9.2.1/../../../../arm-none-eabi/lib/thumb/v7-m/nofp\libcr_c.a(fpprintf.o) (__flsbuf)
[...]
Memory Configuration

Name             Origin             Length             Attributes
MFlash512        0x00000000         0x00080000         xr
RamLoc32         0x10000000         0x00008000         xrw
RamAHB32         0x2007c000         0x00008000         xrw
*default*        0x00000000         0xffffffff

Linker script and memory map

LOAD ./src/LAB6v1.o
LOAD ./src/cr_startup_lpc175x_6x.o
LOAD ./src/crp.o
LOAD C:\Users\pedro\Desktop\LEECT\Semestre 5\SE1\Workplace\LEETC_SE1\Debug\libLEETC_SE1.a
LOAD C:\Users\pedro\Desktop\LEECT\Semestre 5\SE1\Workplace\CMSIS_CORE_LPC17xx\Debug\libCMSIS_CORE_LPC17xx.a
START GROUP
LOAD e:/nxp/mcuxpressoide_11.2.1_4149/ide/plugins/com.nxp.mcuxpresso.tools.win32_11.2.0.202008311134/tools/bin/../lib/gcc/arm-none-eabi/9.2.1/../../../../arm-none-eabi/lib/thumb/v7-m/nofp\libcr_semihost.a
LOAD e:/nxp/mcuxpressoide_11.2.1_4149/ide/plugins/com.nxp.mcuxpresso.tools.win32_11.2.0.202008311134/tools/bin/../lib/gcc/arm-none-eabi/9.2.1/../../../../arm-none-eabi/lib/thumb/v7-m/nofp\libcr_c.a
LOAD e:/nxp/mcuxpressoide_11.2.1_4149/ide/plugins/com.nxp.mcuxpresso.tools.win32_11.2.0.202008311134/tools/bin/../lib/gcc/arm-none-eabi/9.2.1/thumb/v7-m/nofp\libcr_eabihelpers.a
LOAD e:/nxp/mcuxpressoide_11.2.1_4149/ide/plugins/com.nxp.mcuxpresso.tools.win32_11.2.0.202008311134/tools/bin/../lib/gcc/arm-none-eabi/9.2.1/thumb/v7-m/nofp\libgcc.a
END GROUP
                0x00000000                __base_MFlash512 = 0x0
                0x00000000                __base_Flash = 0x0
                0x00080000                __top_MFlash512 = 0x80000
                0x00080000                __top_Flash = 0x80000
                0x10000000                __base_RamLoc32 = 0x10000000
                0x10000000                __base_RAM = 0x10000000
                0x10008000                __top_RamLoc32 = 0x10008000
                0x10008000                __top_RAM = 0x10008000
                0x2007c000                __base_RamAHB32 = 0x2007c000
                0x2007c000                __base_RAM2 = 0x2007c000
                0x20084000                __top_RamAHB32 = 0x20084000
                0x20084000                __top_RAM2 = 0x20084000

.text           0x00000000     0x4130
 FILL mask 0xff
                0x00000000                __vectors_start__ = ABSOLUTE (.)
 *(.isr_vector)
 .isr_vector    0x00000000       0xcc ./src/cr_startup_lpc175x_6x.o
                0x00000000                g_pfnVectors
                0x000000cc                . = ALIGN (0x4)
                0x000000cc                __section_table_start = .
                0x000000cc                __data_section_table = .
                0x000000cc        0x4 LONG 0x4130 LOADADDR (.data)
                0x000000d0        0x4 LONG 0x10000000 ADDR (.data)
                0x000000d4        0x4 LONG 0x4 SIZEOF (.data)
                0x000000d8        0x4 LONG 0x4130 LOADADDR (.data_RAM2)
                0x000000dc        0x4 LONG 0x2007c000 ADDR (.data_RAM2)
                0x000000e0        0x4 LONG 0x0 SIZEOF (.data_RAM2)
                0x000000e4                __data_section_table_end = .
                0x000000e4                __bss_section_table = .
                0x000000e4        0x4 LONG 0x10000004 ADDR (.bss)
                0x000000e8        0x4 LONG 0x32c SIZEOF (.bss)
                0x000000ec        0x4 LONG 0x2007c000 ADDR (.bss_RAM2)
                0x000000f0        0x4 LONG 0x0 SIZEOF (.bss_RAM2)
                0x000000f4                __bss_section_table_end = .
                0x000000f4                __section_table_end = .
 *(.after_vectors*)
 .after_vectors
                0x000000f4      0x130 ./src/cr_startup_lpc175x_6x.o
                0x000000f4                data_init
                0x00000138                bss_init
                0x00000170                ResetISR
                0x000001e8                NMI_Handler
                0x000001ee                HardFault_Handler
                0x000001f4                MemManage_Handler
                0x000001fa                BusFault_Handler
                0x00000200                UsageFault_Handler
                0x00000206                SVC_Handler
                0x0000020c                DebugMon_Handler
                0x00000212                PendSV_Handler
                0x0000021e                EINT3_IRQHandler
                0x0000021e                CANActivity_IRQHandler
                0x0000021e                UART0_IRQHandler
                0x0000021e                EINT2_IRQHandler
                0x0000021e                I2C1_IRQHandler
                0x0000021e                IntDefaultHandler
                0x0000021e                PLL0_IRQHandler
                0x0000021e                CAN_IRQHandler
                0x0000021e                UART1_IRQHandler
                0x0000021e                SSP0_IRQHandler
                0x0000021e                I2S_IRQHandler
                0x0000021e                I2C2_IRQHandler
                0x0000021e                SPI_IRQHandler
                0x0000021e                PWM1_IRQHandler
                0x0000021e                EINT1_IRQHandler
                0x0000021e                UART2_IRQHandler
                0x0000021e                ADC_IRQHandler
                0x0000021e                SSP1_IRQHandler
                0x0000021e                USB_IRQHandler
                0x0000021e                BOD_IRQHandler
                0x0000021e                USBActivity_IRQHandler
                0x0000021e                WDT_IRQHandler
                0x0000021e                I2C0_IRQHandler
                0x0000021e                QEI_IRQHandler
                0x0000021e                EINT0_IRQHandler
                0x0000021e                RIT_IRQHandler
                0x0000021e                DMA_IRQHandler
                0x0000021e                PLL1_IRQHandler
                0x0000021e                UART3_IRQHandler
                0x0000021e                MCPWM_IRQHandler
                0x0000021e                ENET_IRQHandler
                0x000002fc                . = 0x2fc
 *fill*         0x00000224       0xd8 ff
                0x000002fc                PROVIDE (__CRP_WORD_START__ = .)
 *(.crp)
 .crp           0x000002fc        0x4 ./src/crp.o
                0x000002fc                CRP_WORD
                0x00000300                PROVIDE (__CRP_WORD_END__ = .)
                0x00000001                ASSERT (! ((__CRP_WORD_START__ == __CRP_WORD_END__)), Linker CRP Enabled, but no CRP_WORD provided within application)
 *(.text*)
 .text.main     0x00000300       0xd8 ./src/LAB6v1.o
                0x00000300                main
 .text.getDataRate
                0x000003d8       0xd4 C:\Users\pedro\Desktop\LEECT\Semestre 5\SE1\Workplace\LEETC_SE1\Debug\libLEETC_SE1.a(adxl.o)
 .text.ADXL_Transfer
                0x000004ac       0x38 C:\Users\pedro\Desktop\LEECT\Semestre 5\SE1\Workplace\LEETC_SE1\Debug\libLEETC_SE1.a(adxl.o)
 .text.ADXL_Init
                0x000004e4      0x114 C:\Users\pedro\Desktop\LEECT\Semestre 5\SE1\Workplace\LEETC_SE1\Debug\libLEETC_SE1.a(adxl.o)
                0x000004e4                ADXL_Init
 .text.ADXL_GetAxis
                0x000005f8       0x84 C:\Users\pedro\Desktop\LEECT\Semestre 5\SE1\Workplace\LEETC_SE1\Debug\libLEETC_SE1.a(adxl.o)
                0x000005f8                ADXL_GetAxis
 .text.ADXL_GetDevId
                0x0000067c       0x38 C:\Users\pedro\Desktop\LEECT\Semestre 5\SE1\Workplace\LEETC_SE1\Debug\libLEETC_SE1.a(adxl.o)
                0x0000067c                ADXL_GetDevId
 .text.ADXL_ChipSelect
                0x000006b4       0x30 C:\Users\pedro\Desktop\LEECT\Semestre 5\SE1\Workplace\LEETC_SE1\Debug\libLEETC_SE1.a(adxl.o)
                0x000006b4                ADXL_ChipSelect
 .text.BUTTON_Init
                0x000006e4       0x2c C:\Users\pedro\Desktop\LEECT\Semestre 5\SE1\Workplace\LEETC_SE1\Debug\libLEETC_SE1.a(button.o)
                0x000006e4                BUTTON_Init
 .text.BUTTON_Hit
                0x00000710       0x1c C:\Users\pedro\Desktop\LEECT\Semestre 5\SE1\Workplace\LEETC_SE1\Debug\libLEETC_SE1.a(button.o)
                0x00000710                BUTTON_Hit
 .text.setNibble
                0x0000072c       0x30 C:\Users\pedro\Desktop\LEECT\Semestre 5\SE1\Workplace\LEETC_SE1\Debug\libLEETC_SE1.a(lcd.o)
 .text.pulseEnable
                0x0000075c       0x30 C:\Users\pedro\Desktop\LEECT\Semestre 5\SE1\Workplace\LEETC_SE1\Debug\libLEETC_SE1.a(lcd.o)
 .text.LCDText_Init
                0x0000078c       0xac C:\Users\pedro\Desktop\LEECT\Semestre 5\SE1\Workplace\LEETC_SE1\Debug\libLEETC_SE1.a(lcd.o)
                0x0000078c                LCDText_Init
 .text.LCDText_WriteCommand
                0x00000838       0x3e C:\Users\pedro\Desktop\LEECT\Semestre 5\SE1\Workplace\LEETC_SE1\Debug\libLEETC_SE1.a(lcd.o)
 .text.LCDText_WriteChar
                0x00000876       0x3e C:\Users\pedro\Desktop\LEECT\Semestre 5\SE1\Workplace\LEETC_SE1\Debug\libLEETC_SE1.a(lcd.o)
                0x00000876                LCDText_WriteChar
 .text.LCDText_WriteString
                0x000008b4       0x3a C:\Users\pedro\Desktop\LEECT\Semestre 5\SE1\Workplace\LEETC_SE1\Debug\libLEETC_SE1.a(lcd.o)
                0x000008b4                LCDText_WriteString
 .text.LCDText_Clear
                0x000008ee       0x28 C:\Users\pedro\Desktop\LEECT\Semestre 5\SE1\Workplace\LEETC_SE1\Debug\libLEETC_SE1.a(lcd.o)
                0x000008ee                LCDText_Clear
 .text.LCDText_Locate
                0x00000916       0x74 C:\Users\pedro\Desktop\LEECT\Semestre 5\SE1\Workplace\LEETC_SE1\Debug\libLEETC_SE1.a(lcd.o)
                0x00000916                LCDText_Locate
 .text.LCDText_Printf
                0x0000098a       0x30 C:\Users\pedro\Desktop\LEECT\Semestre 5\SE1\Workplace\LEETC_SE1\Debug\libLEETC_SE1.a(lcd.o)
                0x0000098a                LCDText_Printf
 *fill*         0x000009ba        0x2 ff
 .text.NVIC_EnableIRQ
                0x000009bc       0x30 C:\Users\pedro\Desktop\LEECT\Semestre 5\SE1\Workplace\LEETC_SE1\Debug\libLEETC_SE1.a(rtc.o)
 .text.RTC_IRQHandler
                0x000009ec       0x28 C:\Users\pedro\Desktop\LEECT\Semestre 5\SE1\Workplace\LEETC_SE1\Debug\libLEETC_SE1.a(rtc.o)
                0x000009ec                RTC_IRQHandler
 .text.RTC_Init
                0x00000a14       0x7c C:\Users\pedro\Desktop\LEECT\Semestre 5\SE1\Workplace\LEETC_SE1\Debug\libLEETC_SE1.a(rtc.o)
                0x00000a14                RTC_Init
 .text.RTC_SetValue
                0x00000a90       0x74 C:\Users\pedro\Desktop\LEECT\Semestre 5\SE1\Workplace\LEETC_SE1\Debug\libLEETC_SE1.a(rtc.o)
                0x00000a90                RTC_SetValue
 .text.RTC_SetSeconds
                0x00000b04       0x20 C:\Users\pedro\Desktop\LEECT\Semestre 5\SE1\Workplace\LEETC_SE1\Debug\libLEETC_SE1.a(rtc.o)
                0x00000b04                RTC_SetSeconds
 .text.RTC_Enable
                0x00000b24       0x20 C:\Users\pedro\Desktop\LEECT\Semestre 5\SE1\Workplace\LEETC_SE1\Debug\libLEETC_SE1.a(rtc.o)
                0x00000b24                RTC_Enable
 .text.SPI_GetPCLK
                0x00000b44       0x98 C:\Users\pedro\Desktop\LEECT\Semestre 5\SE1\Workplace\LEETC_SE1\Debug\libLEETC_SE1.a(spi.o)
 .text.SPI_Init
                0x00000bdc       0x58 C:\Users\pedro\Desktop\LEECT\Semestre 5\SE1\Workplace\LEETC_SE1\Debug\libLEETC_SE1.a(spi.o)
                0x00000bdc                SPI_Init
 .text.SPI_ConfigTransfer
                0x00000c34       0x68 C:\Users\pedro\Desktop\LEECT\Semestre 5\SE1\Workplace\LEETC_SE1\Debug\libLEETC_SE1.a(spi.o)
                0x00000c34                SPI_ConfigTransfer
 .text.SPI_Transfer
                0x00000c9c       0x70 C:\Users\pedro\Desktop\LEECT\Semestre 5\SE1\Workplace\LEETC_SE1\Debug\libLEETC_SE1.a(spi.o)
                0x00000c9c                SPI_Transfer
 .text.SPI_VerifyFrequency
                0x00000d0c       0x42 C:\Users\pedro\Desktop\LEECT\Semestre 5\SE1\Workplace\LEETC_SE1\Debug\libLEETC_SE1.a(spi.o)
                0x00000d0c                SPI_VerifyFrequency
 *fill*         0x00000d4e        0x2 ff
 .text.NVIC_EnableIRQ
                0x00000d50       0x30 C:\Users\pedro\Desktop\LEECT\Semestre 5\SE1\Workplace\LEETC_SE1\Debug\libLEETC_SE1.a(wait.o)
 .text.NVIC_SetPriority
                0x00000d80       0x54 C:\Users\pedro\Desktop\LEECT\Semestre 5\SE1\Workplace\LEETC_SE1\Debug\libLEETC_SE1.a(wait.o)
 .text.SysTick_Config
                0x00000dd4       0x44 C:\Users\pedro\Desktop\LEECT\Semestre 5\SE1\Workplace\LEETC_SE1\Debug\libLEETC_SE1.a(wait.o)
 .text.SysTick_Handler
                0x00000e18       0x1c C:\Users\pedro\Desktop\LEECT\Semestre 5\SE1\Workplace\LEETC_SE1\Debug\libLEETC_SE1.a(wait.o)
                0x00000e18                SysTick_Handler
 .text.TIMER0_IRQHandler
                0x00000e34       0x2c C:\Users\pedro\Desktop\LEECT\Semestre 5\SE1\Workplace\LEETC_SE1\Debug\libLEETC_SE1.a(wait.o)
                0x00000e34                TIMER0_IRQHandler
 .text.TIMER1_IRQHandler
                0x00000e60       0x2c C:\Users\pedro\Desktop\LEECT\Semestre 5\SE1\Workplace\LEETC_SE1\Debug\libLEETC_SE1.a(wait.o)
                0x00000e60                TIMER1_IRQHandler
 .text.TIMER2_IRQHandler
                0x00000e8c       0x2c C:\Users\pedro\Desktop\LEECT\Semestre 5\SE1\Workplace\LEETC_SE1\Debug\libLEETC_SE1.a(wait.o)
                0x00000e8c                TIMER2_IRQHandler
 .text.TIMER3_IRQHandler
                0x00000eb8       0x2c C:\Users\pedro\Desktop\LEECT\Semestre 5\SE1\Workplace\LEETC_SE1\Debug\libLEETC_SE1.a(wait.o)
                0x00000eb8                TIMER3_IRQHandler
 .text.WAIT_Init
                0x00000ee4       0xa8 C:\Users\pedro\Desktop\LEECT\Semestre 5\SE1\Workplace\LEETC_SE1\Debug\libLEETC_SE1.a(wait.o)
                0x00000ee4                WAIT_Init
 .text.setBusy  0x00000f8c      0x128 C:\Users\pedro\Desktop\LEECT\Semestre 5\SE1\Workplace\LEETC_SE1\Debug\libLEETC_SE1.a(wait.o)
 .text.WAIT_SYS_Init
                0x000010b4       0x34 C:\Users\pedro\Desktop\LEECT\Semestre 5\SE1\Workplace\LEETC_SE1\Debug\libLEETC_SE1.a(wait.o)
 .text.WAIT_TIM0_Init
                0x000010e8       0xac C:\Users\pedro\Desktop\LEECT\Semestre 5\SE1\Workplace\LEETC_SE1\Debug\libLEETC_SE1.a(wait.o)
 .text.WAIT_IRQ0_Init
                0x00001194       0x1c C:\Users\pedro\Desktop\LEECT\Semestre 5\SE1\Workplace\LEETC_SE1\Debug\libLEETC_SE1.a(wait.o)
 .text.WAIT_TIM1_Init
                0x000011b0       0xa0 C:\Users\pedro\Desktop\LEECT\Semestre 5\SE1\Workplace\LEETC_SE1\Debug\libLEETC_SE1.a(wait.o)
 .text.WAIT_IRQ1_Init
                0x00001250       0x1c C:\Users\pedro\Desktop\LEECT\Semestre 5\SE1\Workplace\LEETC_SE1\Debug\libLEETC_SE1.a(wait.o)
 *fill*         0x0000126c        0x4 ff
 .text.WAIT_TIM2_Init
                0x00001270       0xa0 C:\Users\pedro\Desktop\LEECT\Semestre 5\SE1\Workplace\LEETC_SE1\Debug\libLEETC_SE1.a(wait.o)
 .text.WAIT_IRQ2_Init
                0x00001310       0x1c C:\Users\pedro\Desktop\LEECT\Semestre 5\SE1\Workplace\LEETC_SE1\Debug\libLEETC_SE1.a(wait.o)
 *fill*         0x0000132c        0x4 ff
 .text.WAIT_TIM3_Init
                0x00001330       0xa0 C:\Users\pedro\Desktop\LEECT\Semestre 5\SE1\Workplace\LEETC_SE1\Debug\libLEETC_SE1.a(wait.o)
 .text.WAIT_IRQ3_Init
                0x000013d0       0x1c C:\Users\pedro\Desktop\LEECT\Semestre 5\SE1\Workplace\LEETC_SE1\Debug\libLEETC_SE1.a(wait.o)
 .text.WAIT_TIM0_Us
                0x000013ec       0x42 C:\Users\pedro\Desktop\LEECT\Semestre 5\SE1\Workplace\LEETC_SE1\Debug\libLEETC_SE1.a(wait.o)
                0x000013ec                WAIT_TIM0_Us
 *fill*         0x0000142e        0x2 ff
 .text.WAIT_TIM3_Us
                0x00001430       0x3c C:\Users\pedro\Desktop\LEECT\Semestre 5\SE1\Workplace\LEETC_SE1\Debug\libLEETC_SE1.a(wait.o)
                0x00001430                WAIT_TIM3_Us
 .text.SystemCoreClockUpdate
                0x0000146c       0xb8 C:\Users\pedro\Desktop\LEECT\Semestre 5\SE1\Workplace\CMSIS_CORE_LPC17xx\Debug\libCMSIS_CORE_LPC17xx.a(system_LPC17xx.o)
                0x0000146c                SystemCoreClockUpdate
 .text.SystemInit
                0x00001524       0xdc C:\Users\pedro\Desktop\LEECT\Semestre 5\SE1\Workplace\CMSIS_CORE_LPC17xx\Debug\libCMSIS_CORE_LPC17xx.a(system_LPC17xx.o)
                0x00001524                SystemInit
 .text.__main   0x00001600        0xe e:/nxp/mcuxpressoide_11.2.1_4149/ide/plugins/com.nxp.mcuxpresso.tools.win32_11.2.0.202008311134/tools/bin/../lib/gcc/arm-none-eabi/9.2.1/../../../../arm-none-eabi/lib/thumb/v7-m/nofp\libcr_semihost.a(_cr__main.o)
                0x00001600                __CR_SEMIHOST
                0x00001600                __main
 .text.fp_round
                0x0000160e       0x4c e:/nxp/mcuxpressoide_11.2.1_4149/ide/plugins/com.nxp.mcuxpresso.tools.win32_11.2.0.202008311134/tools/bin/../lib/gcc/arm-none-eabi/9.2.1/../../../../arm-none-eabi/lib/thumb/v7-m/nofp\libcr_c.a(fpprintf.o)
 .text.pr_dec.constprop.0
                0x0000165a       0x26 e:/nxp/mcuxpressoide_11.2.1_4149/ide/plugins/com.nxp.mcuxpresso.tools.win32_11.2.0.202008311134/tools/bin/../lib/gcc/arm-none-eabi/9.2.1/../../../../arm-none-eabi/lib/thumb/v7-m/nofp\libcr_c.a(fpprintf.o)
 .text.sprintf  0x00001680       0x6c e:/nxp/mcuxpressoide_11.2.1_4149/ide/plugins/com.nxp.mcuxpresso.tools.win32_11.2.0.202008311134/tools/bin/../lib/gcc/arm-none-eabi/9.2.1/../../../../arm-none-eabi/lib/thumb/v7-m/nofp\libcr_c.a(fpprintf.o)
                0x00001680                sprintf
 *fill*         0x000016ec        0x4 ff
 .text.fp_display
                0x000016f0      0x950 e:/nxp/mcuxpressoide_11.2.1_4149/ide/plugins/com.nxp.mcuxpresso.tools.win32_11.2.0.202008311134/tools/bin/../lib/gcc/arm-none-eabi/9.2.1/../../../../arm-none-eabi/lib/thumb/v7-m/nofp\libcr_c.a(fpprintf.o)
 .text.vsprintf
                0x00002040       0x5c e:/nxp/mcuxpressoide_11.2.1_4149/ide/plugins/com.nxp.mcuxpresso.tools.win32_11.2.0.202008311134/tools/bin/../lib/gcc/arm-none-eabi/9.2.1/../../../../arm-none-eabi/lib/thumb/v7-m/nofp\libcr_c.a(fpprintf.o)
                0x00002040                vsprintf
 .text.vsnprintf
                0x0000209c       0x68 e:/nxp/mcuxpressoide_11.2.1_4149/ide/plugins/com.nxp.mcuxpresso.tools.win32_11.2.0.202008311134/tools/bin/../lib/gcc/arm-none-eabi/9.2.1/../../../../arm-none-eabi/lib/thumb/v7-m/nofp\libcr_c.a(fpprintf.o)
                0x0000209c                vsnprintf
 .text.printf   0x00002104       0x54 e:/nxp/mcuxpressoide_11.2.1_4149/ide/plugins/com.nxp.mcuxpresso.tools.win32_11.2.0.202008311134/tools/bin/../lib/gcc/arm-none-eabi/9.2.1/../../../../arm-none-eabi/lib/thumb/v7-m/nofp\libcr_c.a(fpprintf.o)
                0x00002104                printf
 .text._initio  0x00002158       0x78 e:/nxp/mcuxpressoide_11.2.1_4149/ide/plugins/com.nxp.mcuxpresso.tools.win32_11.2.0.202008311134/tools/bin/../lib/gcc/arm-none-eabi/9.2.1/../../../../arm-none-eabi/lib/thumb/v7-m/nofp\libcr_c.a(initio.o)
                0x00002158                _initio
 .text.__vfprintf
                0x000021d0      0xce0 e:/nxp/mcuxpressoide_11.2.1_4149/ide/plugins/com.nxp.mcuxpresso.tools.win32_11.2.0.202008311134/tools/bin/../lib/gcc/arm-none-eabi/9.2.1/../../../../arm-none-eabi/lib/thumb/v7-m/nofp\libcr_c.a(printf.o)
                0x000021d0                __vfprintf
 .text.setvbuf  0x00002eb0       0x3e e:/nxp/mcuxpressoide_11.2.1_4149/ide/plugins/com.nxp.mcuxpresso.tools.win32_11.2.0.202008311134/tools/bin/../lib/gcc/arm-none-eabi/9.2.1/../../../../arm-none-eabi/lib/thumb/v7-m/nofp\libcr_c.a(setvbuf.o)
                0x00002eb0                setvbuf
 .text.strlen   0x00002eee       0x4c e:/nxp/mcuxpressoide_11.2.1_4149/ide/plugins/com.nxp.mcuxpresso.tools.win32_11.2.0.202008311134/tools/bin/../lib/gcc/arm-none-eabi/9.2.1/../../../../arm-none-eabi/lib/thumb/v7-m/nofp\libcr_c.a(strlen.o)
                0x00002eee                strlen
 *fill*         0x00002f3a        0x2 ff
 .text.localtime
                0x00002f3c       0xac e:/nxp/mcuxpressoide_11.2.1_4149/ide/plugins/com.nxp.mcuxpresso.tools.win32_11.2.0.202008311134/tools/bin/../lib/gcc/arm-none-eabi/9.2.1/../../../../arm-none-eabi/lib/thumb/v7-m/nofp\libcr_c.a(time.o)
                0x00002f3c                localtime
 .text.memset   0x00002fe8        0x4 e:/nxp/mcuxpressoide_11.2.1_4149/ide/plugins/com.nxp.mcuxpresso.tools.win32_11.2.0.202008311134/tools/bin/../lib/gcc/arm-none-eabi/9.2.1/../../../../arm-none-eabi/lib/thumb/v7-m/nofp\libcr_c.a(memset.o)
                0x00002fe8                memset
 .text._deferredlazyseek
                0x00002fec       0x40 e:/nxp/mcuxpressoide_11.2.1_4149/ide/plugins/com.nxp.mcuxpresso.tools.win32_11.2.0.202008311134/tools/bin/../lib/gcc/arm-none-eabi/9.2.1/../../../../arm-none-eabi/lib/thumb/v7-m/nofp\libcr_c.a(_deferredlazyseek.o)
                0x00002fec                _deferredlazyseek
 .text.__flsbuf
                0x0000302c      0x140 e:/nxp/mcuxpressoide_11.2.1_4149/ide/plugins/com.nxp.mcuxpresso.tools.win32_11.2.0.202008311134/tools/bin/../lib/gcc/arm-none-eabi/9.2.1/../../../../arm-none-eabi/lib/thumb/v7-m/nofp\libcr_c.a(_deferredlazyseek.o)
                0x0000302c                __flsbuf
 .text._fdopen  0x0000316c       0x68 e:/nxp/mcuxpressoide_11.2.1_4149/ide/plugins/com.nxp.mcuxpresso.tools.win32_11.2.0.202008311134/tools/bin/../lib/gcc/arm-none-eabi/9.2.1/../../../../arm-none-eabi/lib/thumb/v7-m/nofp\libcr_c.a(_fdopen.o)
                0x0000316c                _fdopen
 .text._fflush  0x000031d4       0x52 e:/nxp/mcuxpressoide_11.2.1_4149/ide/plugins/com.nxp.mcuxpresso.tools.win32_11.2.0.202008311134/tools/bin/../lib/gcc/arm-none-eabi/9.2.1/../../../../arm-none-eabi/lib/thumb/v7-m/nofp\libcr_c.a(_fflush.o)
                0x000031d4                _fflush
 .text._frexpl  0x00003226       0x56 e:/nxp/mcuxpressoide_11.2.1_4149/ide/plugins/com.nxp.mcuxpresso.tools.win32_11.2.0.202008311134/tools/bin/../lib/gcc/arm-none-eabi/9.2.1/../../../../arm-none-eabi/lib/thumb/v7-m/nofp\libcr_c.a(_frexpl.o)
                0x00003226                _frexpl
 .text._ldexpl  0x0000327c       0x48 e:/nxp/mcuxpressoide_11.2.1_4149/ide/plugins/com.nxp.mcuxpresso.tools.win32_11.2.0.202008311134/tools/bin/../lib/gcc/arm-none-eabi/9.2.1/../../../../arm-none-eabi/lib/thumb/v7-m/nofp\libcr_c.a(_ldexpl.o)
                0x0000327c                _ldexpl
 .text._Cwritebuf
                0x000032c4       0x6c e:/nxp/mcuxpressoide_11.2.1_4149/ide/plugins/com.nxp.mcuxpresso.tools.win32_11.2.0.202008311134/tools/bin/../lib/gcc/arm-none-eabi/9.2.1/../../../../arm-none-eabi/lib/thumb/v7-m/nofp\libcr_c.a(_writebuf.o)
                0x000032c4                _Cwritebuf
 .text.malloc   0x00003330       0xc8 e:/nxp/mcuxpressoide_11.2.1_4149/ide/plugins/com.nxp.mcuxpresso.tools.win32_11.2.0.202008311134/tools/bin/../lib/gcc/arm-none-eabi/9.2.1/../../../../arm-none-eabi/lib/thumb/v7-m/nofp\libcr_c.a(alloc.o)
                0x00003330                malloc
 .text.free     0x000033f8       0x30 e:/nxp/mcuxpressoide_11.2.1_4149/ide/plugins/com.nxp.mcuxpresso.tools.win32_11.2.0.202008311134/tools/bin/../lib/gcc/arm-none-eabi/9.2.1/../../../../arm-none-eabi/lib/thumb/v7-m/nofp\libcr_c.a(alloc.o)
                0x000033f8                free
 .text._Csys_alloc
                0x00003428       0x20 e:/nxp/mcuxpressoide_11.2.1_4149/ide/plugins/com.nxp.mcuxpresso.tools.win32_11.2.0.202008311134/tools/bin/../lib/gcc/arm-none-eabi/9.2.1/../../../../arm-none-eabi/lib/thumb/v7-m/nofp\libcr_c.a(alloc.o)
                0x00003428                _Csys_alloc
 .text.fclose   0x00003448       0x58 e:/nxp/mcuxpressoide_11.2.1_4149/ide/plugins/com.nxp.mcuxpresso.tools.win32_11.2.0.202008311134/tools/bin/../lib/gcc/arm-none-eabi/9.2.1/../../../../arm-none-eabi/lib/thumb/v7-m/nofp\libcr_c.a(fclose.o)
                0x00003448                fclose
 .text.fflush   0x000034a0       0x44 e:/nxp/mcuxpressoide_11.2.1_4149/ide/plugins/com.nxp.mcuxpresso.tools.win32_11.2.0.202008311134/tools/bin/../lib/gcc/arm-none-eabi/9.2.1/../../../../arm-none-eabi/lib/thumb/v7-m/nofp\libcr_c.a(fflush.o)
                0x000034a0                fflush
 .text.fseek    0x000034e4      0x100 e:/nxp/mcuxpressoide_11.2.1_4149/ide/plugins/com.nxp.mcuxpresso.tools.win32_11.2.0.202008311134/tools/bin/../lib/gcc/arm-none-eabi/9.2.1/../../../../arm-none-eabi/lib/thumb/v7-m/nofp\libcr_c.a(fseek.o)
                0x000034e4                fseek
 .text.ftell    0x000035e4       0x44 e:/nxp/mcuxpressoide_11.2.1_4149/ide/plugins/com.nxp.mcuxpresso.tools.win32_11.2.0.202008311134/tools/bin/../lib/gcc/arm-none-eabi/9.2.1/../../../../arm-none-eabi/lib/thumb/v7-m/nofp\libcr_c.a(ftell.o)
                0x000035e4                ftell
 .text.remove   0x00003628       0x14 e:/nxp/mcuxpressoide_11.2.1_4149/ide/plugins/com.nxp.mcuxpresso.tools.win32_11.2.0.202008311134/tools/bin/../lib/gcc/arm-none-eabi/9.2.1/../../../../arm-none-eabi/lib/thumb/v7-m/nofp\libcr_c.a(remove.o)
                0x00003628                remove
 .text._sbrk    0x0000363c       0x3c e:/nxp/mcuxpressoide_11.2.1_4149/ide/plugins/com.nxp.mcuxpresso.tools.win32_11.2.0.202008311134/tools/bin/../lib/gcc/arm-none-eabi/9.2.1/../../../../arm-none-eabi/lib/thumb/v7-m/nofp\libcr_c.a(_cr_sbrk.o)
                0x0000363c                _sbrk
 .text._do_fflush
                0x00003678       0x40 e:/nxp/mcuxpressoide_11.2.1_4149/ide/plugins/com.nxp.mcuxpresso.tools.win32_11.2.0.202008311134/tools/bin/../lib/gcc/arm-none-eabi/9.2.1/../../../../arm-none-eabi/lib/thumb/v7-m/nofp\libcr_c.a(_do_fflush.o)
                0x00003678                _do_fflush
 .text.__check_heap_overflow
                0x000036b8       0x14 e:/nxp/mcuxpressoide_11.2.1_4149/ide/plugins/com.nxp.mcuxpresso.tools.win32_11.2.0.202008311134/tools/bin/../lib/gcc/arm-none-eabi/9.2.1/../../../../arm-none-eabi/lib/thumb/v7-m/nofp\libcr_c.a(_cr_check_heap.o)
                0x000036b8                __check_heap_overflow
 .text.__aeabi_division_uldivmod
                0x000036cc      0x174 e:/nxp/mcuxpressoide_11.2.1_4149/ide/plugins/com.nxp.mcuxpresso.tools.win32_11.2.0.202008311134/tools/bin/../lib/gcc/arm-none-eabi/9.2.1/thumb/v7-m/nofp\libcr_eabihelpers.a(division_64.o)
                0x000036cc                __aeabi_uldivmod
                0x000036d0                __bhs_ldivmod1
 .text.__aeabi_division_idiv0
                0x00003840        0x2 e:/nxp/mcuxpressoide_11.2.1_4149/ide/plugins/com.nxp.mcuxpresso.tools.win32_11.2.0.202008311134/tools/bin/../lib/gcc/arm-none-eabi/9.2.1/thumb/v7-m/nofp\libcr_eabihelpers.a(division_idiv0.o)
                0x00003840                __aeabi_idiv0
 *fill*         0x00003842        0x2 ff
 .text.__aeabi_dmul
                0x00003844      0x114 e:/nxp/mcuxpressoide_11.2.1_4149/ide/plugins/com.nxp.mcuxpresso.tools.win32_11.2.0.202008311134/tools/bin/../lib/gcc/arm-none-eabi/9.2.1/thumb/v7-m/nofp\libcr_eabihelpers.a(double.o)
                0x00003844                __aeabi_dmul
 .text.__aeabi_ddiv
                0x00003958      0x144 e:/nxp/mcuxpressoide_11.2.1_4149/ide/plugins/com.nxp.mcuxpresso.tools.win32_11.2.0.202008311134/tools/bin/../lib/gcc/arm-none-eabi/9.2.1/thumb/v7-m/nofp\libcr_eabihelpers.a(double.o)
                0x00003958                __aeabi_ddiv
 .text.__aeabi_dsub
                0x00003a9c      0x1a8 e:/nxp/mcuxpressoide_11.2.1_4149/ide/plugins/com.nxp.mcuxpresso.tools.win32_11.2.0.202008311134/tools/bin/../lib/gcc/arm-none-eabi/9.2.1/thumb/v7-m/nofp\libcr_eabihelpers.a(double.o)
                0x00003a9c                __aeabi_dsub
 .text.__aeabi_dadd
                0x00003c44      0x110 e:/nxp/mcuxpressoide_11.2.1_4149/ide/plugins/com.nxp.mcuxpresso.tools.win32_11.2.0.202008311134/tools/bin/../lib/gcc/arm-none-eabi/9.2.1/thumb/v7-m/nofp\libcr_eabihelpers.a(double.o)
                0x00003c44                __aeabi_dadd
 .text.__aeabi_d2iz
                0x00003d54       0x42 e:/nxp/mcuxpressoide_11.2.1_4149/ide/plugins/com.nxp.mcuxpresso.tools.win32_11.2.0.202008311134/tools/bin/../lib/gcc/arm-none-eabi/9.2.1/thumb/v7-m/nofp\libcr_eabihelpers.a(double.o)
                0x00003d54                __aeabi_d2iz
 .text.__aeabi_d2uiz
                0x00003d96       0x32 e:/nxp/mcuxpressoide_11.2.1_4149/ide/plugins/com.nxp.mcuxpresso.tools.win32_11.2.0.202008311134/tools/bin/../lib/gcc/arm-none-eabi/9.2.1/thumb/v7-m/nofp\libcr_eabihelpers.a(double.o)
                0x00003d96                __aeabi_d2uiz
 .text.__bhs_ui2d
                0x00003dc8       0x46 e:/nxp/mcuxpressoide_11.2.1_4149/ide/plugins/com.nxp.mcuxpresso.tools.win32_11.2.0.202008311134/tools/bin/../lib/gcc/arm-none-eabi/9.2.1/thumb/v7-m/nofp\libcr_eabihelpers.a(double.o)
                0x00003dc8                __bhs_ui2d
 .text.__aeabi_i2d
                0x00003e0e       0x12 e:/nxp/mcuxpressoide_11.2.1_4149/ide/plugins/com.nxp.mcuxpresso.tools.win32_11.2.0.202008311134/tools/bin/../lib/gcc/arm-none-eabi/9.2.1/thumb/v7-m/nofp\libcr_eabihelpers.a(double.o)
                0x00003e0e                __aeabi_i2d
 .text.__aeabi_ui2d
                0x00003e20        0x8 e:/nxp/mcuxpressoide_11.2.1_4149/ide/plugins/com.nxp.mcuxpresso.tools.win32_11.2.0.202008311134/tools/bin/../lib/gcc/arm-none-eabi/9.2.1/thumb/v7-m/nofp\libcr_eabihelpers.a(double.o)
                0x00003e20                __aeabi_ui2d
 .text.__aeabi_dcmpeq
                0x00003e28       0x3c e:/nxp/mcuxpressoide_11.2.1_4149/ide/plugins/com.nxp.mcuxpresso.tools.win32_11.2.0.202008311134/tools/bin/../lib/gcc/arm-none-eabi/9.2.1/thumb/v7-m/nofp\libcr_eabihelpers.a(double.o)
                0x00003e28                __aeabi_dcmpeq
 .text.__aeabi_dcmplt
                0x00003e64       0x58 e:/nxp/mcuxpressoide_11.2.1_4149/ide/plugins/com.nxp.mcuxpresso.tools.win32_11.2.0.202008311134/tools/bin/../lib/gcc/arm-none-eabi/9.2.1/thumb/v7-m/nofp\libcr_eabihelpers.a(double.o)
                0x00003e64                __aeabi_dcmplt
 .text.__aeabi_dcmple
                0x00003ebc       0x62 e:/nxp/mcuxpressoide_11.2.1_4149/ide/plugins/com.nxp.mcuxpresso.tools.win32_11.2.0.202008311134/tools/bin/../lib/gcc/arm-none-eabi/9.2.1/thumb/v7-m/nofp\libcr_eabihelpers.a(double.o)
                0x00003ebc                __aeabi_dcmple
 .text.__aeabi_dcmpge
                0x00003f1e       0x68 e:/nxp/mcuxpressoide_11.2.1_4149/ide/plugins/com.nxp.mcuxpresso.tools.win32_11.2.0.202008311134/tools/bin/../lib/gcc/arm-none-eabi/9.2.1/thumb/v7-m/nofp\libcr_eabihelpers.a(double.o)
                0x00003f1e                __aeabi_dcmpge
 .text.__aeabi_memset_lowlevel
                0x00003f86       0x32 e:/nxp/mcuxpressoide_11.2.1_4149/ide/plugins/com.nxp.mcuxpresso.tools.win32_11.2.0.202008311134/tools/bin/../lib/gcc/arm-none-eabi/9.2.1/thumb/v7-m/nofp\libcr_eabihelpers.a(memcpy.o)
                0x00003f86                __aeabi_lowlevel_memset
 .text.__sys_appexit
                0x00003fb8        0xc e:/nxp/mcuxpressoide_11.2.1_4149/ide/plugins/com.nxp.mcuxpresso.tools.win32_11.2.0.202008311134/tools/bin/../lib/gcc/arm-none-eabi/9.2.1/../../../../arm-none-eabi/lib/thumb/v7-m/nofp\libcr_semihost.a(__sys_appexit.o)
                0x00003fb8                __sys_appexit
                0x00003fb8                __exit
 .text.__sys_close
                0x00003fc4        0xc e:/nxp/mcuxpressoide_11.2.1_4149/ide/plugins/com.nxp.mcuxpresso.tools.win32_11.2.0.202008311134/tools/bin/../lib/gcc/arm-none-eabi/9.2.1/../../../../arm-none-eabi/lib/thumb/v7-m/nofp\libcr_semihost.a(__sys_close.o)
                0x00003fc4                __sys_close
 .text.__sys_flen
                0x00003fd0        0xc e:/nxp/mcuxpressoide_11.2.1_4149/ide/plugins/com.nxp.mcuxpresso.tools.win32_11.2.0.202008311134/tools/bin/../lib/gcc/arm-none-eabi/9.2.1/../../../../arm-none-eabi/lib/thumb/v7-m/nofp\libcr_semihost.a(__sys_flen.o)
                0x00003fd0                __sys_flen
 .text.__sys_istty
                0x00003fdc        0xc e:/nxp/mcuxpressoide_11.2.1_4149/ide/plugins/com.nxp.mcuxpresso.tools.win32_11.2.0.202008311134/tools/bin/../lib/gcc/arm-none-eabi/9.2.1/../../../../arm-none-eabi/lib/thumb/v7-m/nofp\libcr_semihost.a(__sys_istty.o)
                0x00003fdc                __sys_istty
 .text.__sys_remove
                0x00003fe8        0xc e:/nxp/mcuxpressoide_11.2.1_4149/ide/plugins/com.nxp.mcuxpresso.tools.win32_11.2.0.202008311134/tools/bin/../lib/gcc/arm-none-eabi/9.2.1/../../../../arm-none-eabi/lib/thumb/v7-m/nofp\libcr_semihost.a(__sys_remove.o)
                0x00003fe8                __sys_remove
 .text.__sys_seek
                0x00003ff4        0xc e:/nxp/mcuxpressoide_11.2.1_4149/ide/plugins/com.nxp.mcuxpresso.tools.win32_11.2.0.202008311134/tools/bin/../lib/gcc/arm-none-eabi/9.2.1/../../../../arm-none-eabi/lib/thumb/v7-m/nofp\libcr_semihost.a(__sys_seek.o)
                0x00003ff4                __sys_seek
 .text.__sys_tmpnam
                0x00004000        0xc e:/nxp/mcuxpressoide_11.2.1_4149/ide/plugins/com.nxp.mcuxpresso.tools.win32_11.2.0.202008311134/tools/bin/../lib/gcc/arm-none-eabi/9.2.1/../../../../arm-none-eabi/lib/thumb/v7-m/nofp\libcr_semihost.a(__sys_tmpnam.o)
                0x00004000                __sys_tmpnam
 .text.__sys_write
                0x0000400c        0xc e:/nxp/mcuxpressoide_11.2.1_4149/ide/plugins/com.nxp.mcuxpresso.tools.win32_11.2.0.202008311134/tools/bin/../lib/gcc/arm-none-eabi/9.2.1/../../../../arm-none-eabi/lib/thumb/v7-m/nofp\libcr_semihost.a(__sys_write.o)
                0x0000400c                __sys_write
 *(.rodata .rodata.* .constdata .constdata.*)
 .rodata.main.str1.4
                0x00004018       0x5f ./src/LAB6v1.o
 .rodata.fp_display.str1.1
                0x00004077       0x34 e:/nxp/mcuxpressoide_11.2.1_4149/ide/plugins/com.nxp.mcuxpresso.tools.win32_11.2.0.202008311134/tools/bin/../lib/gcc/arm-none-eabi/9.2.1/../../../../arm-none-eabi/lib/thumb/v7-m/nofp\libcr_c.a(fpprintf.o)
                                 0x35 (size before relaxing)
 .rodata._initio.str1.1
                0x000040ab        0x4 e:/nxp/mcuxpressoide_11.2.1_4149/ide/plugins/com.nxp.mcuxpresso.tools.win32_11.2.0.202008311134/tools/bin/../lib/gcc/arm-none-eabi/9.2.1/../../../../arm-none-eabi/lib/thumb/v7-m/nofp\libcr_c.a(initio.o)
 .rodata.__vfprintf.str1.1
                0x000040af       0x31 e:/nxp/mcuxpressoide_11.2.1_4149/ide/plugins/com.nxp.mcuxpresso.tools.win32_11.2.0.202008311134/tools/bin/../lib/gcc/arm-none-eabi/9.2.1/../../../../arm-none-eabi/lib/thumb/v7-m/nofp\libcr_c.a(printf.o)
                                 0x38 (size before relaxing)
 .rodata.monlen
                0x000040e0       0x34 e:/nxp/mcuxpressoide_11.2.1_4149/ide/plugins/com.nxp.mcuxpresso.tools.win32_11.2.0.202008311134/tools/bin/../lib/gcc/arm-none-eabi/9.2.1/../../../../arm-none-eabi/lib/thumb/v7-m/nofp\libcr_c.a(time.o)
 .rodata._Csys_alloc.str1.1
                0x00004114       0x18 e:/nxp/mcuxpressoide_11.2.1_4149/ide/plugins/com.nxp.mcuxpresso.tools.win32_11.2.0.202008311134/tools/bin/../lib/gcc/arm-none-eabi/9.2.1/../../../../arm-none-eabi/lib/thumb/v7-m/nofp\libcr_c.a(alloc.o)
 .rodata.__num_Ciob_streams
                0x0000412c        0x4 e:/nxp/mcuxpressoide_11.2.1_4149/ide/plugins/com.nxp.mcuxpresso.tools.win32_11.2.0.202008311134/tools/bin/../lib/gcc/arm-none-eabi/9.2.1/../../../../arm-none-eabi/lib/thumb/v7-m/nofp\libcr_semihost.a(__ciob.o)
                0x0000412c                __num_Ciob_streams
                0x00004130                . = ALIGN (0x4)

.glue_7         0x00004130        0x0
 .glue_7        0x00004130        0x0 linker stubs

.glue_7t        0x00004130        0x0
 .glue_7t       0x00004130        0x0 linker stubs

.vfp11_veneer   0x00004130        0x0
 .vfp11_veneer  0x00004130        0x0 linker stubs

.v4_bx          0x00004130        0x0
 .v4_bx         0x00004130        0x0 linker stubs

.iplt           0x00004130        0x0
 .iplt          0x00004130        0x0 ./src/LAB6v1.o

.rel.dyn        0x00004130        0x0
 .rel.iplt      0x00004130        0x0 ./src/LAB6v1.o

.ARM.extab
 *(.ARM.extab* .gnu.linkonce.armextab.*)

.ARM.exidx      0x00004130        0x0
                0x00004130                __exidx_start = .
 *(.ARM.exidx* .gnu.linkonce.armexidx.*)
                0x00004130                __exidx_end = .
                0x00004130                _etext = .

.data_RAM2      0x2007c000        0x0 load address 0x00004130
 FILL mask 0xff
                [!provide]                PROVIDE (__start_data_RAM2 = .)
                [!provide]                PROVIDE (__start_data_RamAHB32 = .)
 *(.ramfunc.$RAM2)
 *(.ramfunc.$RamAHB32)
 *(.data.$RAM2)
 *(.data.$RamAHB32)
 *(.data.$RAM2.*)
 *(.data.$RamAHB32.*)
                0x2007c000                . = ALIGN (0x4)
                [!provide]                PROVIDE (__end_data_RAM2 = .)
                [!provide]                PROVIDE (__end_data_RamAHB32 = .)

.uninit_RESERVED
                0x10000000        0x0
                0x10000000                _start_uninit_RESERVED = .
 *(.bss.$RESERVED*)
                0x10000000                . = ALIGN (0x4)
                0x10000000                _end_uninit_RESERVED = .

.data           0x10000000        0x4 load address 0x00004130
 FILL mask 0xff
                0x10000000                _data = .
                [!provide]                PROVIDE (__start_data_RAM = .)
                [!provide]                PROVIDE (__start_data_RamLoc32 = .)
 *(vtable)
 *(.ramfunc*)
 *(CodeQuickAccess)
 *(DataQuickAccess)
 *(RamFunction)
 *(.data*)
 .data.SystemCoreClock
                0x10000000        0x4 C:\Users\pedro\Desktop\LEECT\Semestre 5\SE1\Workplace\CMSIS_CORE_LPC17xx\Debug\libCMSIS_CORE_LPC17xx.a(system_LPC17xx.o)
                0x10000000                SystemCoreClock
                0x10000004                . = ALIGN (0x4)
                0x10000004                _edata = .
                [!provide]                PROVIDE (__end_data_RAM = .)
                [!provide]                PROVIDE (__end_data_RamLoc32 = .)

.igot.plt       0x10000004        0x0 load address 0x00004134
 .igot.plt      0x10000004        0x0 ./src/LAB6v1.o

.bss_RAM2       0x2007c000        0x0
                [!provide]                PROVIDE (__start_bss_RAM2 = .)
                [!provide]                PROVIDE (__start_bss_RamAHB32 = .)
 *(.bss.$RAM2)
 *(.bss.$RamAHB32)
 *(.bss.$RAM2.*)
 *(.bss.$RamAHB32.*)
                0x2007c000                . = ALIGN ((. != 0x0)?0x4:0x1)
                [!provide]                PROVIDE (__end_bss_RAM2 = .)
                [!provide]                PROVIDE (__end_bss_RamAHB32 = .)

.bss            0x10000004      0x32c
                0x10000004                _bss = .
                [!provide]                PROVIDE (__start_bss_RAM = .)
                [!provide]                PROVIDE (__start_bss_RamLoc32 = .)
 *(.bss*)
 .bss.txBuffer  0x10000004       0x72 C:\Users\pedro\Desktop\LEECT\Semestre 5\SE1\Workplace\LEETC_SE1\Debug\libLEETC_SE1.a(adxl.o)
 *fill*         0x10000076        0x2 
 .bss.rxBuffer  0x10000078       0x72 C:\Users\pedro\Desktop\LEECT\Semestre 5\SE1\Workplace\LEETC_SE1\Debug\libLEETC_SE1.a(adxl.o)
 *fill*         0x100000ea        0x2 
 .bss.previous_state
                0x100000ec        0x4 C:\Users\pedro\Desktop\LEECT\Semestre 5\SE1\Workplace\LEETC_SE1\Debug\libLEETC_SE1.a(button.o)
 .bss.h         0x100000f0        0x4 C:\Users\pedro\Desktop\LEECT\Semestre 5\SE1\Workplace\LEETC_SE1\Debug\libLEETC_SE1.a(rtc.o)
 .bss.__ms      0x100000f4        0x4 C:\Users\pedro\Desktop\LEECT\Semestre 5\SE1\Workplace\LEETC_SE1\Debug\libLEETC_SE1.a(wait.o)
 .bss.busy      0x100000f8       0x14 C:\Users\pedro\Desktop\LEECT\Semestre 5\SE1\Workplace\LEETC_SE1\Debug\libLEETC_SE1.a(wait.o)
 .bss.busyTim0  0x1000010c        0x1 C:\Users\pedro\Desktop\LEECT\Semestre 5\SE1\Workplace\LEETC_SE1\Debug\libLEETC_SE1.a(wait.o)
 .bss.busyTim1  0x1000010d        0x1 C:\Users\pedro\Desktop\LEECT\Semestre 5\SE1\Workplace\LEETC_SE1\Debug\libLEETC_SE1.a(wait.o)
 .bss.busyTim2  0x1000010e        0x1 C:\Users\pedro\Desktop\LEECT\Semestre 5\SE1\Workplace\LEETC_SE1\Debug\libLEETC_SE1.a(wait.o)
 .bss.busyTim3  0x1000010f        0x1 C:\Users\pedro\Desktop\LEECT\Semestre 5\SE1\Workplace\LEETC_SE1\Debug\libLEETC_SE1.a(wait.o)
 .bss.h0        0x10000110        0x4 C:\Users\pedro\Desktop\LEECT\Semestre 5\SE1\Workplace\LEETC_SE1\Debug\libLEETC_SE1.a(wait.o)
 .bss.h1        0x10000114        0x4 C:\Users\pedro\Desktop\LEECT\Semestre 5\SE1\Workplace\LEETC_SE1\Debug\libLEETC_SE1.a(wait.o)
 .bss.h2        0x10000118        0x4 C:\Users\pedro\Desktop\LEECT\Semestre 5\SE1\Workplace\LEETC_SE1\Debug\libLEETC_SE1.a(wait.o)
 .bss.h3        0x1000011c        0x4 C:\Users\pedro\Desktop\LEECT\Semestre 5\SE1\Workplace\LEETC_SE1\Debug\libLEETC_SE1.a(wait.o)
 .bss._tms.4139
                0x10000120       0x24 e:/nxp/mcuxpressoide_11.2.1_4149/ide/plugins/com.nxp.mcuxpresso.tools.win32_11.2.0.202008311134/tools/bin/../lib/gcc/arm-none-eabi/9.2.1/../../../../arm-none-eabi/lib/thumb/v7-m/nofp\libcr_c.a(time.o)
 .bss.errno     0x10000144        0x4 e:/nxp/mcuxpressoide_11.2.1_4149/ide/plugins/com.nxp.mcuxpresso.tools.win32_11.2.0.202008311134/tools/bin/../lib/gcc/arm-none-eabi/9.2.1/../../../../arm-none-eabi/lib/thumb/v7-m/nofp\libcr_c.a(errno.o)
                0x10000144                errno
 .bss.__end_of_heap
                0x10000148        0x4 e:/nxp/mcuxpressoide_11.2.1_4149/ide/plugins/com.nxp.mcuxpresso.tools.win32_11.2.0.202008311134/tools/bin/../lib/gcc/arm-none-eabi/9.2.1/../../../../arm-none-eabi/lib/thumb/v7-m/nofp\libcr_c.a(__init_alloc.o)
                0x10000148                __end_of_heap
 .bss.__heaps   0x1000014c        0x4 e:/nxp/mcuxpressoide_11.2.1_4149/ide/plugins/com.nxp.mcuxpresso.tools.win32_11.2.0.202008311134/tools/bin/../lib/gcc/arm-none-eabi/9.2.1/../../../../arm-none-eabi/lib/thumb/v7-m/nofp\libcr_c.a(__init_alloc.o)
                0x1000014c                __heaps
 .bss.__Ciob    0x10000150      0x1e0 e:/nxp/mcuxpressoide_11.2.1_4149/ide/plugins/com.nxp.mcuxpresso.tools.win32_11.2.0.202008311134/tools/bin/../lib/gcc/arm-none-eabi/9.2.1/../../../../arm-none-eabi/lib/thumb/v7-m/nofp\libcr_semihost.a(__ciob.o)
                0x10000150                __Ciob
 *(COMMON)
                0x10000330                . = ALIGN (0x4)
                0x10000330                _ebss = .
                [!provide]                PROVIDE (__end_bss_RAM = .)
                [!provide]                PROVIDE (__end_bss_RamLoc32 = .)
                [!provide]                PROVIDE (end = .)

.noinit_RAM2    0x2007c000        0x0
                [!provide]                PROVIDE (__start_noinit_RAM2 = .)
                [!provide]                PROVIDE (__start_noinit_RamAHB32 = .)
 *(.noinit.$RAM2)
 *(.noinit.$RamAHB32)
 *(.noinit.$RAM2.*)
 *(.noinit.$RamAHB32.*)
                0x2007c000                . = ALIGN (0x4)
                [!provide]                PROVIDE (__end_noinit_RAM2 = .)
                [!provide]                PROVIDE (__end_noinit_RamAHB32 = .)

.noinit         0x10000330        0x0
                0x10000330                _noinit = .
                [!provide]                PROVIDE (__start_noinit_RAM = .)
                [!provide]                PROVIDE (__start_noinit_RamLoc32 = .)
 *(.noinit*)
                0x10000330                . = ALIGN (0x4)
                0x10000330                _end_noinit = .
                [!provide]                PROVIDE (__end_noinit_RAM = .)
                [!provide]                PROVIDE (__end_noinit_RamLoc32 = .)
                0x10000330                PROVIDE (_pvHeapStart = DEFINED (__user_heap_base)?__user_heap_base:.)
                0x10008000                PROVIDE (_vStackTop = DEFINED (__user_stack_top)?__user_stack_top:(__top_RamLoc32 - 0x0))
                0xefff74c6                PROVIDE (__valid_user_code_checksum = (0x0 - ((((((_vStackTop + (ResetISR + 0x1)) + (NMI_Handler + 0x1)) + (HardFault_Handler + 0x1)) + (DEFINED (MemManage_Handler)?MemManage_Handler:0x0 + 0x1)) + (DEFINED (BusFault_Handler)?BusFault_Handler:0x0 + 0x1)) + (DEFINED (UsageFault_Handler)?UsageFault_Handler:0x0 + 0x1))))
                0x00000000                _image_start = LOADADDR (.text)
                0x00004134                _image_end = (LOADADDR (.data) + SIZEOF (.data))
                0x00004134                _image_size = (_image_end - _image_start)
OUTPUT(LAB6v1.axf elf32-littlearm)

.debug_info     0x00000000     0x40c6
 .debug_info    0x00000000      0x2af ./src/LAB6v1.o
 .debug_info    0x000002af      0x272 ./src/cr_startup_lpc175x_6x.o
 .debug_info    0x00000521       0x40 ./src/crp.o
 .debug_info    0x00000561      0x82d C:\Users\pedro\Desktop\LEECT\Semestre 5\SE1\Workplace\LEETC_SE1\Debug\libLEETC_SE1.a(adxl.o)
 .debug_info    0x00000d8e      0x509 C:\Users\pedro\Desktop\LEECT\Semestre 5\SE1\Workplace\LEETC_SE1\Debug\libLEETC_SE1.a(button.o)
 .debug_info    0x00001297      0x819 C:\Users\pedro\Desktop\LEECT\Semestre 5\SE1\Workplace\LEETC_SE1\Debug\libLEETC_SE1.a(lcd.o)
 .debug_info    0x00001ab0      0xd48 C:\Users\pedro\Desktop\LEECT\Semestre 5\SE1\Workplace\LEETC_SE1\Debug\libLEETC_SE1.a(rtc.o)
 .debug_info    0x000027f8      0x68b C:\Users\pedro\Desktop\LEECT\Semestre 5\SE1\Workplace\LEETC_SE1\Debug\libLEETC_SE1.a(spi.o)
 .debug_info    0x00002e83      0xec6 C:\Users\pedro\Desktop\LEECT\Semestre 5\SE1\Workplace\LEETC_SE1\Debug\libLEETC_SE1.a(wait.o)
 .debug_info    0x00003d49      0x37d C:\Users\pedro\Desktop\LEECT\Semestre 5\SE1\Workplace\CMSIS_CORE_LPC17xx\Debug\libCMSIS_CORE_LPC17xx.a(system_LPC17xx.o)

.debug_abbrev   0x00000000     0x10ec
 .debug_abbrev  0x00000000      0x10d ./src/LAB6v1.o
 .debug_abbrev  0x0000010d      0x117 ./src/cr_startup_lpc175x_6x.o
 .debug_abbrev  0x00000224       0x38 ./src/crp.o
 .debug_abbrev  0x0000025c      0x1bb C:\Users\pedro\Desktop\LEECT\Semestre 5\SE1\Workplace\LEETC_SE1\Debug\libLEETC_SE1.a(adxl.o)
 .debug_abbrev  0x00000417      0x1a6 C:\Users\pedro\Desktop\LEECT\Semestre 5\SE1\Workplace\LEETC_SE1\Debug\libLEETC_SE1.a(button.o)
 .debug_abbrev  0x000005bd      0x1fc C:\Users\pedro\Desktop\LEECT\Semestre 5\SE1\Workplace\LEETC_SE1\Debug\libLEETC_SE1.a(lcd.o)
 .debug_abbrev  0x000007b9      0x2e9 C:\Users\pedro\Desktop\LEECT\Semestre 5\SE1\Workplace\LEETC_SE1\Debug\libLEETC_SE1.a(rtc.o)
 .debug_abbrev  0x00000aa2      0x1df C:\Users\pedro\Desktop\LEECT\Semestre 5\SE1\Workplace\LEETC_SE1\Debug\libLEETC_SE1.a(spi.o)
 .debug_abbrev  0x00000c81      0x34f C:\Users\pedro\Desktop\LEECT\Semestre 5\SE1\Workplace\LEETC_SE1\Debug\libLEETC_SE1.a(wait.o)
 .debug_abbrev  0x00000fd0      0x11c C:\Users\pedro\Desktop\LEECT\Semestre 5\SE1\Workplace\CMSIS_CORE_LPC17xx\Debug\libCMSIS_CORE_LPC17xx.a(system_LPC17xx.o)

.debug_aranges  0x00000000      0x3a0
 .debug_aranges
                0x00000000       0x20 ./src/LAB6v1.o
 .debug_aranges
                0x00000020       0x80 ./src/cr_startup_lpc175x_6x.o
 .debug_aranges
                0x000000a0       0x18 ./src/crp.o
 .debug_aranges
                0x000000b8       0x48 C:\Users\pedro\Desktop\LEECT\Semestre 5\SE1\Workplace\LEETC_SE1\Debug\libLEETC_SE1.a(adxl.o)
 .debug_aranges
                0x00000100       0x40 C:\Users\pedro\Desktop\LEECT\Semestre 5\SE1\Workplace\LEETC_SE1\Debug\libLEETC_SE1.a(button.o)
 .debug_aranges
                0x00000140       0x78 C:\Users\pedro\Desktop\LEECT\Semestre 5\SE1\Workplace\LEETC_SE1\Debug\libLEETC_SE1.a(lcd.o)
 .debug_aranges
                0x000001b8       0x78 C:\Users\pedro\Desktop\LEECT\Semestre 5\SE1\Workplace\LEETC_SE1\Debug\libLEETC_SE1.a(rtc.o)
 .debug_aranges
                0x00000230       0x40 C:\Users\pedro\Desktop\LEECT\Semestre 5\SE1\Workplace\LEETC_SE1\Debug\libLEETC_SE1.a(spi.o)
 .debug_aranges
                0x00000270      0x108 C:\Users\pedro\Desktop\LEECT\Semestre 5\SE1\Workplace\LEETC_SE1\Debug\libLEETC_SE1.a(wait.o)
 .debug_aranges
                0x00000378       0x28 C:\Users\pedro\Desktop\LEECT\Semestre 5\SE1\Workplace\CMSIS_CORE_LPC17xx\Debug\libCMSIS_CORE_LPC17xx.a(system_LPC17xx.o)

.debug_ranges   0x00000000      0x2f8
 .debug_ranges  0x00000000       0x10 ./src/LAB6v1.o
 .debug_ranges  0x00000010       0x70 ./src/cr_startup_lpc175x_6x.o
 .debug_ranges  0x00000080       0x38 C:\Users\pedro\Desktop\LEECT\Semestre 5\SE1\Workplace\LEETC_SE1\Debug\libLEETC_SE1.a(adxl.o)
 .debug_ranges  0x000000b8       0x30 C:\Users\pedro\Desktop\LEECT\Semestre 5\SE1\Workplace\LEETC_SE1\Debug\libLEETC_SE1.a(button.o)
 .debug_ranges  0x000000e8       0x68 C:\Users\pedro\Desktop\LEECT\Semestre 5\SE1\Workplace\LEETC_SE1\Debug\libLEETC_SE1.a(lcd.o)
 .debug_ranges  0x00000150       0x68 C:\Users\pedro\Desktop\LEECT\Semestre 5\SE1\Workplace\LEETC_SE1\Debug\libLEETC_SE1.a(rtc.o)
 .debug_ranges  0x000001b8       0x30 C:\Users\pedro\Desktop\LEECT\Semestre 5\SE1\Workplace\LEETC_SE1\Debug\libLEETC_SE1.a(spi.o)
 .debug_ranges  0x000001e8       0xf8 C:\Users\pedro\Desktop\LEECT\Semestre 5\SE1\Workplace\LEETC_SE1\Debug\libLEETC_SE1.a(wait.o)
 .debug_ranges  0x000002e0       0x18 C:\Users\pedro\Desktop\LEECT\Semestre 5\SE1\Workplace\CMSIS_CORE_LPC17xx\Debug\libCMSIS_CORE_LPC17xx.a(system_LPC17xx.o)

.debug_macro    0x00000000     0x4029
 .debug_macro   0x00000000      0x145 ./src/LAB6v1.o
 .debug_macro   0x00000145      0xaae ./src/LAB6v1.o
 .debug_macro   0x00000bf3       0x1c ./src/LAB6v1.o
 .debug_macro   0x00000c0f       0x3a ./src/LAB6v1.o
 .debug_macro   0x00000c49       0x10 ./src/LAB6v1.o
 .debug_macro   0x00000c59      0x12e ./src/LAB6v1.o
 .debug_macro   0x00000d87      0x5b3 ./src/LAB6v1.o
 .debug_macro   0x0000133a       0x2d ./src/LAB6v1.o
 .debug_macro   0x00001367      0xbb1 ./src/LAB6v1.o
 .debug_macro   0x00001f18      0x2c7 ./src/LAB6v1.o
 .debug_macro   0x000021df       0x82 ./src/LAB6v1.o
 .debug_macro   0x00002261       0xa0 ./src/LAB6v1.o
 .debug_macro   0x00002301       0x22 ./src/LAB6v1.o
 .debug_macro   0x00002323       0x22 ./src/LAB6v1.o
 .debug_macro   0x00002345       0x1c ./src/LAB6v1.o
 .debug_macro   0x00002361       0x10 ./src/LAB6v1.o
 .debug_macro   0x00002371       0x1c ./src/LAB6v1.o
 .debug_macro   0x0000238d       0x34 ./src/LAB6v1.o
 .debug_macro   0x000023c1       0x10 ./src/LAB6v1.o
 .debug_macro   0x000023d1       0x16 ./src/LAB6v1.o
 .debug_macro   0x000023e7       0x1c ./src/LAB6v1.o
 .debug_macro   0x00002403       0x2e ./src/LAB6v1.o
 .debug_macro   0x00002431       0x34 ./src/LAB6v1.o
 .debug_macro   0x00002465       0x1d ./src/cr_startup_lpc175x_6x.o
 .debug_macro   0x00002482       0x1a ./src/crp.o
 .debug_macro   0x0000249c       0x34 ./src/crp.o
 .debug_macro   0x000024d0       0xb2 C:\Users\pedro\Desktop\LEECT\Semestre 5\SE1\Workplace\LEETC_SE1\Debug\libLEETC_SE1.a(adxl.o)
 .debug_macro   0x00002582      0xaae C:\Users\pedro\Desktop\LEECT\Semestre 5\SE1\Workplace\LEETC_SE1\Debug\libLEETC_SE1.a(adxl.o)
 .debug_macro   0x00003030       0x28 C:\Users\pedro\Desktop\LEECT\Semestre 5\SE1\Workplace\LEETC_SE1\Debug\libLEETC_SE1.a(adxl.o)
 .debug_macro   0x00003058       0xa0 C:\Users\pedro\Desktop\LEECT\Semestre 5\SE1\Workplace\LEETC_SE1\Debug\libLEETC_SE1.a(button.o)
 .debug_macro   0x000030f8       0xb5 C:\Users\pedro\Desktop\LEECT\Semestre 5\SE1\Workplace\LEETC_SE1\Debug\libLEETC_SE1.a(lcd.o)
 .debug_macro   0x000031ad       0x22 C:\Users\pedro\Desktop\LEECT\Semestre 5\SE1\Workplace\LEETC_SE1\Debug\libLEETC_SE1.a(lcd.o)
 .debug_macro   0x000031cf       0xb5 C:\Users\pedro\Desktop\LEECT\Semestre 5\SE1\Workplace\LEETC_SE1\Debug\libLEETC_SE1.a(rtc.o)
 .debug_macro   0x00003284       0x10 C:\Users\pedro\Desktop\LEECT\Semestre 5\SE1\Workplace\LEETC_SE1\Debug\libLEETC_SE1.a(rtc.o)
 .debug_macro   0x00003294       0x9a C:\Users\pedro\Desktop\LEECT\Semestre 5\SE1\Workplace\LEETC_SE1\Debug\libLEETC_SE1.a(rtc.o)
 .debug_macro   0x0000332e       0x90 C:\Users\pedro\Desktop\LEECT\Semestre 5\SE1\Workplace\LEETC_SE1\Debug\libLEETC_SE1.a(spi.o)
 .debug_macro   0x000033be       0x90 C:\Users\pedro\Desktop\LEECT\Semestre 5\SE1\Workplace\LEETC_SE1\Debug\libLEETC_SE1.a(wait.o)
 .debug_macro   0x0000344e      0x12d C:\Users\pedro\Desktop\LEECT\Semestre 5\SE1\Workplace\CMSIS_CORE_LPC17xx\Debug\libCMSIS_CORE_LPC17xx.a(system_LPC17xx.o)
 .debug_macro   0x0000357b      0xaae C:\Users\pedro\Desktop\LEECT\Semestre 5\SE1\Workplace\CMSIS_CORE_LPC17xx\Debug\libCMSIS_CORE_LPC17xx.a(system_LPC17xx.o)

.debug_line     0x00000000     0x2a8b
 .debug_line    0x00000000      0x3e5 ./src/LAB6v1.o
 .debug_line    0x000003e5      0x160 ./src/cr_startup_lpc175x_6x.o
 .debug_line    0x00000545       0xb1 ./src/crp.o
 .debug_line    0x000005f6      0x490 C:\Users\pedro\Desktop\LEECT\Semestre 5\SE1\Workplace\LEETC_SE1\Debug\libLEETC_SE1.a(adxl.o)
 .debug_line    0x00000a86      0x31c C:\Users\pedro\Desktop\LEECT\Semestre 5\SE1\Workplace\LEETC_SE1\Debug\libLEETC_SE1.a(button.o)
 .debug_line    0x00000da2      0x4c9 C:\Users\pedro\Desktop\LEECT\Semestre 5\SE1\Workplace\LEETC_SE1\Debug\libLEETC_SE1.a(lcd.o)
 .debug_line    0x0000126b      0x71e C:\Users\pedro\Desktop\LEECT\Semestre 5\SE1\Workplace\LEETC_SE1\Debug\libLEETC_SE1.a(rtc.o)
 .debug_line    0x00001989      0x395 C:\Users\pedro\Desktop\LEECT\Semestre 5\SE1\Workplace\LEETC_SE1\Debug\libLEETC_SE1.a(spi.o)
 .debug_line    0x00001d1e      0x8f7 C:\Users\pedro\Desktop\LEECT\Semestre 5\SE1\Workplace\LEETC_SE1\Debug\libLEETC_SE1.a(wait.o)
 .debug_line    0x00002615      0x476 C:\Users\pedro\Desktop\LEECT\Semestre 5\SE1\Workplace\CMSIS_CORE_LPC17xx\Debug\libCMSIS_CORE_LPC17xx.a(system_LPC17xx.o)

.debug_str      0x00000000     0xc02f
 .debug_str     0x00000000     0xaa12 ./src/LAB6v1.o
                               0xaabe (size before relaxing)
 .debug_str     0x0000aa12      0x228 ./src/cr_startup_lpc175x_6x.o
                               0x3009 (size before relaxing)
 .debug_str     0x0000ac3a       0xe9 ./src/crp.o
                               0x2f16 (size before relaxing)
 .debug_str     0x0000ad23      0x385 C:\Users\pedro\Desktop\LEECT\Semestre 5\SE1\Workplace\LEETC_SE1\Debug\libLEETC_SE1.a(adxl.o)
                               0xa61f (size before relaxing)
 .debug_str     0x0000b0a8       0x82 C:\Users\pedro\Desktop\LEECT\Semestre 5\SE1\Workplace\LEETC_SE1\Debug\libLEETC_SE1.a(button.o)
                               0xa12f (size before relaxing)
 .debug_str     0x0000b12a      0x12a C:\Users\pedro\Desktop\LEECT\Semestre 5\SE1\Workplace\LEETC_SE1\Debug\libLEETC_SE1.a(lcd.o)
                               0xa5f7 (size before relaxing)
 .debug_str     0x0000b254      0x5ea C:\Users\pedro\Desktop\LEECT\Semestre 5\SE1\Workplace\LEETC_SE1\Debug\libLEETC_SE1.a(rtc.o)
                               0xa8b6 (size before relaxing)
 .debug_str     0x0000b83e       0xad C:\Users\pedro\Desktop\LEECT\Semestre 5\SE1\Workplace\LEETC_SE1\Debug\libLEETC_SE1.a(spi.o)
                               0xa264 (size before relaxing)
 .debug_str     0x0000b8eb      0x31c C:\Users\pedro\Desktop\LEECT\Semestre 5\SE1\Workplace\LEETC_SE1\Debug\libLEETC_SE1.a(wait.o)
                               0xa61c (size before relaxing)
 .debug_str     0x0000bc07      0x428 C:\Users\pedro\Desktop\LEECT\Semestre 5\SE1\Workplace\CMSIS_CORE_LPC17xx\Debug\libCMSIS_CORE_LPC17xx.a(system_LPC17xx.o)
                               0xa26f (size before relaxing)

.comment        0x00000000       0x79
 .comment       0x00000000       0x79 ./src/LAB6v1.o
                                 0x7a (size before relaxing)
 .comment       0x00000079       0x7a ./src/cr_startup_lpc175x_6x.o
 .comment       0x00000079       0x7a ./src/crp.o
 .comment       0x00000079       0x7a C:\Users\pedro\Desktop\LEECT\Semestre 5\SE1\Workplace\LEETC_SE1\Debug\libLEETC_SE1.a(adxl.o)
 .comment       0x00000079       0x7a C:\Users\pedro\Desktop\LEECT\Semestre 5\SE1\Workplace\LEETC_SE1\Debug\libLEETC_SE1.a(button.o)
 .comment       0x00000079       0x7a C:\Users\pedro\Desktop\LEECT\Semestre 5\SE1\Workplace\LEETC_SE1\Debug\libLEETC_SE1.a(lcd.o)
 .comment       0x00000079       0x7a C:\Users\pedro\Desktop\LEECT\Semestre 5\SE1\Workplace\LEETC_SE1\Debug\libLEETC_SE1.a(rtc.o)
 .comment       0x00000079       0x7a C:\Users\pedro\Desktop\LEECT\Semestre 5\SE1\Workplace\LEETC_SE1\Debug\libLEETC_SE1.a(spi.o)
 .comment       0x00000079       0x7a C:\Users\pedro\Desktop\LEECT\Semestre 5\SE1\Workplace\LEETC_SE1\Debug\libLEETC_SE1.a(wait.o)
 .comment       0x00000079       0x7a C:\Users\pedro\Desktop\LEECT\Semestre 5\SE1\Workplace\CMSIS_CORE_LPC17xx\Debug\libCMSIS_CORE_LPC17xx.a(system_LPC17xx.o)
 .comment       0x00000079       0x7a e:/nxp/mcuxpressoide_11.2.1_4149/ide/plugins/com.nxp.mcuxpresso.tools.win32_11.2.0.202008311134/tools/bin/../lib/gcc/arm-none-eabi/9.2.1/../../../../arm-none-eabi/lib/thumb/v7-m/nofp\libcr_semihost.a(_cr__main.o)
 .comment       0x00000079       0x7a e:/nxp/mcuxpressoide_11.2.1_4149/ide/plugins/com.nxp.mcuxpresso.tools.win32_11.2.0.202008311134/tools/bin/../lib/gcc/arm-none-eabi/9.2.1/../../../../arm-none-eabi/lib/thumb/v7-m/nofp\libcr_c.a(fpprintf.o)
 .comment       0x00000079       0x7a e:/nxp/mcuxpressoide_11.2.1_4149/ide/plugins/com.nxp.mcuxpresso.tools.win32_11.2.0.202008311134/tools/bin/../lib/gcc/arm-none-eabi/9.2.1/../../../../arm-none-eabi/lib/thumb/v7-m/nofp\libcr_c.a(initio.o)
 .comment       0x00000079       0x7a e:/nxp/mcuxpressoide_11.2.1_4149/ide/plugins/com.nxp.mcuxpresso.tools.win32_11.2.0.202008311134/tools/bin/../lib/gcc/arm-none-eabi/9.2.1/../../../../arm-none-eabi/lib/thumb/v7-m/nofp\libcr_c.a(printf.o)
 .comment       0x00000079       0x7a e:/nxp/mcuxpressoide_11.2.1_4149/ide/plugins/com.nxp.mcuxpresso.tools.win32_11.2.0.202008311134/tools/bin/../lib/gcc/arm-none-eabi/9.2.1/../../../../arm-none-eabi/lib/thumb/v7-m/nofp\libcr_c.a(setvbuf.o)
 .comment       0x00000079       0x7a e:/nxp/mcuxpressoide_11.2.1_4149/ide/plugins/com.nxp.mcuxpresso.tools.win32_11.2.0.202008311134/tools/bin/../lib/gcc/arm-none-eabi/9.2.1/../../../../arm-none-eabi/lib/thumb/v7-m/nofp\libcr_c.a(strlen.o)
 .comment       0x00000079       0x7a e:/nxp/mcuxpressoide_11.2.1_4149/ide/plugins/com.nxp.mcuxpresso.tools.win32_11.2.0.202008311134/tools/bin/../lib/gcc/arm-none-eabi/9.2.1/../../../../arm-none-eabi/lib/thumb/v7-m/nofp\libcr_c.a(time.o)
 .comment       0x00000079       0x7a e:/nxp/mcuxpressoide_11.2.1_4149/ide/plugins/com.nxp.mcuxpresso.tools.win32_11.2.0.202008311134/tools/bin/../lib/gcc/arm-none-eabi/9.2.1/../../../../arm-none-eabi/lib/thumb/v7-m/nofp\libcr_c.a(memset.o)
 .comment       0x00000079       0x7a e:/nxp/mcuxpressoide_11.2.1_4149/ide/plugins/com.nxp.mcuxpresso.tools.win32_11.2.0.202008311134/tools/bin/../lib/gcc/arm-none-eabi/9.2.1/../../../../arm-none-eabi/lib/thumb/v7-m/nofp\libcr_c.a(_deferredlazyseek.o)
 .comment       0x00000079       0x7a e:/nxp/mcuxpressoide_11.2.1_4149/ide/plugins/com.nxp.mcuxpresso.tools.win32_11.2.0.202008311134/tools/bin/../lib/gcc/arm-none-eabi/9.2.1/../../../../arm-none-eabi/lib/thumb/v7-m/nofp\libcr_c.a(_fdopen.o)
 .comment       0x00000079       0x7a e:/nxp/mcuxpressoide_11.2.1_4149/ide/plugins/com.nxp.mcuxpresso.tools.win32_11.2.0.202008311134/tools/bin/../lib/gcc/arm-none-eabi/9.2.1/../../../../arm-none-eabi/lib/thumb/v7-m/nofp\libcr_c.a(_fflush.o)
 .comment       0x00000079       0x7a e:/nxp/mcuxpressoide_11.2.1_4149/ide/plugins/com.nxp.mcuxpresso.tools.win32_11.2.0.202008311134/tools/bin/../lib/gcc/arm-none-eabi/9.2.1/../../../../arm-none-eabi/lib/thumb/v7-m/nofp\libcr_c.a(_frexpl.o)
 .comment       0x00000079       0x7a e:/nxp/mcuxpressoide_11.2.1_4149/ide/plugins/com.nxp.mcuxpresso.tools.win32_11.2.0.202008311134/tools/bin/../lib/gcc/arm-none-eabi/9.2.1/../../../../arm-none-eabi/lib/thumb/v7-m/nofp\libcr_c.a(_ldexpl.o)
 .comment       0x00000079       0x7a e:/nxp/mcuxpressoide_11.2.1_4149/ide/plugins/com.nxp.mcuxpresso.tools.win32_11.2.0.202008311134/tools/bin/../lib/gcc/arm-none-eabi/9.2.1/../../../../arm-none-eabi/lib/thumb/v7-m/nofp\libcr_c.a(_writebuf.o)
 .comment       0x00000079       0x7a e:/nxp/mcuxpressoide_11.2.1_4149/ide/plugins/com.nxp.mcuxpresso.tools.win32_11.2.0.202008311134/tools/bin/../lib/gcc/arm-none-eabi/9.2.1/../../../../arm-none-eabi/lib/thumb/v7-m/nofp\libcr_c.a(alloc.o)
 .comment       0x00000079       0x7a e:/nxp/mcuxpressoide_11.2.1_4149/ide/plugins/com.nxp.mcuxpresso.tools.win32_11.2.0.202008311134/tools/bin/../lib/gcc/arm-none-eabi/9.2.1/../../../../arm-none-eabi/lib/thumb/v7-m/nofp\libcr_c.a(errno.o)
 .comment       0x00000079       0x7a e:/nxp/mcuxpressoide_11.2.1_4149/ide/plugins/com.nxp.mcuxpresso.tools.win32_11.2.0.202008311134/tools/bin/../lib/gcc/arm-none-eabi/9.2.1/../../../../arm-none-eabi/lib/thumb/v7-m/nofp\libcr_c.a(fclose.o)
 .comment       0x00000079       0x7a e:/nxp/mcuxpressoide_11.2.1_4149/ide/plugins/com.nxp.mcuxpresso.tools.win32_11.2.0.202008311134/tools/bin/../lib/gcc/arm-none-eabi/9.2.1/../../../../arm-none-eabi/lib/thumb/v7-m/nofp\libcr_c.a(fflush.o)
 .comment       0x00000079       0x7a e:/nxp/mcuxpressoide_11.2.1_4149/ide/plugins/com.nxp.mcuxpresso.tools.win32_11.2.0.202008311134/tools/bin/../lib/gcc/arm-none-eabi/9.2.1/../../../../arm-none-eabi/lib/thumb/v7-m/nofp\libcr_c.a(fseek.o)
 .comment       0x00000079       0x7a e:/nxp/mcuxpressoide_11.2.1_4149/ide/plugins/com.nxp.mcuxpresso.tools.win32_11.2.0.202008311134/tools/bin/../lib/gcc/arm-none-eabi/9.2.1/../../../../arm-none-eabi/lib/thumb/v7-m/nofp\libcr_c.a(ftell.o)
 .comment       0x00000079       0x7a e:/nxp/mcuxpressoide_11.2.1_4149/ide/plugins/com.nxp.mcuxpresso.tools.win32_11.2.0.202008311134/tools/bin/../lib/gcc/arm-none-eabi/9.2.1/../../../../arm-none-eabi/lib/thumb/v7-m/nofp\libcr_c.a(remove.o)
 .comment       0x00000079       0x7a e:/nxp/mcuxpressoide_11.2.1_4149/ide/plugins/com.nxp.mcuxpresso.tools.win32_11.2.0.202008311134/tools/bin/../lib/gcc/arm-none-eabi/9.2.1/../../../../arm-none-eabi/lib/thumb/v7-m/nofp\libcr_c.a(__init_alloc.o)
 .comment       0x00000079       0x7a e:/nxp/mcuxpressoide_11.2.1_4149/ide/plugins/com.nxp.mcuxpresso.tools.win32_11.2.0.202008311134/tools/bin/../lib/gcc/arm-none-eabi/9.2.1/../../../../arm-none-eabi/lib/thumb/v7-m/nofp\libcr_c.a(_cr_sbrk.o)
 .comment       0x00000079       0x7a e:/nxp/mcuxpressoide_11.2.1_4149/ide/plugins/com.nxp.mcuxpresso.tools.win32_11.2.0.202008311134/tools/bin/../lib/gcc/arm-none-eabi/9.2.1/../../../../arm-none-eabi/lib/thumb/v7-m/nofp\libcr_c.a(_do_fflush.o)
 .comment       0x00000079       0x7a e:/nxp/mcuxpressoide_11.2.1_4149/ide/plugins/com.nxp.mcuxpresso.tools.win32_11.2.0.202008311134/tools/bin/../lib/gcc/arm-none-eabi/9.2.1/../../../../arm-none-eabi/lib/thumb/v7-m/nofp\libcr_c.a(_cr_check_heap.o)
 .comment       0x00000079       0x7a e:/nxp/mcuxpressoide_11.2.1_4149/ide/plugins/com.nxp.mcuxpresso.tools.win32_11.2.0.202008311134/tools/bin/../lib/gcc/arm-none-eabi/9.2.1/thumb/v7-m/nofp\libcr_eabihelpers.a(double.o)
 .comment       0x00000079       0x7a e:/nxp/mcuxpressoide_11.2.1_4149/ide/plugins/com.nxp.mcuxpresso.tools.win32_11.2.0.202008311134/tools/bin/../lib/gcc/arm-none-eabi/9.2.1/../../../../arm-none-eabi/lib/thumb/v7-m/nofp\libcr_semihost.a(__ciob.o)

.ARM.attributes
                0x00000000       0x2b
 .ARM.attributes
                0x00000000       0x2d ./src/LAB6v1.o
 .ARM.attributes
                0x0000002d       0x2d ./src/cr_startup_lpc175x_6x.o
 .ARM.attributes
                0x0000005a       0x33 ./src/crp.o
 .ARM.attributes
                0x0000008d       0x2d C:\Users\pedro\Desktop\LEECT\Semestre 5\SE1\Workplace\LEETC_SE1\Debug\libLEETC_SE1.a(adxl.o)
 .ARM.attributes
                0x000000ba       0x2d C:\Users\pedro\Desktop\LEECT\Semestre 5\SE1\Workplace\LEETC_SE1\Debug\libLEETC_SE1.a(button.o)
 .ARM.attributes
                0x000000e7       0x2d C:\Users\pedro\Desktop\LEECT\Semestre 5\SE1\Workplace\LEETC_SE1\Debug\libLEETC_SE1.a(lcd.o)
 .ARM.attributes
                0x00000114       0x2d C:\Users\pedro\Desktop\LEECT\Semestre 5\SE1\Workplace\LEETC_SE1\Debug\libLEETC_SE1.a(rtc.o)
 .ARM.attributes
                0x00000141       0x2d C:\Users\pedro\Desktop\LEECT\Semestre 5\SE1\Workplace\LEETC_SE1\Debug\libLEETC_SE1.a(spi.o)
 .ARM.attributes
                0x0000016e       0x2d C:\Users\pedro\Desktop\LEECT\Semestre 5\SE1\Workplace\LEETC_SE1\Debug\libLEETC_SE1.a(wait.o)
 .ARM.attributes
                0x0000019b       0x2d C:\Users\pedro\Desktop\LEECT\Semestre 5\SE1\Workplace\CMSIS_CORE_LPC17xx\Debug\libCMSIS_CORE_LPC17xx.a(system_LPC17xx.o)
 .ARM.attributes
                0x000001c8       0x2d e:/nxp/mcuxpressoide_11.2.1_4149/ide/plugins/com.nxp.mcuxpresso.tools.win32_11.2.0.202008311134/tools/bin/../lib/gcc/arm-none-eabi/9.2.1/../../../../arm-none-eabi/lib/thumb/v7-m/nofp\libcr_semihost.a(_cr__main.o)
 .ARM.attributes
                0x000001f5       0x2d e:/nxp/mcuxpressoide_11.2.1_4149/ide/plugins/com.nxp.mcuxpresso.tools.win32_11.2.0.202008311134/tools/bin/../lib/gcc/arm-none-eabi/9.2.1/../../../../arm-none-eabi/lib/thumb/v7-m/nofp\libcr_c.a(fpprintf.o)
 .ARM.attributes
                0x00000222       0x2d e:/nxp/mcuxpressoide_11.2.1_4149/ide/plugins/com.nxp.mcuxpresso.tools.win32_11.2.0.202008311134/tools/bin/../lib/gcc/arm-none-eabi/9.2.1/../../../../arm-none-eabi/lib/thumb/v7-m/nofp\libcr_c.a(initio.o)
 .ARM.attributes
                0x0000024f       0x2d e:/nxp/mcuxpressoide_11.2.1_4149/ide/plugins/com.nxp.mcuxpresso.tools.win32_11.2.0.202008311134/tools/bin/../lib/gcc/arm-none-eabi/9.2.1/../../../../arm-none-eabi/lib/thumb/v7-m/nofp\libcr_c.a(printf.o)
 .ARM.attributes
                0x0000027c       0x2d e:/nxp/mcuxpressoide_11.2.1_4149/ide/plugins/com.nxp.mcuxpresso.tools.win32_11.2.0.202008311134/tools/bin/../lib/gcc/arm-none-eabi/9.2.1/../../../../arm-none-eabi/lib/thumb/v7-m/nofp\libcr_c.a(setvbuf.o)
 .ARM.attributes
                0x000002a9       0x2d e:/nxp/mcuxpressoide_11.2.1_4149/ide/plugins/com.nxp.mcuxpresso.tools.win32_11.2.0.202008311134/tools/bin/../lib/gcc/arm-none-eabi/9.2.1/../../../../arm-none-eabi/lib/thumb/v7-m/nofp\libcr_c.a(strlen.o)
 .ARM.attributes
                0x000002d6       0x2d e:/nxp/mcuxpressoide_11.2.1_4149/ide/plugins/com.nxp.mcuxpresso.tools.win32_11.2.0.202008311134/tools/bin/../lib/gcc/arm-none-eabi/9.2.1/../../../../arm-none-eabi/lib/thumb/v7-m/nofp\libcr_c.a(time.o)
 .ARM.attributes
                0x00000303       0x2d e:/nxp/mcuxpressoide_11.2.1_4149/ide/plugins/com.nxp.mcuxpresso.tools.win32_11.2.0.202008311134/tools/bin/../lib/gcc/arm-none-eabi/9.2.1/../../../../arm-none-eabi/lib/thumb/v7-m/nofp\libcr_c.a(memset.o)
 .ARM.attributes
                0x00000330       0x2d e:/nxp/mcuxpressoide_11.2.1_4149/ide/plugins/com.nxp.mcuxpresso.tools.win32_11.2.0.202008311134/tools/bin/../lib/gcc/arm-none-eabi/9.2.1/../../../../arm-none-eabi/lib/thumb/v7-m/nofp\libcr_c.a(_deferredlazyseek.o)
 .ARM.attributes
                0x0000035d       0x2d e:/nxp/mcuxpressoide_11.2.1_4149/ide/plugins/com.nxp.mcuxpresso.tools.win32_11.2.0.202008311134/tools/bin/../lib/gcc/arm-none-eabi/9.2.1/../../../../arm-none-eabi/lib/thumb/v7-m/nofp\libcr_c.a(_fdopen.o)
 .ARM.attributes
                0x0000038a       0x2d e:/nxp/mcuxpressoide_11.2.1_4149/ide/plugins/com.nxp.mcuxpresso.tools.win32_11.2.0.202008311134/tools/bin/../lib/gcc/arm-none-eabi/9.2.1/../../../../arm-none-eabi/lib/thumb/v7-m/nofp\libcr_c.a(_fflush.o)
 .ARM.attributes
                0x000003b7       0x2d e:/nxp/mcuxpressoide_11.2.1_4149/ide/plugins/com.nxp.mcuxpresso.tools.win32_11.2.0.202008311134/tools/bin/../lib/gcc/arm-none-eabi/9.2.1/../../../../arm-none-eabi/lib/thumb/v7-m/nofp\libcr_c.a(_frexpl.o)
 .ARM.attributes
                0x000003e4       0x2d e:/nxp/mcuxpressoide_11.2.1_4149/ide/plugins/com.nxp.mcuxpresso.tools.win32_11.2.0.202008311134/tools/bin/../lib/gcc/arm-none-eabi/9.2.1/../../../../arm-none-eabi/lib/thumb/v7-m/nofp\libcr_c.a(_ldexpl.o)
 .ARM.attributes
                0x00000411       0x2d e:/nxp/mcuxpressoide_11.2.1_4149/ide/plugins/com.nxp.mcuxpresso.tools.win32_11.2.0.202008311134/tools/bin/../lib/gcc/arm-none-eabi/9.2.1/../../../../arm-none-eabi/lib/thumb/v7-m/nofp\libcr_c.a(_writebuf.o)
 .ARM.attributes
                0x0000043e       0x2d e:/nxp/mcuxpressoide_11.2.1_4149/ide/plugins/com.nxp.mcuxpresso.tools.win32_11.2.0.202008311134/tools/bin/../lib/gcc/arm-none-eabi/9.2.1/../../../../arm-none-eabi/lib/thumb/v7-m/nofp\libcr_c.a(alloc.o)
 .ARM.attributes
                0x0000046b       0x33 e:/nxp/mcuxpressoide_11.2.1_4149/ide/plugins/com.nxp.mcuxpresso.tools.win32_11.2.0.202008311134/tools/bin/../lib/gcc/arm-none-eabi/9.2.1/../../../../arm-none-eabi/lib/thumb/v7-m/nofp\libcr_c.a(errno.o)
 .ARM.attributes
                0x0000049e       0x2d e:/nxp/mcuxpressoide_11.2.1_4149/ide/plugins/com.nxp.mcuxpresso.tools.win32_11.2.0.202008311134/tools/bin/../lib/gcc/arm-none-eabi/9.2.1/../../../../arm-none-eabi/lib/thumb/v7-m/nofp\libcr_c.a(fclose.o)
 .ARM.attributes
                0x000004cb       0x2d e:/nxp/mcuxpressoide_11.2.1_4149/ide/plugins/com.nxp.mcuxpresso.tools.win32_11.2.0.202008311134/tools/bin/../lib/gcc/arm-none-eabi/9.2.1/../../../../arm-none-eabi/lib/thumb/v7-m/nofp\libcr_c.a(fflush.o)
 .ARM.attributes
                0x000004f8       0x2d e:/nxp/mcuxpressoide_11.2.1_4149/ide/plugins/com.nxp.mcuxpresso.tools.win32_11.2.0.202008311134/tools/bin/../lib/gcc/arm-none-eabi/9.2.1/../../../../arm-none-eabi/lib/thumb/v7-m/nofp\libcr_c.a(fseek.o)
 .ARM.attributes
                0x00000525       0x2d e:/nxp/mcuxpressoide_11.2.1_4149/ide/plugins/com.nxp.mcuxpresso.tools.win32_11.2.0.202008311134/tools/bin/../lib/gcc/arm-none-eabi/9.2.1/../../../../arm-none-eabi/lib/thumb/v7-m/nofp\libcr_c.a(ftell.o)
 .ARM.attributes
                0x00000552       0x2d e:/nxp/mcuxpressoide_11.2.1_4149/ide/plugins/com.nxp.mcuxpresso.tools.win32_11.2.0.202008311134/tools/bin/../lib/gcc/arm-none-eabi/9.2.1/../../../../arm-none-eabi/lib/thumb/v7-m/nofp\libcr_c.a(remove.o)
 .ARM.attributes
                0x0000057f       0x2d e:/nxp/mcuxpressoide_11.2.1_4149/ide/plugins/com.nxp.mcuxpresso.tools.win32_11.2.0.202008311134/tools/bin/../lib/gcc/arm-none-eabi/9.2.1/../../../../arm-none-eabi/lib/thumb/v7-m/nofp\libcr_c.a(__init_alloc.o)
 .ARM.attributes
                0x000005ac       0x2d e:/nxp/mcuxpressoide_11.2.1_4149/ide/plugins/com.nxp.mcuxpresso.tools.win32_11.2.0.202008311134/tools/bin/../lib/gcc/arm-none-eabi/9.2.1/../../../../arm-none-eabi/lib/thumb/v7-m/nofp\libcr_c.a(_cr_sbrk.o)
 .ARM.attributes
                0x000005d9       0x2d e:/nxp/mcuxpressoide_11.2.1_4149/ide/plugins/com.nxp.mcuxpresso.tools.win32_11.2.0.202008311134/tools/bin/../lib/gcc/arm-none-eabi/9.2.1/../../../../arm-none-eabi/lib/thumb/v7-m/nofp\libcr_c.a(_do_fflush.o)
 .ARM.attributes
                0x00000606       0x2d e:/nxp/mcuxpressoide_11.2.1_4149/ide/plugins/com.nxp.mcuxpresso.tools.win32_11.2.0.202008311134/tools/bin/../lib/gcc/arm-none-eabi/9.2.1/../../../../arm-none-eabi/lib/thumb/v7-m/nofp\libcr_c.a(_cr_check_heap.o)
 .ARM.attributes
                0x00000633       0x1b e:/nxp/mcuxpressoide_11.2.1_4149/ide/plugins/com.nxp.mcuxpresso.tools.win32_11.2.0.202008311134/tools/bin/../lib/gcc/arm-none-eabi/9.2.1/thumb/v7-m/nofp\libcr_eabihelpers.a(division_64.o)
 .ARM.attributes
                0x0000064e       0x1b e:/nxp/mcuxpressoide_11.2.1_4149/ide/plugins/com.nxp.mcuxpresso.tools.win32_11.2.0.202008311134/tools/bin/../lib/gcc/arm-none-eabi/9.2.1/thumb/v7-m/nofp\libcr_eabihelpers.a(division_idiv0.o)
 .ARM.attributes
                0x00000669       0x2d e:/nxp/mcuxpressoide_11.2.1_4149/ide/plugins/com.nxp.mcuxpresso.tools.win32_11.2.0.202008311134/tools/bin/../lib/gcc/arm-none-eabi/9.2.1/thumb/v7-m/nofp\libcr_eabihelpers.a(double.o)
 .ARM.attributes
                0x00000696       0x1b e:/nxp/mcuxpressoide_11.2.1_4149/ide/plugins/com.nxp.mcuxpresso.tools.win32_11.2.0.202008311134/tools/bin/../lib/gcc/arm-none-eabi/9.2.1/thumb/v7-m/nofp\libcr_eabihelpers.a(memcpy.o)
 .ARM.attributes
                0x000006b1       0x33 e:/nxp/mcuxpressoide_11.2.1_4149/ide/plugins/com.nxp.mcuxpresso.tools.win32_11.2.0.202008311134/tools/bin/../lib/gcc/arm-none-eabi/9.2.1/../../../../arm-none-eabi/lib/thumb/v7-m/nofp\libcr_semihost.a(__ciob.o)
 .ARM.attributes
                0x000006e4       0x1b e:/nxp/mcuxpressoide_11.2.1_4149/ide/plugins/com.nxp.mcuxpresso.tools.win32_11.2.0.202008311134/tools/bin/../lib/gcc/arm-none-eabi/9.2.1/../../../../arm-none-eabi/lib/thumb/v7-m/nofp\libcr_semihost.a(__sys_appexit.o)
 .ARM.attributes
                0x000006ff       0x1b e:/nxp/mcuxpressoide_11.2.1_4149/ide/plugins/com.nxp.mcuxpresso.tools.win32_11.2.0.202008311134/tools/bin/../lib/gcc/arm-none-eabi/9.2.1/../../../../arm-none-eabi/lib/thumb/v7-m/nofp\libcr_semihost.a(__sys_close.o)
 .ARM.attributes
                0x0000071a       0x1b e:/nxp/mcuxpressoide_11.2.1_4149/ide/plugins/com.nxp.mcuxpresso.tools.win32_11.2.0.202008311134/tools/bin/../lib/gcc/arm-none-eabi/9.2.1/../../../../arm-none-eabi/lib/thumb/v7-m/nofp\libcr_semihost.a(__sys_flen.o)
 .ARM.attributes
                0x00000735       0x1b e:/nxp/mcuxpressoide_11.2.1_4149/ide/plugins/com.nxp.mcuxpresso.tools.win32_11.2.0.202008311134/tools/bin/../lib/gcc/arm-none-eabi/9.2.1/../../../../arm-none-eabi/lib/thumb/v7-m/nofp\libcr_semihost.a(__sys_istty.o)
 .ARM.attributes
                0x00000750       0x1b e:/nxp/mcuxpressoide_11.2.1_4149/ide/plugins/com.nxp.mcuxpresso.tools.win32_11.2.0.202008311134/tools/bin/../lib/gcc/arm-none-eabi/9.2.1/../../../../arm-none-eabi/lib/thumb/v7-m/nofp\libcr_semihost.a(__sys_remove.o)
 .ARM.attributes
                0x0000076b       0x1b e:/nxp/mcuxpressoide_11.2.1_4149/ide/plugins/com.nxp.mcuxpresso.tools.win32_11.2.0.202008311134/tools/bin/../lib/gcc/arm-none-eabi/9.2.1/../../../../arm-none-eabi/lib/thumb/v7-m/nofp\libcr_semihost.a(__sys_seek.o)
 .ARM.attributes
                0x00000786       0x1b e:/nxp/mcuxpressoide_11.2.1_4149/ide/plugins/com.nxp.mcuxpresso.tools.win32_11.2.0.202008311134/tools/bin/../lib/gcc/arm-none-eabi/9.2.1/../../../../arm-none-eabi/lib/thumb/v7-m/nofp\libcr_semihost.a(__sys_tmpnam.o)
 .ARM.attributes
                0x000007a1       0x1b e:/nxp/mcuxpressoide_11.2.1_4149/ide/plugins/com.nxp.mcuxpresso.tools.win32_11.2.0.202008311134/tools/bin/../lib/gcc/arm-none-eabi/9.2.1/../../../../arm-none-eabi/lib/thumb/v7-m/nofp\libcr_semihost.a(__sys_write.o)

.debug_frame    0x00000000      0xc1c
 .debug_frame   0x00000000       0x34 ./src/LAB6v1.o
 .debug_frame   0x00000034      0x170 ./src/cr_startup_lpc175x_6x.o
 .debug_frame   0x000001a4       0xe8 C:\Users\pedro\Desktop\LEECT\Semestre 5\SE1\Workplace\LEETC_SE1\Debug\libLEETC_SE1.a(adxl.o)
 .debug_frame   0x0000028c       0xb8 C:\Users\pedro\Desktop\LEECT\Semestre 5\SE1\Workplace\LEETC_SE1\Debug\libLEETC_SE1.a(button.o)
 .debug_frame   0x00000344      0x1c4 C:\Users\pedro\Desktop\LEECT\Semestre 5\SE1\Workplace\LEETC_SE1\Debug\libLEETC_SE1.a(lcd.o)
 .debug_frame   0x00000508      0x1d4 C:\Users\pedro\Desktop\LEECT\Semestre 5\SE1\Workplace\LEETC_SE1\Debug\libLEETC_SE1.a(rtc.o)
 .debug_frame   0x000006dc       0xc0 C:\Users\pedro\Desktop\LEECT\Semestre 5\SE1\Workplace\LEETC_SE1\Debug\libLEETC_SE1.a(spi.o)
 .debug_frame   0x0000079c      0x444 C:\Users\pedro\Desktop\LEECT\Semestre 5\SE1\Workplace\LEETC_SE1\Debug\libLEETC_SE1.a(wait.o)
 .debug_frame   0x00000be0       0x3c C:\Users\pedro\Desktop\LEECT\Semestre 5\SE1\Workplace\CMSIS_CORE_LPC17xx\Debug\libCMSIS_CORE_LPC17xx.a(system_LPC17xx.o)

Cross Reference Table

Symbol                                            File
ADC_IRQHandler                                    ./src/cr_startup_lpc175x_6x.o
ADXL_ChipSelect                                   C:\Users\pedro\Desktop\LEECT\Semestre 5\SE1\Workplace\LEETC_SE1\Debug\libLEETC_SE1.a(adxl.o)
ADXL_GetAxis                                      C:\Users\pedro\Desktop\LEECT\Semestre 5\SE1\Workplace\LEETC_SE1\Debug\libLEETC_SE1.a(adxl.o)
                                                  ./src/LAB6v1.o
ADXL_GetDevId                                     C:\Users\pedro\Desktop\LEECT\Semestre 5\SE1\Workplace\LEETC_SE1\Debug\libLEETC_SE1.a(adxl.o)
                                                  ./src/LAB6v1.o
ADXL_Init                                         C:\Users\pedro\Desktop\LEECT\Semestre 5\SE1\Workplace\LEETC_SE1\Debug\libLEETC_SE1.a(adxl.o)
                                                  ./src/LAB6v1.o
BOD_IRQHandler                                    ./src/cr_startup_lpc175x_6x.o
BUTTON_GetButtonsEvents                           C:\Users\pedro\Desktop\LEECT\Semestre 5\SE1\Workplace\LEETC_SE1\Debug\libLEETC_SE1.a(button.o)
BUTTON_Hit                                        C:\Users\pedro\Desktop\LEECT\Semestre 5\SE1\Workplace\LEETC_SE1\Debug\libLEETC_SE1.a(button.o)
BUTTON_Init                                       C:\Users\pedro\Desktop\LEECT\Semestre 5\SE1\Workplace\LEETC_SE1\Debug\libLEETC_SE1.a(button.o)
                                                  ./src/LAB6v1.o
BUTTON_Read                                       C:\Users\pedro\Desktop\LEECT\Semestre 5\SE1\Workplace\LEETC_SE1\Debug\libLEETC_SE1.a(button.o)
BUTTON_WaitRelease                                C:\Users\pedro\Desktop\LEECT\Semestre 5\SE1\Workplace\LEETC_SE1\Debug\libLEETC_SE1.a(button.o)
BusFault_Handler                                  ./src/cr_startup_lpc175x_6x.o
CANActivity_IRQHandler                            ./src/cr_startup_lpc175x_6x.o
CAN_IRQHandler                                    ./src/cr_startup_lpc175x_6x.o
CRP_WORD                                          ./src/crp.o
DMA_IRQHandler                                    ./src/cr_startup_lpc175x_6x.o
DebugMon_Handler                                  ./src/cr_startup_lpc175x_6x.o
EINT0_IRQHandler                                  ./src/cr_startup_lpc175x_6x.o
EINT1_IRQHandler                                  ./src/cr_startup_lpc175x_6x.o
EINT2_IRQHandler                                  ./src/cr_startup_lpc175x_6x.o
EINT3_IRQHandler                                  ./src/cr_startup_lpc175x_6x.o
ENET_IRQHandler                                   ./src/cr_startup_lpc175x_6x.o
HardFault_Handler                                 ./src/cr_startup_lpc175x_6x.o
I2C0_IRQHandler                                   ./src/cr_startup_lpc175x_6x.o
I2C1_IRQHandler                                   ./src/cr_startup_lpc175x_6x.o
I2C2_IRQHandler                                   ./src/cr_startup_lpc175x_6x.o
I2S_IRQHandler                                    ./src/cr_startup_lpc175x_6x.o
IntDefaultHandler                                 ./src/cr_startup_lpc175x_6x.o
LCDText_Clear                                     C:\Users\pedro\Desktop\LEECT\Semestre 5\SE1\Workplace\LEETC_SE1\Debug\libLEETC_SE1.a(lcd.o)
LCDText_CreateChar                                C:\Users\pedro\Desktop\LEECT\Semestre 5\SE1\Workplace\LEETC_SE1\Debug\libLEETC_SE1.a(lcd.o)
LCDText_Home                                      C:\Users\pedro\Desktop\LEECT\Semestre 5\SE1\Workplace\LEETC_SE1\Debug\libLEETC_SE1.a(lcd.o)
LCDText_Init                                      C:\Users\pedro\Desktop\LEECT\Semestre 5\SE1\Workplace\LEETC_SE1\Debug\libLEETC_SE1.a(lcd.o)
                                                  ./src/LAB6v1.o
LCDText_Locate                                    C:\Users\pedro\Desktop\LEECT\Semestre 5\SE1\Workplace\LEETC_SE1\Debug\libLEETC_SE1.a(lcd.o)
                                                  ./src/LAB6v1.o
LCDText_Printf                                    C:\Users\pedro\Desktop\LEECT\Semestre 5\SE1\Workplace\LEETC_SE1\Debug\libLEETC_SE1.a(lcd.o)
                                                  ./src/LAB6v1.o
LCDText_ShiftDisplay                              C:\Users\pedro\Desktop\LEECT\Semestre 5\SE1\Workplace\LEETC_SE1\Debug\libLEETC_SE1.a(lcd.o)
LCDText_WriteChar                                 C:\Users\pedro\Desktop\LEECT\Semestre 5\SE1\Workplace\LEETC_SE1\Debug\libLEETC_SE1.a(lcd.o)
LCDText_WriteString                               C:\Users\pedro\Desktop\LEECT\Semestre 5\SE1\Workplace\LEETC_SE1\Debug\libLEETC_SE1.a(lcd.o)
MCPWM_IRQHandler                                  ./src/cr_startup_lpc175x_6x.o
MemManage_Handler                                 ./src/cr_startup_lpc175x_6x.o
NMI_Handler                                       ./src/cr_startup_lpc175x_6x.o
PLL0_IRQHandler                                   ./src/cr_startup_lpc175x_6x.o
PLL1_IRQHandler                                   ./src/cr_startup_lpc175x_6x.o
PWM1_IRQHandler                                   ./src/cr_startup_lpc175x_6x.o
PendSV_Handler                                    ./src/cr_startup_lpc175x_6x.o
QEI_IRQHandler                                    ./src/cr_startup_lpc175x_6x.o
RIT_IRQHandler                                    ./src/cr_startup_lpc175x_6x.o
RTC_DecrementField                                C:\Users\pedro\Desktop\LEECT\Semestre 5\SE1\Workplace\LEETC_SE1\Debug\libLEETC_SE1.a(rtc.o)
RTC_Disable                                       C:\Users\pedro\Desktop\LEECT\Semestre 5\SE1\Workplace\LEETC_SE1\Debug\libLEETC_SE1.a(rtc.o)
RTC_Enable                                        C:\Users\pedro\Desktop\LEECT\Semestre 5\SE1\Workplace\LEETC_SE1\Debug\libLEETC_SE1.a(rtc.o)
RTC_GetSeconds                                    C:\Users\pedro\Desktop\LEECT\Semestre 5\SE1\Workplace\LEETC_SE1\Debug\libLEETC_SE1.a(rtc.o)
RTC_GetValue                                      C:\Users\pedro\Desktop\LEECT\Semestre 5\SE1\Workplace\LEETC_SE1\Debug\libLEETC_SE1.a(rtc.o)
RTC_IRQHandler                                    C:\Users\pedro\Desktop\LEECT\Semestre 5\SE1\Workplace\LEETC_SE1\Debug\libLEETC_SE1.a(rtc.o)
                                                  ./src/cr_startup_lpc175x_6x.o
RTC_IncrementField                                C:\Users\pedro\Desktop\LEECT\Semestre 5\SE1\Workplace\LEETC_SE1\Debug\libLEETC_SE1.a(rtc.o)
RTC_Init                                          C:\Users\pedro\Desktop\LEECT\Semestre 5\SE1\Workplace\LEETC_SE1\Debug\libLEETC_SE1.a(rtc.o)
                                                  ./src/LAB6v1.o
RTC_SetSeconds                                    C:\Users\pedro\Desktop\LEECT\Semestre 5\SE1\Workplace\LEETC_SE1\Debug\libLEETC_SE1.a(rtc.o)
RTC_SetValue                                      C:\Users\pedro\Desktop\LEECT\Semestre 5\SE1\Workplace\LEETC_SE1\Debug\libLEETC_SE1.a(rtc.o)
ResetISR                                          ./src/cr_startup_lpc175x_6x.o
SPI_ConfigTransfer                                C:\Users\pedro\Desktop\LEECT\Semestre 5\SE1\Workplace\LEETC_SE1\Debug\libLEETC_SE1.a(spi.o)
                                                  C:\Users\pedro\Desktop\LEECT\Semestre 5\SE1\Workplace\LEETC_SE1\Debug\libLEETC_SE1.a(adxl.o)
SPI_IRQHandler                                    ./src/cr_startup_lpc175x_6x.o
SPI_Init                                          C:\Users\pedro\Desktop\LEECT\Semestre 5\SE1\Workplace\LEETC_SE1\Debug\libLEETC_SE1.a(spi.o)
                                                  C:\Users\pedro\Desktop\LEECT\Semestre 5\SE1\Workplace\LEETC_SE1\Debug\libLEETC_SE1.a(adxl.o)
SPI_Transfer                                      C:\Users\pedro\Desktop\LEECT\Semestre 5\SE1\Workplace\LEETC_SE1\Debug\libLEETC_SE1.a(spi.o)
                                                  C:\Users\pedro\Desktop\LEECT\Semestre 5\SE1\Workplace\LEETC_SE1\Debug\libLEETC_SE1.a(adxl.o)
SPI_VerifyFrequency                               C:\Users\pedro\Desktop\LEECT\Semestre 5\SE1\Workplace\LEETC_SE1\Debug\libLEETC_SE1.a(spi.o)
                                                  C:\Users\pedro\Desktop\LEECT\Semestre 5\SE1\Workplace\LEETC_SE1\Debug\libLEETC_SE1.a(adxl.o)
SSP0_IRQHandler                                   ./src/cr_startup_lpc175x_6x.o
SSP1_IRQHandler                                   ./src/cr_startup_lpc175x_6x.o
SVC_Handler                                       ./src/cr_startup_lpc175x_6x.o
SysTick_Handler                                   C:\Users\pedro\Desktop\LEECT\Semestre 5\SE1\Workplace\LEETC_SE1\Debug\libLEETC_SE1.a(wait.o)
                                                  ./src/cr_startup_lpc175x_6x.o
SystemCoreClock                                   C:\Users\pedro\Desktop\LEECT\Semestre 5\SE1\Workplace\CMSIS_CORE_LPC17xx\Debug\libCMSIS_CORE_LPC17xx.a(system_LPC17xx.o)
                                                  C:\Users\pedro\Desktop\LEECT\Semestre 5\SE1\Workplace\LEETC_SE1\Debug\libLEETC_SE1.a(wait.o)
                                                  C:\Users\pedro\Desktop\LEECT\Semestre 5\SE1\Workplace\LEETC_SE1\Debug\libLEETC_SE1.a(spi.o)
SystemCoreClockUpdate                             C:\Users\pedro\Desktop\LEECT\Semestre 5\SE1\Workplace\CMSIS_CORE_LPC17xx\Debug\libCMSIS_CORE_LPC17xx.a(system_LPC17xx.o)
                                                  C:\Users\pedro\Desktop\LEECT\Semestre 5\SE1\Workplace\LEETC_SE1\Debug\libLEETC_SE1.a(wait.o)
SystemInit                                        C:\Users\pedro\Desktop\LEECT\Semestre 5\SE1\Workplace\CMSIS_CORE_LPC17xx\Debug\libCMSIS_CORE_LPC17xx.a(system_LPC17xx.o)
                                                  ./src/cr_startup_lpc175x_6x.o
                                                  ./src/LAB6v1.o
TIMER0_IRQHandler                                 C:\Users\pedro\Desktop\LEECT\Semestre 5\SE1\Workplace\LEETC_SE1\Debug\libLEETC_SE1.a(wait.o)
                                                  ./src/cr_startup_lpc175x_6x.o
TIMER1_IRQHandler                                 C:\Users\pedro\Desktop\LEECT\Semestre 5\SE1\Workplace\LEETC_SE1\Debug\libLEETC_SE1.a(wait.o)
                                                  ./src/cr_startup_lpc175x_6x.o
TIMER2_IRQHandler                                 C:\Users\pedro\Desktop\LEECT\Semestre 5\SE1\Workplace\LEETC_SE1\Debug\libLEETC_SE1.a(wait.o)
                                                  ./src/cr_startup_lpc175x_6x.o
TIMER3_IRQHandler                                 C:\Users\pedro\Desktop\LEECT\Semestre 5\SE1\Workplace\LEETC_SE1\Debug\libLEETC_SE1.a(wait.o)
                                                  ./src/cr_startup_lpc175x_6x.o
UART0_IRQHandler                                  ./src/cr_startup_lpc175x_6x.o
UART1_IRQHandler                                  ./src/cr_startup_lpc175x_6x.o
UART2_IRQHandler                                  ./src/cr_startup_lpc175x_6x.o
UART3_IRQHandler                                  ./src/cr_startup_lpc175x_6x.o
USBActivity_IRQHandler                            ./src/cr_startup_lpc175x_6x.o
USB_IRQHandler                                    ./src/cr_startup_lpc175x_6x.o
UsageFault_Handler                                ./src/cr_startup_lpc175x_6x.o
WAIT_GetElapsedMs                                 C:\Users\pedro\Desktop\LEECT\Semestre 5\SE1\Workplace\LEETC_SE1\Debug\libLEETC_SE1.a(wait.o)
WAIT_IRQ0_Us                                      C:\Users\pedro\Desktop\LEECT\Semestre 5\SE1\Workplace\LEETC_SE1\Debug\libLEETC_SE1.a(wait.o)
WAIT_IRQ1_Us                                      C:\Users\pedro\Desktop\LEECT\Semestre 5\SE1\Workplace\LEETC_SE1\Debug\libLEETC_SE1.a(wait.o)
WAIT_IRQ2_Us                                      C:\Users\pedro\Desktop\LEECT\Semestre 5\SE1\Workplace\LEETC_SE1\Debug\libLEETC_SE1.a(wait.o)
WAIT_IRQ3_Us                                      C:\Users\pedro\Desktop\LEECT\Semestre 5\SE1\Workplace\LEETC_SE1\Debug\libLEETC_SE1.a(wait.o)
WAIT_Init                                         C:\Users\pedro\Desktop\LEECT\Semestre 5\SE1\Workplace\LEETC_SE1\Debug\libLEETC_SE1.a(wait.o)
                                                  C:\Users\pedro\Desktop\LEECT\Semestre 5\SE1\Workplace\LEETC_SE1\Debug\libLEETC_SE1.a(lcd.o)
                                                  C:\Users\pedro\Desktop\LEECT\Semestre 5\SE1\Workplace\LEETC_SE1\Debug\libLEETC_SE1.a(button.o)
                                                  ./src/LAB6v1.o
WAIT_IsBusy                                       C:\Users\pedro\Desktop\LEECT\Semestre 5\SE1\Workplace\LEETC_SE1\Debug\libLEETC_SE1.a(wait.o)
WAIT_SYS_Ms                                       C:\Users\pedro\Desktop\LEECT\Semestre 5\SE1\Workplace\LEETC_SE1\Debug\libLEETC_SE1.a(wait.o)
                                                  C:\Users\pedro\Desktop\LEECT\Semestre 5\SE1\Workplace\LEETC_SE1\Debug\libLEETC_SE1.a(button.o)
WAIT_TIM0_Us                                      C:\Users\pedro\Desktop\LEECT\Semestre 5\SE1\Workplace\LEETC_SE1\Debug\libLEETC_SE1.a(wait.o)
                                                  ./src/LAB6v1.o
WAIT_TIM1_Us                                      C:\Users\pedro\Desktop\LEECT\Semestre 5\SE1\Workplace\LEETC_SE1\Debug\libLEETC_SE1.a(wait.o)
WAIT_TIM2_Us                                      C:\Users\pedro\Desktop\LEECT\Semestre 5\SE1\Workplace\LEETC_SE1\Debug\libLEETC_SE1.a(wait.o)
WAIT_TIM3_Us                                      C:\Users\pedro\Desktop\LEECT\Semestre 5\SE1\Workplace\LEETC_SE1\Debug\libLEETC_SE1.a(wait.o)
                                                  C:\Users\pedro\Desktop\LEECT\Semestre 5\SE1\Workplace\LEETC_SE1\Debug\libLEETC_SE1.a(lcd.o)
WDT_IRQHandler                                    ./src/cr_startup_lpc175x_6x.o
_Csys_alloc                                       e:/nxp/mcuxpressoide_11.2.1_4149/ide/plugins/com.nxp.mcuxpresso.tools.win32_11.2.0.202008311134/tools/bin/../lib/gcc/arm-none-eabi/9.2.1/../../../../arm-none-eabi/lib/thumb/v7-m/nofp\libcr_c.a(alloc.o)
                                                  e:/nxp/mcuxpressoide_11.2.1_4149/ide/plugins/com.nxp.mcuxpresso.tools.win32_11.2.0.202008311134/tools/bin/../lib/gcc/arm-none-eabi/9.2.1/../../../../arm-none-eabi/lib/thumb/v7-m/nofp\libcr_c.a(_deferredlazyseek.o)
_Cwritebuf                                        e:/nxp/mcuxpressoide_11.2.1_4149/ide/plugins/com.nxp.mcuxpresso.tools.win32_11.2.0.202008311134/tools/bin/../lib/gcc/arm-none-eabi/9.2.1/../../../../arm-none-eabi/lib/thumb/v7-m/nofp\libcr_c.a(_writebuf.o)
                                                  e:/nxp/mcuxpressoide_11.2.1_4149/ide/plugins/com.nxp.mcuxpresso.tools.win32_11.2.0.202008311134/tools/bin/../lib/gcc/arm-none-eabi/9.2.1/../../../../arm-none-eabi/lib/thumb/v7-m/nofp\libcr_c.a(_fflush.o)
                                                  e:/nxp/mcuxpressoide_11.2.1_4149/ide/plugins/com.nxp.mcuxpresso.tools.win32_11.2.0.202008311134/tools/bin/../lib/gcc/arm-none-eabi/9.2.1/../../../../arm-none-eabi/lib/thumb/v7-m/nofp\libcr_c.a(_deferredlazyseek.o)
__CR_SEMIHOST                                     e:/nxp/mcuxpressoide_11.2.1_4149/ide/plugins/com.nxp.mcuxpresso.tools.win32_11.2.0.202008311134/tools/bin/../lib/gcc/arm-none-eabi/9.2.1/../../../../arm-none-eabi/lib/thumb/v7-m/nofp\libcr_semihost.a(_cr__main.o)
__Ciob                                            e:/nxp/mcuxpressoide_11.2.1_4149/ide/plugins/com.nxp.mcuxpresso.tools.win32_11.2.0.202008311134/tools/bin/../lib/gcc/arm-none-eabi/9.2.1/../../../../arm-none-eabi/lib/thumb/v7-m/nofp\libcr_semihost.a(__ciob.o)
                                                  e:/nxp/mcuxpressoide_11.2.1_4149/ide/plugins/com.nxp.mcuxpresso.tools.win32_11.2.0.202008311134/tools/bin/../lib/gcc/arm-none-eabi/9.2.1/../../../../arm-none-eabi/lib/thumb/v7-m/nofp\libcr_c.a(fflush.o)
                                                  e:/nxp/mcuxpressoide_11.2.1_4149/ide/plugins/com.nxp.mcuxpresso.tools.win32_11.2.0.202008311134/tools/bin/../lib/gcc/arm-none-eabi/9.2.1/../../../../arm-none-eabi/lib/thumb/v7-m/nofp\libcr_c.a(printf.o)
                                                  e:/nxp/mcuxpressoide_11.2.1_4149/ide/plugins/com.nxp.mcuxpresso.tools.win32_11.2.0.202008311134/tools/bin/../lib/gcc/arm-none-eabi/9.2.1/../../../../arm-none-eabi/lib/thumb/v7-m/nofp\libcr_c.a(initio.o)
                                                  e:/nxp/mcuxpressoide_11.2.1_4149/ide/plugins/com.nxp.mcuxpresso.tools.win32_11.2.0.202008311134/tools/bin/../lib/gcc/arm-none-eabi/9.2.1/../../../../arm-none-eabi/lib/thumb/v7-m/nofp\libcr_c.a(fpprintf.o)
__aeabi_cdcmpeq                                   e:/nxp/mcuxpressoide_11.2.1_4149/ide/plugins/com.nxp.mcuxpresso.tools.win32_11.2.0.202008311134/tools/bin/../lib/gcc/arm-none-eabi/9.2.1/thumb/v7-m/nofp\libcr_eabihelpers.a(double.o)
__aeabi_cdcmple                                   e:/nxp/mcuxpressoide_11.2.1_4149/ide/plugins/com.nxp.mcuxpresso.tools.win32_11.2.0.202008311134/tools/bin/../lib/gcc/arm-none-eabi/9.2.1/thumb/v7-m/nofp\libcr_eabihelpers.a(double.o)
__aeabi_cdrcmple                                  e:/nxp/mcuxpressoide_11.2.1_4149/ide/plugins/com.nxp.mcuxpresso.tools.win32_11.2.0.202008311134/tools/bin/../lib/gcc/arm-none-eabi/9.2.1/thumb/v7-m/nofp\libcr_eabihelpers.a(double.o)
__aeabi_d2f                                       e:/nxp/mcuxpressoide_11.2.1_4149/ide/plugins/com.nxp.mcuxpresso.tools.win32_11.2.0.202008311134/tools/bin/../lib/gcc/arm-none-eabi/9.2.1/thumb/v7-m/nofp\libcr_eabihelpers.a(double.o)
__aeabi_d2iz                                      e:/nxp/mcuxpressoide_11.2.1_4149/ide/plugins/com.nxp.mcuxpresso.tools.win32_11.2.0.202008311134/tools/bin/../lib/gcc/arm-none-eabi/9.2.1/thumb/v7-m/nofp\libcr_eabihelpers.a(double.o)
                                                  e:/nxp/mcuxpressoide_11.2.1_4149/ide/plugins/com.nxp.mcuxpresso.tools.win32_11.2.0.202008311134/tools/bin/../lib/gcc/arm-none-eabi/9.2.1/../../../../arm-none-eabi/lib/thumb/v7-m/nofp\libcr_c.a(fpprintf.o)
__aeabi_d2lz                                      e:/nxp/mcuxpressoide_11.2.1_4149/ide/plugins/com.nxp.mcuxpresso.tools.win32_11.2.0.202008311134/tools/bin/../lib/gcc/arm-none-eabi/9.2.1/thumb/v7-m/nofp\libcr_eabihelpers.a(double.o)
__aeabi_d2uiz                                     e:/nxp/mcuxpressoide_11.2.1_4149/ide/plugins/com.nxp.mcuxpresso.tools.win32_11.2.0.202008311134/tools/bin/../lib/gcc/arm-none-eabi/9.2.1/thumb/v7-m/nofp\libcr_eabihelpers.a(double.o)
                                                  C:\Users\pedro\Desktop\LEECT\Semestre 5\SE1\Workplace\LEETC_SE1\Debug\libLEETC_SE1.a(wait.o)
__aeabi_d2ulz                                     e:/nxp/mcuxpressoide_11.2.1_4149/ide/plugins/com.nxp.mcuxpresso.tools.win32_11.2.0.202008311134/tools/bin/../lib/gcc/arm-none-eabi/9.2.1/thumb/v7-m/nofp\libcr_eabihelpers.a(double.o)
__aeabi_dadd                                      e:/nxp/mcuxpressoide_11.2.1_4149/ide/plugins/com.nxp.mcuxpresso.tools.win32_11.2.0.202008311134/tools/bin/../lib/gcc/arm-none-eabi/9.2.1/thumb/v7-m/nofp\libcr_eabihelpers.a(double.o)
                                                  e:/nxp/mcuxpressoide_11.2.1_4149/ide/plugins/com.nxp.mcuxpresso.tools.win32_11.2.0.202008311134/tools/bin/../lib/gcc/arm-none-eabi/9.2.1/../../../../arm-none-eabi/lib/thumb/v7-m/nofp\libcr_c.a(fpprintf.o)