car_runner.c:21:6:dummy	4	static
car_runner.c:34:6:stateMachine	8	static
car_runner.c:94:6:blinkHandler	4	static
car_runner.c:98:6:getUsername	32	static
car_runner.c:168:6:updateAndPrintTime	72	static
car_runner.c:236:6:printScore	24	static
car_runner.c:283:6:currentScoreHandler	4	static
car_runner.c:290:6:idleWait	8	static
car_runner.c:294:6:idle	32	static
car_runner.c:390:6:busyPointsHandler	4	static
car_runner.c:395:6:changeRow	16	static
car_runner.c:400:5:getInclination	16	static
car_runner.c:409:6:printToCol	16	static
car_runner.c:416:6:shiftFuelIndicator	16	static
car_runner.c:458:6:shiftCar	16	static
car_runner.c:479:6:randomiseFuel	200	static
car_runner.c:499:6:randomiseObstacles	40	static
car_runner.c:534:6:checkForFuelGrab	16	static
car_runner.c:547:6:checkForLoss	16	static
car_runner.c:551:6:pregame	8	static
car_runner.c:560:6:game	360	static
car_runner.c:613:6:postgame	8	static
car_runner.c:643:6:config	24	static
car_runner.c:750:6:timeConfig	24	static
car_runner.c:794:6:scoresErased	8	static
car_runner.c:804:6:yesOrNo	24	static
car_runner.c:869:5:main	16	static
