Archive member included to satisfy reference by file (symbol)

C:\Users\pedro\Desktop\LEECT\Semestre 5\SE1\Workplace\LEETC_SE1\Debug\libLEETC_SE1.a(button.o)
                              ./src/LAB3v2.o (BUTTON_Init)
C:\Users\pedro\Desktop\LEECT\Semestre 5\SE1\Workplace\LEETC_SE1\Debug\libLEETC_SE1.a(led.o)
                              ./src/LAB3v2.o (LED_Init)
C:\Users\pedro\Desktop\LEECT\Semestre 5\SE1\Workplace\LEETC_SE1\Debug\libLEETC_SE1.a(wait.o)
                              ./src/LAB3v2.o (WAIT_Init)
C:\Users\pedro\Desktop\LEECT\Semestre 5\SE1\Workplace\CMSIS_CORE_LPC17xx\Debug\libCMSIS_CORE_LPC17xx.a(system_LPC17xx.o)
                              C:\Users\pedro\Desktop\LEECT\Semestre 5\SE1\Workplace\LEETC_SE1\Debug\libLEETC_SE1.a(wait.o) (SystemCoreClockUpdate)
e:/nxp/mcuxpressoide_11.2.1_4149/ide/plugins/com.nxp.mcuxpresso.tools.win32_11.2.0.202008311134/tools/bin/../lib/gcc/arm-none-eabi/9.2.1/../../../../arm-none-eabi/lib/thumb/v7-m/nofp\libcr_semihost.a(_cr__main.o)
                              ./src/cr_startup_lpc175x_6x.o (__main)
e:/nxp/mcuxpressoide_11.2.1_4149/ide/plugins/com.nxp.mcuxpresso.tools.win32_11.2.0.202008311134/tools/bin/../lib/gcc/arm-none-eabi/9.2.1/../../../../arm-none-eabi/lib/thumb/v7-m/nofp\libcr_c.a(fpprintf.o)
                              ./src/LAB3v2.o (printf)
e:/nxp/mcuxpressoide_11.2.1_4149/ide/plugins/com.nxp.mcuxpresso.tools.win32_11.2.0.202008311134/tools/bin/../lib/gcc/arm-none-eabi/9.2.1/../../../../arm-none-eabi/lib/thumb/v7-m/nofp\libcr_c.a(initio.o)
                              e:/nxp/mcuxpressoide_11.2.1_4149/ide/plugins/com.nxp.mcuxpresso.tools.win32_11.2.0.202008311134/tools/bin/../lib/gcc/arm-none-eabi/9.2.1/../../../../arm-none-eabi/lib/thumb/v7-m/nofp\libcr_semihost.a(_cr__main.o) (_initio)
e:/nxp/mcuxpressoide_11.2.1_4149/ide/plugins/com.nxp.mcuxpresso.tools.win32_11.2.0.202008311134/tools/bin/../lib/gcc/arm-none-eabi/9.2.1/../../../../arm-none-eabi/lib/thumb/v7-m/nofp\libcr_c.a(printf.o)
                              e:/nxp/mcuxpressoide_11.2.1_4149/ide/plugins/com.nxp.mcuxpresso.tools.win32_11.2.0.202008311134/tools/bin/../lib/gcc/arm-none-eabi/9.2.1/../../../../arm-none-eabi/lib/thumb/v7-m/nofp\libcr_c.a(fpprintf.o) (__vfprintf)
e:/nxp/mcuxpressoide_11.2.1_4149/ide/plugins/com.nxp.mcuxpresso.tools.win32_11.2.0.202008311134/tools/bin/../lib/gcc/arm-none-eabi/9.2.1/../../../../arm-none-eabi/lib/thumb/v7-m/nofp\libcr_c.a(setvbuf.o)
                              e:/nxp/mcuxpressoide_11.2.1_4149/ide/plugins/com.nxp.mcuxpresso.tools.win32_11.2.0.202008311134/tools/bin/../lib/gcc/arm-none-eabi/9.2.1/../../../../arm-none-eabi/lib/thumb/v7-m/nofp\libcr_c.a(initio.o) (setvbuf)
e:/nxp/mcuxpressoide_11.2.1_4149/ide/plugins/com.nxp.mcuxpresso.tools.win32_11.2.0.202008311134/tools/bin/../lib/gcc/arm-none-eabi/9.2.1/../../../../arm-none-eabi/lib/thumb/v7-m/nofp\libcr_c.a(strlen.o)
                              e:/nxp/mcuxpressoide_11.2.1_4149/ide/plugins/com.nxp.mcuxpresso.tools.win32_11.2.0.202008311134/tools/bin/../lib/gcc/arm-none-eabi/9.2.1/../../../../arm-none-eabi/lib/thumb/v7-m/nofp\libcr_c.a(printf.o) (strlen)
e:/nxp/mcuxpressoide_11.2.1_4149/ide/plugins/com.nxp.mcuxpresso.tools.win32_11.2.0.202008311134/tools/bin/../lib/gcc/arm-none-eabi/9.2.1/../../../../arm-none-eabi/lib/thumb/v7-m/nofp\libcr_c.a(memset.o)
                              e:/nxp/mcuxpressoide_11.2.1_4149/ide/plugins/com.nxp.mcuxpresso.tools.win32_11.2.0.202008311134/tools/bin/../lib/gcc/arm-none-eabi/9.2.1/../../../../arm-none-eabi/lib/thumb/v7-m/nofp\libcr_c.a(fpprintf.o) (memset)
e:/nxp/mcuxpressoide_11.2.1_4149/ide/plugins/com.nxp.mcuxpresso.tools.win32_11.2.0.202008311134/tools/bin/../lib/gcc/arm-none-eabi/9.2.1/../../../../arm-none-eabi/lib/thumb/v7-m/nofp\libcr_c.a(_deferredlazyseek.o)
                              e:/nxp/mcuxpressoide_11.2.1_4149/ide/plugins/com.nxp.mcuxpresso.tools.win32_11.2.0.202008311134/tools/bin/../lib/gcc/arm-none-eabi/9.2.1/../../../../arm-none-eabi/lib/thumb/v7-m/nofp\libcr_c.a(fpprintf.o) (__flsbuf)
e:/nxp/mcuxpressoide_11.2.1_4149/ide/plugins/com.nxp.mcuxpresso.tools.win32_11.2.0.202008311134/tools/bin/../lib/gcc/arm-none-eabi/9.2.1/../../../../arm-none-eabi/lib/thumb/v7-m/nofp\libcr_c.a(_fdopen.o)
                              e:/nxp/mcuxpressoide_11.2.1_4149/ide/plugins/com.nxp.mcuxpresso.tools.win32_11.2.0.202008311134/tools/bin/../lib/gcc/arm-none-eabi/9.2.1/../../../../arm-none-eabi/lib/thumb/v7-m/nofp\libcr_c.a(initio.o) (_fdopen)
e:/nxp/mcuxpressoide_11.2.1_4149/ide/plugins/com.nxp.mcuxpresso.tools.win32_11.2.0.202008311134/tools/bin/../lib/gcc/arm-none-eabi/9.2.1/../../../../arm-none-eabi/lib/thumb/v7-m/nofp\libcr_c.a(_fflush.o)
                              e:/nxp/mcuxpressoide_11.2.1_4149/ide/plugins/com.nxp.mcuxpresso.tools.win32_11.2.0.202008311134/tools/bin/../lib/gcc/arm-none-eabi/9.2.1/../../../../arm-none-eabi/lib/thumb/v7-m/nofp\libcr_c.a(_deferredlazyseek.o) (_fflush)
[...]
Memory Configuration

Name             Origin             Length             Attributes
MFlash512        0x00000000         0x00080000         xr
RamLoc32         0x10000000         0x00008000         xrw
RamAHB32         0x2007c000         0x00008000         xrw
*default*        0x00000000         0xffffffff

Linker script and memory map

LOAD ./src/LAB3v2.o
LOAD ./src/cr_startup_lpc175x_6x.o
LOAD ./src/crp.o
LOAD C:\Users\pedro\Desktop\LEECT\Semestre 5\SE1\Workplace\LEETC_SE1\Debug\libLEETC_SE1.a
LOAD C:\Users\pedro\Desktop\LEECT\Semestre 5\SE1\Workplace\CMSIS_CORE_LPC17xx\Debug\libCMSIS_CORE_LPC17xx.a
START GROUP
LOAD e:/nxp/mcuxpressoide_11.2.1_4149/ide/plugins/com.nxp.mcuxpresso.tools.win32_11.2.0.202008311134/tools/bin/../lib/gcc/arm-none-eabi/9.2.1/../../../../arm-none-eabi/lib/thumb/v7-m/nofp\libcr_semihost.a
LOAD e:/nxp/mcuxpressoide_11.2.1_4149/ide/plugins/com.nxp.mcuxpresso.tools.win32_11.2.0.202008311134/tools/bin/../lib/gcc/arm-none-eabi/9.2.1/../../../../arm-none-eabi/lib/thumb/v7-m/nofp\libcr_c.a
LOAD e:/nxp/mcuxpressoide_11.2.1_4149/ide/plugins/com.nxp.mcuxpresso.tools.win32_11.2.0.202008311134/tools/bin/../lib/gcc/arm-none-eabi/9.2.1/thumb/v7-m/nofp\libcr_eabihelpers.a
LOAD e:/nxp/mcuxpressoide_11.2.1_4149/ide/plugins/com.nxp.mcuxpresso.tools.win32_11.2.0.202008311134/tools/bin/../lib/gcc/arm-none-eabi/9.2.1/thumb/v7-m/nofp\libgcc.a
END GROUP
                0x00000000                __base_MFlash512 = 0x0
                0x00000000                __base_Flash = 0x0
                0x00080000                __top_MFlash512 = 0x80000
                0x00080000                __top_Flash = 0x80000
                0x10000000                __base_RamLoc32 = 0x10000000
                0x10000000                __base_RAM = 0x10000000
                0x10008000                __top_RamLoc32 = 0x10008000
                0x10008000                __top_RAM = 0x10008000
                0x2007c000                __base_RamAHB32 = 0x2007c000
                0x2007c000                __base_RAM2 = 0x2007c000
                0x20084000                __top_RamAHB32 = 0x20084000
                0x20084000                __top_RAM2 = 0x20084000

.text           0x00000000     0x37f0
 FILL mask 0xff
                0x00000000                __vectors_start__ = ABSOLUTE (.)
 *(.isr_vector)
 .isr_vector    0x00000000       0xcc ./src/cr_startup_lpc175x_6x.o
                0x00000000                g_pfnVectors
                0x000000cc                . = ALIGN (0x4)
                0x000000cc                __section_table_start = .
                0x000000cc                __data_section_table = .
                0x000000cc        0x4 LONG 0x37f0 LOADADDR (.data)
                0x000000d0        0x4 LONG 0x10000000 ADDR (.data)
                0x000000d4        0x4 LONG 0x4 SIZEOF (.data)
                0x000000d8        0x4 LONG 0x37f0 LOADADDR (.data_RAM2)
                0x000000dc        0x4 LONG 0x2007c000 ADDR (.data_RAM2)
                0x000000e0        0x4 LONG 0x0 SIZEOF (.data_RAM2)
                0x000000e4                __data_section_table_end = .
                0x000000e4                __bss_section_table = .
                0x000000e4        0x4 LONG 0x10000004 ADDR (.bss)
                0x000000e8        0x4 LONG 0x21c SIZEOF (.bss)
                0x000000ec        0x4 LONG 0x2007c000 ADDR (.bss_RAM2)
                0x000000f0        0x4 LONG 0x0 SIZEOF (.bss_RAM2)
                0x000000f4                __bss_section_table_end = .
                0x000000f4                __section_table_end = .
 *(.after_vectors*)
 .after_vectors
                0x000000f4      0x130 ./src/cr_startup_lpc175x_6x.o
                0x000000f4                data_init
                0x00000138                bss_init
                0x00000170                ResetISR
                0x000001e8                NMI_Handler
                0x000001ee                HardFault_Handler
                0x000001f4                MemManage_Handler
                0x000001fa                BusFault_Handler
                0x00000200                UsageFault_Handler
                0x00000206                SVC_Handler
                0x0000020c                DebugMon_Handler
                0x00000212                PendSV_Handler
                0x0000021e                EINT3_IRQHandler
                0x0000021e                CANActivity_IRQHandler
                0x0000021e                UART0_IRQHandler
                0x0000021e                EINT2_IRQHandler
                0x0000021e                I2C1_IRQHandler
                0x0000021e                IntDefaultHandler
                0x0000021e                PLL0_IRQHandler
                0x0000021e                CAN_IRQHandler
                0x0000021e                PLL1_IRQHandler
                0x0000021e                UART1_IRQHandler
                0x0000021e                I2S_IRQHandler
                0x0000021e                I2C2_IRQHandler
                0x0000021e                RTC_IRQHandler
                0x0000021e                SPI_IRQHandler
                0x0000021e                PWM1_IRQHandler
                0x0000021e                EINT1_IRQHandler
                0x0000021e                UART2_IRQHandler
                0x0000021e                ADC_IRQHandler
                0x0000021e                SSP1_IRQHandler
                0x0000021e                USB_IRQHandler
                0x0000021e                BOD_IRQHandler
                0x0000021e                USBActivity_IRQHandler
                0x0000021e                WDT_IRQHandler
                0x0000021e                I2C0_IRQHandler
                0x0000021e                QEI_IRQHandler
                0x0000021e                EINT0_IRQHandler
                0x0000021e                RIT_IRQHandler
                0x0000021e                DMA_IRQHandler
                0x0000021e                SSP0_IRQHandler
                0x0000021e                UART3_IRQHandler
                0x0000021e                MCPWM_IRQHandler
                0x0000021e                ENET_IRQHandler
                0x000002fc                . = 0x2fc
 *fill*         0x00000224       0xd8 ff
                0x000002fc                PROVIDE (__CRP_WORD_START__ = .)
 *(.crp)
 .crp           0x000002fc        0x4 ./src/crp.o
                0x000002fc                CRP_WORD
                0x00000300                PROVIDE (__CRP_WORD_END__ = .)
                0x00000001                ASSERT (! ((__CRP_WORD_START__ == __CRP_WORD_END__)), Linker CRP Enabled, but no CRP_WORD provided within application)
 *(.text*)
 .text.main     0x00000300       0xa8 ./src/LAB3v2.o
                0x00000300                main
 .text.Int_Handler
                0x000003a8       0x14 ./src/LAB3v2.o
                0x000003a8                Int_Handler
 .text.BUTTON_Init
                0x000003bc       0x2c C:\Users\pedro\Desktop\LEECT\Semestre 5\SE1\Workplace\LEETC_SE1\Debug\libLEETC_SE1.a(button.o)
                0x000003bc                BUTTON_Init
 .text.BUTTON_Hit
                0x000003e8       0x1c C:\Users\pedro\Desktop\LEECT\Semestre 5\SE1\Workplace\LEETC_SE1\Debug\libLEETC_SE1.a(button.o)
                0x000003e8                BUTTON_Hit
 .text.BUTTON_GetButtonsEvents
                0x00000404       0x3c C:\Users\pedro\Desktop\LEECT\Semestre 5\SE1\Workplace\LEETC_SE1\Debug\libLEETC_SE1.a(button.o)
                0x00000404                BUTTON_GetButtonsEvents
 .text.LED_Init
                0x00000440       0x3c C:\Users\pedro\Desktop\LEECT\Semestre 5\SE1\Workplace\LEETC_SE1\Debug\libLEETC_SE1.a(led.o)
                0x00000440                LED_Init
 .text.LED_GetState
                0x0000047c       0x24 C:\Users\pedro\Desktop\LEECT\Semestre 5\SE1\Workplace\LEETC_SE1\Debug\libLEETC_SE1.a(led.o)
                0x0000047c                LED_GetState
 .text.LED_On   0x000004a0       0x18 C:\Users\pedro\Desktop\LEECT\Semestre 5\SE1\Workplace\LEETC_SE1\Debug\libLEETC_SE1.a(led.o)
                0x000004a0                LED_On
 .text.LED_Off  0x000004b8       0x18 C:\Users\pedro\Desktop\LEECT\Semestre 5\SE1\Workplace\LEETC_SE1\Debug\libLEETC_SE1.a(led.o)
                0x000004b8                LED_Off
 .text.LED_Invert
                0x000004d0       0x1c C:\Users\pedro\Desktop\LEECT\Semestre 5\SE1\Workplace\LEETC_SE1\Debug\libLEETC_SE1.a(led.o)
                0x000004d0                LED_Invert
 .text.NVIC_EnableIRQ
                0x000004ec       0x30 C:\Users\pedro\Desktop\LEECT\Semestre 5\SE1\Workplace\LEETC_SE1\Debug\libLEETC_SE1.a(wait.o)
 .text.NVIC_SetPriority
                0x0000051c       0x54 C:\Users\pedro\Desktop\LEECT\Semestre 5\SE1\Workplace\LEETC_SE1\Debug\libLEETC_SE1.a(wait.o)
 .text.SysTick_Config
                0x00000570       0x44 C:\Users\pedro\Desktop\LEECT\Semestre 5\SE1\Workplace\LEETC_SE1\Debug\libLEETC_SE1.a(wait.o)
 .text.SysTick_Handler
                0x000005b4       0x1c C:\Users\pedro\Desktop\LEECT\Semestre 5\SE1\Workplace\LEETC_SE1\Debug\libLEETC_SE1.a(wait.o)
                0x000005b4                SysTick_Handler
 .text.TIMER0_IRQHandler
                0x000005d0       0x34 C:\Users\pedro\Desktop\LEECT\Semestre 5\SE1\Workplace\LEETC_SE1\Debug\libLEETC_SE1.a(wait.o)
                0x000005d0                TIMER0_IRQHandler
 .text.TIMER1_IRQHandler
                0x00000604       0x34 C:\Users\pedro\Desktop\LEECT\Semestre 5\SE1\Workplace\LEETC_SE1\Debug\libLEETC_SE1.a(wait.o)
                0x00000604                TIMER1_IRQHandler
 .text.TIMER2_IRQHandler
                0x00000638       0x34 C:\Users\pedro\Desktop\LEECT\Semestre 5\SE1\Workplace\LEETC_SE1\Debug\libLEETC_SE1.a(wait.o)
                0x00000638                TIMER2_IRQHandler
 .text.TIMER3_IRQHandler
                0x0000066c       0x34 C:\Users\pedro\Desktop\LEECT\Semestre 5\SE1\Workplace\LEETC_SE1\Debug\libLEETC_SE1.a(wait.o)
                0x0000066c                TIMER3_IRQHandler
 .text.WAIT_Init
                0x000006a0       0xa8 C:\Users\pedro\Desktop\LEECT\Semestre 5\SE1\Workplace\LEETC_SE1\Debug\libLEETC_SE1.a(wait.o)
                0x000006a0                WAIT_Init
 .text.setBusy  0x00000748      0x128 C:\Users\pedro\Desktop\LEECT\Semestre 5\SE1\Workplace\LEETC_SE1\Debug\libLEETC_SE1.a(wait.o)
 .text.WAIT_IsEnabled
                0x00000870       0x34 C:\Users\pedro\Desktop\LEECT\Semestre 5\SE1\Workplace\LEETC_SE1\Debug\libLEETC_SE1.a(wait.o)
 .text.WAIT_SYS_Init
                0x000008a4       0x34 C:\Users\pedro\Desktop\LEECT\Semestre 5\SE1\Workplace\LEETC_SE1\Debug\libLEETC_SE1.a(wait.o)
 .text.WAIT_TIM0_Init
                0x000008d8       0xac C:\Users\pedro\Desktop\LEECT\Semestre 5\SE1\Workplace\LEETC_SE1\Debug\libLEETC_SE1.a(wait.o)
 .text.WAIT_IRQ0_Init
                0x00000984       0x28 C:\Users\pedro\Desktop\LEECT\Semestre 5\SE1\Workplace\LEETC_SE1\Debug\libLEETC_SE1.a(wait.o)
 *fill*         0x000009ac        0x4 ff
 .text.WAIT_TIM1_Init
                0x000009b0       0xa0 C:\Users\pedro\Desktop\LEECT\Semestre 5\SE1\Workplace\LEETC_SE1\Debug\libLEETC_SE1.a(wait.o)
 .text.WAIT_IRQ1_Init
                0x00000a50       0x28 C:\Users\pedro\Desktop\LEECT\Semestre 5\SE1\Workplace\LEETC_SE1\Debug\libLEETC_SE1.a(wait.o)
 .text.WAIT_TIM2_Init
                0x00000a78       0xa0 C:\Users\pedro\Desktop\LEECT\Semestre 5\SE1\Workplace\LEETC_SE1\Debug\libLEETC_SE1.a(wait.o)
 .text.WAIT_IRQ2_Init
                0x00000b18       0x28 C:\Users\pedro\Desktop\LEECT\Semestre 5\SE1\Workplace\LEETC_SE1\Debug\libLEETC_SE1.a(wait.o)
 .text.WAIT_TIM3_Init
                0x00000b40       0xa0 C:\Users\pedro\Desktop\LEECT\Semestre 5\SE1\Workplace\LEETC_SE1\Debug\libLEETC_SE1.a(wait.o)
 .text.WAIT_IRQ3_Init
                0x00000be0       0x28 C:\Users\pedro\Desktop\LEECT\Semestre 5\SE1\Workplace\LEETC_SE1\Debug\libLEETC_SE1.a(wait.o)
 .text.WAIT_SYS_Ms
                0x00000c08       0x34 C:\Users\pedro\Desktop\LEECT\Semestre 5\SE1\Workplace\LEETC_SE1\Debug\libLEETC_SE1.a(wait.o)
                0x00000c08                WAIT_SYS_Ms
 .text.WAIT_IRQ0_Us
                0x00000c3c       0x38 C:\Users\pedro\Desktop\LEECT\Semestre 5\SE1\Workplace\LEETC_SE1\Debug\libLEETC_SE1.a(wait.o)
                0x00000c3c                WAIT_IRQ0_Us
 .text.SystemCoreClockUpdate
                0x00000c74       0xb8 C:\Users\pedro\Desktop\LEECT\Semestre 5\SE1\Workplace\CMSIS_CORE_LPC17xx\Debug\libCMSIS_CORE_LPC17xx.a(system_LPC17xx.o)
                0x00000c74                SystemCoreClockUpdate
 .text.SystemInit
                0x00000d2c       0xdc C:\Users\pedro\Desktop\LEECT\Semestre 5\SE1\Workplace\CMSIS_CORE_LPC17xx\Debug\libCMSIS_CORE_LPC17xx.a(system_LPC17xx.o)
                0x00000d2c                SystemInit
 .text.__main   0x00000e08        0xe e:/nxp/mcuxpressoide_11.2.1_4149/ide/plugins/com.nxp.mcuxpresso.tools.win32_11.2.0.202008311134/tools/bin/../lib/gcc/arm-none-eabi/9.2.1/../../../../arm-none-eabi/lib/thumb/v7-m/nofp\libcr_semihost.a(_cr__main.o)
                0x00000e08                __CR_SEMIHOST
                0x00000e08                __main
 .text.fp_round
                0x00000e16       0x4c e:/nxp/mcuxpressoide_11.2.1_4149/ide/plugins/com.nxp.mcuxpresso.tools.win32_11.2.0.202008311134/tools/bin/../lib/gcc/arm-none-eabi/9.2.1/../../../../arm-none-eabi/lib/thumb/v7-m/nofp\libcr_c.a(fpprintf.o)
 .text.pr_dec.constprop.0
                0x00000e62       0x26 e:/nxp/mcuxpressoide_11.2.1_4149/ide/plugins/com.nxp.mcuxpresso.tools.win32_11.2.0.202008311134/tools/bin/../lib/gcc/arm-none-eabi/9.2.1/../../../../arm-none-eabi/lib/thumb/v7-m/nofp\libcr_c.a(fpprintf.o)
 .text.sprintf  0x00000e88       0x6c e:/nxp/mcuxpressoide_11.2.1_4149/ide/plugins/com.nxp.mcuxpresso.tools.win32_11.2.0.202008311134/tools/bin/../lib/gcc/arm-none-eabi/9.2.1/../../../../arm-none-eabi/lib/thumb/v7-m/nofp\libcr_c.a(fpprintf.o)
                0x00000e88                sprintf
 *fill*         0x00000ef4        0x4 ff
 .text.fp_display
                0x00000ef8      0x950 e:/nxp/mcuxpressoide_11.2.1_4149/ide/plugins/com.nxp.mcuxpresso.tools.win32_11.2.0.202008311134/tools/bin/../lib/gcc/arm-none-eabi/9.2.1/../../../../arm-none-eabi/lib/thumb/v7-m/nofp\libcr_c.a(fpprintf.o)
 .text.vsnprintf
                0x00001848       0x68 e:/nxp/mcuxpressoide_11.2.1_4149/ide/plugins/com.nxp.mcuxpresso.tools.win32_11.2.0.202008311134/tools/bin/../lib/gcc/arm-none-eabi/9.2.1/../../../../arm-none-eabi/lib/thumb/v7-m/nofp\libcr_c.a(fpprintf.o)
                0x00001848                vsnprintf
 .text.printf   0x000018b0       0x54 e:/nxp/mcuxpressoide_11.2.1_4149/ide/plugins/com.nxp.mcuxpresso.tools.win32_11.2.0.202008311134/tools/bin/../lib/gcc/arm-none-eabi/9.2.1/../../../../arm-none-eabi/lib/thumb/v7-m/nofp\libcr_c.a(fpprintf.o)
                0x000018b0                printf
 .text._initio  0x00001904       0x78 e:/nxp/mcuxpressoide_11.2.1_4149/ide/plugins/com.nxp.mcuxpresso.tools.win32_11.2.0.202008311134/tools/bin/../lib/gcc/arm-none-eabi/9.2.1/../../../../arm-none-eabi/lib/thumb/v7-m/nofp\libcr_c.a(initio.o)
                0x00001904                _initio
 .text.__vfprintf
                0x0000197c      0xce0 e:/nxp/mcuxpressoide_11.2.1_4149/ide/plugins/com.nxp.mcuxpresso.tools.win32_11.2.0.202008311134/tools/bin/../lib/gcc/arm-none-eabi/9.2.1/../../../../arm-none-eabi/lib/thumb/v7-m/nofp\libcr_c.a(printf.o)
                0x0000197c                __vfprintf
 .text.setvbuf  0x0000265c       0x3e e:/nxp/mcuxpressoide_11.2.1_4149/ide/plugins/com.nxp.mcuxpresso.tools.win32_11.2.0.202008311134/tools/bin/../lib/gcc/arm-none-eabi/9.2.1/../../../../arm-none-eabi/lib/thumb/v7-m/nofp\libcr_c.a(setvbuf.o)
                0x0000265c                setvbuf
 .text.strlen   0x0000269a       0x4c e:/nxp/mcuxpressoide_11.2.1_4149/ide/plugins/com.nxp.mcuxpresso.tools.win32_11.2.0.202008311134/tools/bin/../lib/gcc/arm-none-eabi/9.2.1/../../../../arm-none-eabi/lib/thumb/v7-m/nofp\libcr_c.a(strlen.o)
                0x0000269a                strlen
 .text.memset   0x000026e6        0x4 e:/nxp/mcuxpressoide_11.2.1_4149/ide/plugins/com.nxp.mcuxpresso.tools.win32_11.2.0.202008311134/tools/bin/../lib/gcc/arm-none-eabi/9.2.1/../../../../arm-none-eabi/lib/thumb/v7-m/nofp\libcr_c.a(memset.o)
                0x000026e6                memset
 .text._deferredlazyseek
                0x000026ea       0x40 e:/nxp/mcuxpressoide_11.2.1_4149/ide/plugins/com.nxp.mcuxpresso.tools.win32_11.2.0.202008311134/tools/bin/../lib/gcc/arm-none-eabi/9.2.1/../../../../arm-none-eabi/lib/thumb/v7-m/nofp\libcr_c.a(_deferredlazyseek.o)
                0x000026ea                _deferredlazyseek
 .text.__flsbuf
                0x0000272a      0x140 e:/nxp/mcuxpressoide_11.2.1_4149/ide/plugins/com.nxp.mcuxpresso.tools.win32_11.2.0.202008311134/tools/bin/../lib/gcc/arm-none-eabi/9.2.1/../../../../arm-none-eabi/lib/thumb/v7-m/nofp\libcr_c.a(_deferredlazyseek.o)
                0x0000272a                __flsbuf
 .text._fdopen  0x0000286a       0x68 e:/nxp/mcuxpressoide_11.2.1_4149/ide/plugins/com.nxp.mcuxpresso.tools.win32_11.2.0.202008311134/tools/bin/../lib/gcc/arm-none-eabi/9.2.1/../../../../arm-none-eabi/lib/thumb/v7-m/nofp\libcr_c.a(_fdopen.o)
                0x0000286a                _fdopen
 .text._fflush  0x000028d2       0x52 e:/nxp/mcuxpressoide_11.2.1_4149/ide/plugins/com.nxp.mcuxpresso.tools.win32_11.2.0.202008311134/tools/bin/../lib/gcc/arm-none-eabi/9.2.1/../../../../arm-none-eabi/lib/thumb/v7-m/nofp\libcr_c.a(_fflush.o)
                0x000028d2                _fflush
 .text._frexpl  0x00002924       0x56 e:/nxp/mcuxpressoide_11.2.1_4149/ide/plugins/com.nxp.mcuxpresso.tools.win32_11.2.0.202008311134/tools/bin/../lib/gcc/arm-none-eabi/9.2.1/../../../../arm-none-eabi/lib/thumb/v7-m/nofp\libcr_c.a(_frexpl.o)
                0x00002924                _frexpl
 *fill*         0x0000297a        0x2 ff
 .text._ldexpl  0x0000297c       0x48 e:/nxp/mcuxpressoide_11.2.1_4149/ide/plugins/com.nxp.mcuxpresso.tools.win32_11.2.0.202008311134/tools/bin/../lib/gcc/arm-none-eabi/9.2.1/../../../../arm-none-eabi/lib/thumb/v7-m/nofp\libcr_c.a(_ldexpl.o)
                0x0000297c                _ldexpl
 .text._Cwritebuf
                0x000029c4       0x6c e:/nxp/mcuxpressoide_11.2.1_4149/ide/plugins/com.nxp.mcuxpresso.tools.win32_11.2.0.202008311134/tools/bin/../lib/gcc/arm-none-eabi/9.2.1/../../../../arm-none-eabi/lib/thumb/v7-m/nofp\libcr_c.a(_writebuf.o)
                0x000029c4                _Cwritebuf
 .text.malloc   0x00002a30       0xc8 e:/nxp/mcuxpressoide_11.2.1_4149/ide/plugins/com.nxp.mcuxpresso.tools.win32_11.2.0.202008311134/tools/bin/../lib/gcc/arm-none-eabi/9.2.1/../../../../arm-none-eabi/lib/thumb/v7-m/nofp\libcr_c.a(alloc.o)
                0x00002a30                malloc
 .text.free     0x00002af8       0x30 e:/nxp/mcuxpressoide_11.2.1_4149/ide/plugins/com.nxp.mcuxpresso.tools.win32_11.2.0.202008311134/tools/bin/../lib/gcc/arm-none-eabi/9.2.1/../../../../arm-none-eabi/lib/thumb/v7-m/nofp\libcr_c.a(alloc.o)
                0x00002af8                free
 .text._Csys_alloc
                0x00002b28       0x20 e:/nxp/mcuxpressoide_11.2.1_4149/ide/plugins/com.nxp.mcuxpresso.tools.win32_11.2.0.202008311134/tools/bin/../lib/gcc/arm-none-eabi/9.2.1/../../../../arm-none-eabi/lib/thumb/v7-m/nofp\libcr_c.a(alloc.o)
                0x00002b28                _Csys_alloc
 .text.fclose   0x00002b48       0x58 e:/nxp/mcuxpressoide_11.2.1_4149/ide/plugins/com.nxp.mcuxpresso.tools.win32_11.2.0.202008311134/tools/bin/../lib/gcc/arm-none-eabi/9.2.1/../../../../arm-none-eabi/lib/thumb/v7-m/nofp\libcr_c.a(fclose.o)
                0x00002b48                fclose
 .text.fflush   0x00002ba0       0x44 e:/nxp/mcuxpressoide_11.2.1_4149/ide/plugins/com.nxp.mcuxpresso.tools.win32_11.2.0.202008311134/tools/bin/../lib/gcc/arm-none-eabi/9.2.1/../../../../arm-none-eabi/lib/thumb/v7-m/nofp\libcr_c.a(fflush.o)
                0x00002ba0                fflush
 .text.fseek    0x00002be4      0x100 e:/nxp/mcuxpressoide_11.2.1_4149/ide/plugins/com.nxp.mcuxpresso.tools.win32_11.2.0.202008311134/tools/bin/../lib/gcc/arm-none-eabi/9.2.1/../../../../arm-none-eabi/lib/thumb/v7-m/nofp\libcr_c.a(fseek.o)
                0x00002be4                fseek
 .text.ftell    0x00002ce4       0x44 e:/nxp/mcuxpressoide_11.2.1_4149/ide/plugins/com.nxp.mcuxpresso.tools.win32_11.2.0.202008311134/tools/bin/../lib/gcc/arm-none-eabi/9.2.1/../../../../arm-none-eabi/lib/thumb/v7-m/nofp\libcr_c.a(ftell.o)
                0x00002ce4                ftell
 .text.remove   0x00002d28       0x14 e:/nxp/mcuxpressoide_11.2.1_4149/ide/plugins/com.nxp.mcuxpresso.tools.win32_11.2.0.202008311134/tools/bin/../lib/gcc/arm-none-eabi/9.2.1/../../../../arm-none-eabi/lib/thumb/v7-m/nofp\libcr_c.a(remove.o)
                0x00002d28                remove
 .text._sbrk    0x00002d3c       0x3c e:/nxp/mcuxpressoide_11.2.1_4149/ide/plugins/com.nxp.mcuxpresso.tools.win32_11.2.0.202008311134/tools/bin/../lib/gcc/arm-none-eabi/9.2.1/../../../../arm-none-eabi/lib/thumb/v7-m/nofp\libcr_c.a(_cr_sbrk.o)
                0x00002d3c                _sbrk
 .text._do_fflush
                0x00002d78       0x40 e:/nxp/mcuxpressoide_11.2.1_4149/ide/plugins/com.nxp.mcuxpresso.tools.win32_11.2.0.202008311134/tools/bin/../lib/gcc/arm-none-eabi/9.2.1/../../../../arm-none-eabi/lib/thumb/v7-m/nofp\libcr_c.a(_do_fflush.o)
                0x00002d78                _do_fflush
 .text.__check_heap_overflow
                0x00002db8       0x14 e:/nxp/mcuxpressoide_11.2.1_4149/ide/plugins/com.nxp.mcuxpresso.tools.win32_11.2.0.202008311134/tools/bin/../lib/gcc/arm-none-eabi/9.2.1/../../../../arm-none-eabi/lib/thumb/v7-m/nofp\libcr_c.a(_cr_check_heap.o)
                0x00002db8                __check_heap_overflow
 .text.__aeabi_division_uldivmod
                0x00002dcc      0x174 e:/nxp/mcuxpressoide_11.2.1_4149/ide/plugins/com.nxp.mcuxpresso.tools.win32_11.2.0.202008311134/tools/bin/../lib/gcc/arm-none-eabi/9.2.1/thumb/v7-m/nofp\libcr_eabihelpers.a(division_64.o)
                0x00002dcc                __aeabi_uldivmod
                0x00002dd0                __bhs_ldivmod1
 .text.__aeabi_division_idiv0
                0x00002f40        0x2 e:/nxp/mcuxpressoide_11.2.1_4149/ide/plugins/com.nxp.mcuxpresso.tools.win32_11.2.0.202008311134/tools/bin/../lib/gcc/arm-none-eabi/9.2.1/thumb/v7-m/nofp\libcr_eabihelpers.a(division_idiv0.o)
                0x00002f40                __aeabi_idiv0
 *fill*         0x00002f42        0x2 ff
 .text.__aeabi_dmul
                0x00002f44      0x114 e:/nxp/mcuxpressoide_11.2.1_4149/ide/plugins/com.nxp.mcuxpresso.tools.win32_11.2.0.202008311134/tools/bin/../lib/gcc/arm-none-eabi/9.2.1/thumb/v7-m/nofp\libcr_eabihelpers.a(double.o)
                0x00002f44                __aeabi_dmul
 .text.__aeabi_ddiv
                0x00003058      0x144 e:/nxp/mcuxpressoide_11.2.1_4149/ide/plugins/com.nxp.mcuxpresso.tools.win32_11.2.0.202008311134/tools/bin/../lib/gcc/arm-none-eabi/9.2.1/thumb/v7-m/nofp\libcr_eabihelpers.a(double.o)
                0x00003058                __aeabi_ddiv
 .text.__aeabi_dsub
                0x0000319c      0x1a8 e:/nxp/mcuxpressoide_11.2.1_4149/ide/plugins/com.nxp.mcuxpresso.tools.win32_11.2.0.202008311134/tools/bin/../lib/gcc/arm-none-eabi/9.2.1/thumb/v7-m/nofp\libcr_eabihelpers.a(double.o)
                0x0000319c                __aeabi_dsub
 .text.__aeabi_dadd
                0x00003344      0x110 e:/nxp/mcuxpressoide_11.2.1_4149/ide/plugins/com.nxp.mcuxpresso.tools.win32_11.2.0.202008311134/tools/bin/../lib/gcc/arm-none-eabi/9.2.1/thumb/v7-m/nofp\libcr_eabihelpers.a(double.o)
                0x00003344                __aeabi_dadd
 .text.__aeabi_d2iz
                0x00003454       0x42 e:/nxp/mcuxpressoide_11.2.1_4149/ide/plugins/com.nxp.mcuxpresso.tools.win32_11.2.0.202008311134/tools/bin/../lib/gcc/arm-none-eabi/9.2.1/thumb/v7-m/nofp\libcr_eabihelpers.a(double.o)
                0x00003454                __aeabi_d2iz
 .text.__aeabi_d2uiz
                0x00003496       0x32 e:/nxp/mcuxpressoide_11.2.1_4149/ide/plugins/com.nxp.mcuxpresso.tools.win32_11.2.0.202008311134/tools/bin/../lib/gcc/arm-none-eabi/9.2.1/thumb/v7-m/nofp\libcr_eabihelpers.a(double.o)
                0x00003496                __aeabi_d2uiz
 .text.__bhs_ui2d
                0x000034c8       0x46 e:/nxp/mcuxpressoide_11.2.1_4149/ide/plugins/com.nxp.mcuxpresso.tools.win32_11.2.0.202008311134/tools/bin/../lib/gcc/arm-none-eabi/9.2.1/thumb/v7-m/nofp\libcr_eabihelpers.a(double.o)
                0x000034c8                __bhs_ui2d
 .text.__aeabi_i2d
                0x0000350e       0x12 e:/nxp/mcuxpressoide_11.2.1_4149/ide/plugins/com.nxp.mcuxpresso.tools.win32_11.2.0.202008311134/tools/bin/../lib/gcc/arm-none-eabi/9.2.1/thumb/v7-m/nofp\libcr_eabihelpers.a(double.o)
                0x0000350e                __aeabi_i2d
 .text.__aeabi_ui2d
                0x00003520        0x8 e:/nxp/mcuxpressoide_11.2.1_4149/ide/plugins/com.nxp.mcuxpresso.tools.win32_11.2.0.202008311134/tools/bin/../lib/gcc/arm-none-eabi/9.2.1/thumb/v7-m/nofp\libcr_eabihelpers.a(double.o)
                0x00003520                __aeabi_ui2d
 .text.__aeabi_dcmpeq
                0x00003528       0x3c e:/nxp/mcuxpressoide_11.2.1_4149/ide/plugins/com.nxp.mcuxpresso.tools.win32_11.2.0.202008311134/tools/bin/../lib/gcc/arm-none-eabi/9.2.1/thumb/v7-m/nofp\libcr_eabihelpers.a(double.o)
                0x00003528                __aeabi_dcmpeq
 .text.__aeabi_dcmplt
                0x00003564       0x58 e:/nxp/mcuxpressoide_11.2.1_4149/ide/plugins/com.nxp.mcuxpresso.tools.win32_11.2.0.202008311134/tools/bin/../lib/gcc/arm-none-eabi/9.2.1/thumb/v7-m/nofp\libcr_eabihelpers.a(double.o)
                0x00003564                __aeabi_dcmplt
 .text.__aeabi_dcmple
                0x000035bc       0x62 e:/nxp/mcuxpressoide_11.2.1_4149/ide/plugins/com.nxp.mcuxpresso.tools.win32_11.2.0.202008311134/tools/bin/../lib/gcc/arm-none-eabi/9.2.1/thumb/v7-m/nofp\libcr_eabihelpers.a(double.o)
                0x000035bc                __aeabi_dcmple
 .text.__aeabi_dcmpge
                0x0000361e       0x68 e:/nxp/mcuxpressoide_11.2.1_4149/ide/plugins/com.nxp.mcuxpresso.tools.win32_11.2.0.202008311134/tools/bin/../lib/gcc/arm-none-eabi/9.2.1/thumb/v7-m/nofp\libcr_eabihelpers.a(double.o)
                0x0000361e                __aeabi_dcmpge
 .text.__aeabi_memset_lowlevel
                0x00003686       0x32 e:/nxp/mcuxpressoide_11.2.1_4149/ide/plugins/com.nxp.mcuxpresso.tools.win32_11.2.0.202008311134/tools/bin/../lib/gcc/arm-none-eabi/9.2.1/thumb/v7-m/nofp\libcr_eabihelpers.a(memcpy.o)
                0x00003686                __aeabi_lowlevel_memset
 .text.__sys_appexit
                0x000036b8        0xc e:/nxp/mcuxpressoide_11.2.1_4149/ide/plugins/com.nxp.mcuxpresso.tools.win32_11.2.0.202008311134/tools/bin/../lib/gcc/arm-none-eabi/9.2.1/../../../../arm-none-eabi/lib/thumb/v7-m/nofp\libcr_semihost.a(__sys_appexit.o)
                0x000036b8                __sys_appexit
                0x000036b8                __exit
 .text.__sys_close
                0x000036c4        0xc e:/nxp/mcuxpressoide_11.2.1_4149/ide/plugins/com.nxp.mcuxpresso.tools.win32_11.2.0.202008311134/tools/bin/../lib/gcc/arm-none-eabi/9.2.1/../../../../arm-none-eabi/lib/thumb/v7-m/nofp\libcr_semihost.a(__sys_close.o)
                0x000036c4                __sys_close
 .text.__sys_flen
                0x000036d0        0xc e:/nxp/mcuxpressoide_11.2.1_4149/ide/plugins/com.nxp.mcuxpresso.tools.win32_11.2.0.202008311134/tools/bin/../lib/gcc/arm-none-eabi/9.2.1/../../../../arm-none-eabi/lib/thumb/v7-m/nofp\libcr_semihost.a(__sys_flen.o)
                0x000036d0                __sys_flen
 .text.__sys_istty
                0x000036dc        0xc e:/nxp/mcuxpressoide_11.2.1_4149/ide/plugins/com.nxp.mcuxpresso.tools.win32_11.2.0.202008311134/tools/bin/../lib/gcc/arm-none-eabi/9.2.1/../../../../arm-none-eabi/lib/thumb/v7-m/nofp\libcr_semihost.a(__sys_istty.o)
                0x000036dc                __sys_istty
 .text.__sys_remove
                0x000036e8        0xc e:/nxp/mcuxpressoide_11.2.1_4149/ide/plugins/com.nxp.mcuxpresso.tools.win32_11.2.0.202008311134/tools/bin/../lib/gcc/arm-none-eabi/9.2.1/../../../../arm-none-eabi/lib/thumb/v7-m/nofp\libcr_semihost.a(__sys_remove.o)
                0x000036e8                __sys_remove
 .text.__sys_seek
                0x000036f4        0xc e:/nxp/mcuxpressoide_11.2.1_4149/ide/plugins/com.nxp.mcuxpresso.tools.win32_11.2.0.202008311134/tools/bin/../lib/gcc/arm-none-eabi/9.2.1/../../../../arm-none-eabi/lib/thumb/v7-m/nofp\libcr_semihost.a(__sys_seek.o)
                0x000036f4                __sys_seek
 .text.__sys_tmpnam
                0x00003700        0xc e:/nxp/mcuxpressoide_11.2.1_4149/ide/plugins/com.nxp.mcuxpresso.tools.win32_11.2.0.202008311134/tools/bin/../lib/gcc/arm-none-eabi/9.2.1/../../../../arm-none-eabi/lib/thumb/v7-m/nofp\libcr_semihost.a(__sys_tmpnam.o)
                0x00003700                __sys_tmpnam
 .text.__sys_write
                0x0000370c        0xc e:/nxp/mcuxpressoide_11.2.1_4149/ide/plugins/com.nxp.mcuxpresso.tools.win32_11.2.0.202008311134/tools/bin/../lib/gcc/arm-none-eabi/9.2.1/../../../../arm-none-eabi/lib/thumb/v7-m/nofp\libcr_semihost.a(__sys_write.o)
                0x0000370c                __sys_write
 *(.rodata .rodata.* .constdata .constdata.*)
 .rodata.main.str1.4
                0x00003718       0x42 ./src/LAB3v2.o
 *fill*         0x0000375a        0x2 ff
 .rodata.Int_Handler.str1.4
                0x0000375c        0xf ./src/LAB3v2.o
 .rodata.fp_display.str1.1
                0x0000376b       0x34 e:/nxp/mcuxpressoide_11.2.1_4149/ide/plugins/com.nxp.mcuxpresso.tools.win32_11.2.0.202008311134/tools/bin/../lib/gcc/arm-none-eabi/9.2.1/../../../../arm-none-eabi/lib/thumb/v7-m/nofp\libcr_c.a(fpprintf.o)
                                 0x35 (size before relaxing)
 .rodata._initio.str1.1
                0x0000379f        0x4 e:/nxp/mcuxpressoide_11.2.1_4149/ide/plugins/com.nxp.mcuxpresso.tools.win32_11.2.0.202008311134/tools/bin/../lib/gcc/arm-none-eabi/9.2.1/../../../../arm-none-eabi/lib/thumb/v7-m/nofp\libcr_c.a(initio.o)
 .rodata.__vfprintf.str1.1
                0x000037a3       0x31 e:/nxp/mcuxpressoide_11.2.1_4149/ide/plugins/com.nxp.mcuxpresso.tools.win32_11.2.0.202008311134/tools/bin/../lib/gcc/arm-none-eabi/9.2.1/../../../../arm-none-eabi/lib/thumb/v7-m/nofp\libcr_c.a(printf.o)
                                 0x38 (size before relaxing)
 .rodata._Csys_alloc.str1.1
                0x000037d4       0x18 e:/nxp/mcuxpressoide_11.2.1_4149/ide/plugins/com.nxp.mcuxpresso.tools.win32_11.2.0.202008311134/tools/bin/../lib/gcc/arm-none-eabi/9.2.1/../../../../arm-none-eabi/lib/thumb/v7-m/nofp\libcr_c.a(alloc.o)
 .rodata.__num_Ciob_streams
                0x000037ec        0x4 e:/nxp/mcuxpressoide_11.2.1_4149/ide/plugins/com.nxp.mcuxpresso.tools.win32_11.2.0.202008311134/tools/bin/../lib/gcc/arm-none-eabi/9.2.1/../../../../arm-none-eabi/lib/thumb/v7-m/nofp\libcr_semihost.a(__ciob.o)
                0x000037ec                __num_Ciob_streams
                0x000037f0                . = ALIGN (0x4)

.glue_7         0x000037f0        0x0
 .glue_7        0x000037f0        0x0 linker stubs

.glue_7t        0x000037f0        0x0
 .glue_7t       0x000037f0        0x0 linker stubs

.vfp11_veneer   0x000037f0        0x0
 .vfp11_veneer  0x000037f0        0x0 linker stubs

.v4_bx          0x000037f0        0x0
 .v4_bx         0x000037f0        0x0 linker stubs

.iplt           0x000037f0        0x0
 .iplt          0x000037f0        0x0 ./src/LAB3v2.o

.rel.dyn        0x000037f0        0x0
 .rel.iplt      0x000037f0        0x0 ./src/LAB3v2.o

.ARM.extab
 *(.ARM.extab* .gnu.linkonce.armextab.*)

.ARM.exidx      0x000037f0        0x0
                0x000037f0                __exidx_start = .
 *(.ARM.exidx* .gnu.linkonce.armexidx.*)
                0x000037f0                __exidx_end = .
                0x000037f0                _etext = .

.data_RAM2      0x2007c000        0x0 load address 0x000037f0
 FILL mask 0xff
                [!provide]                PROVIDE (__start_data_RAM2 = .)
                [!provide]                PROVIDE (__start_data_RamAHB32 = .)
 *(.ramfunc.$RAM2)
 *(.ramfunc.$RamAHB32)
 *(.data.$RAM2)
 *(.data.$RamAHB32)
 *(.data.$RAM2.*)
 *(.data.$RamAHB32.*)
                0x2007c000                . = ALIGN (0x4)
                [!provide]                PROVIDE (__end_data_RAM2 = .)
                [!provide]                PROVIDE (__end_data_RamAHB32 = .)

.uninit_RESERVED
                0x10000000        0x0
                0x10000000                _start_uninit_RESERVED = .
 *(.bss.$RESERVED*)
                0x10000000                . = ALIGN (0x4)
                0x10000000                _end_uninit_RESERVED = .

.data           0x10000000        0x4 load address 0x000037f0
 FILL mask 0xff
                0x10000000                _data = .
                [!provide]                PROVIDE (__start_data_RAM = .)
                [!provide]                PROVIDE (__start_data_RamLoc32 = .)
 *(vtable)
 *(.ramfunc*)
 *(CodeQuickAccess)
 *(DataQuickAccess)
 *(RamFunction)
 *(.data*)
 .data.SystemCoreClock
                0x10000000        0x4 C:\Users\pedro\Desktop\LEECT\Semestre 5\SE1\Workplace\CMSIS_CORE_LPC17xx\Debug\libCMSIS_CORE_LPC17xx.a(system_LPC17xx.o)
                0x10000000                SystemCoreClock
                0x10000004                . = ALIGN (0x4)
                0x10000004                _edata = .
                [!provide]                PROVIDE (__end_data_RAM = .)
                [!provide]                PROVIDE (__end_data_RamLoc32 = .)

.igot.plt       0x10000004        0x0 load address 0x000037f4
 .igot.plt      0x10000004        0x0 ./src/LAB3v2.o

.bss_RAM2       0x2007c000        0x0
                [!provide]                PROVIDE (__start_bss_RAM2 = .)
                [!provide]                PROVIDE (__start_bss_RamAHB32 = .)
 *(.bss.$RAM2)
 *(.bss.$RamAHB32)
 *(.bss.$RAM2.*)
 *(.bss.$RamAHB32.*)
                0x2007c000                . = ALIGN ((. != 0x0)?0x4:0x1)
                [!provide]                PROVIDE (__end_bss_RAM2 = .)
                [!provide]                PROVIDE (__end_bss_RamAHB32 = .)

.bss            0x10000004      0x21c
                0x10000004                _bss = .
                [!provide]                PROVIDE (__start_bss_RAM = .)
                [!provide]                PROVIDE (__start_bss_RamLoc32 = .)
 *(.bss*)
 .bss.previous_state
                0x10000004        0x4 C:\Users\pedro\Desktop\LEECT\Semestre 5\SE1\Workplace\LEETC_SE1\Debug\libLEETC_SE1.a(button.o)
 .bss.__ms      0x10000008        0x4 C:\Users\pedro\Desktop\LEECT\Semestre 5\SE1\Workplace\LEETC_SE1\Debug\libLEETC_SE1.a(wait.o)
 .bss.busy      0x1000000c       0x14 C:\Users\pedro\Desktop\LEECT\Semestre 5\SE1\Workplace\LEETC_SE1\Debug\libLEETC_SE1.a(wait.o)
 .bss.busyTim0  0x10000020        0x1 C:\Users\pedro\Desktop\LEECT\Semestre 5\SE1\Workplace\LEETC_SE1\Debug\libLEETC_SE1.a(wait.o)
 .bss.busyTim1  0x10000021        0x1 C:\Users\pedro\Desktop\LEECT\Semestre 5\SE1\Workplace\LEETC_SE1\Debug\libLEETC_SE1.a(wait.o)
 .bss.busyTim2  0x10000022        0x1 C:\Users\pedro\Desktop\LEECT\Semestre 5\SE1\Workplace\LEETC_SE1\Debug\libLEETC_SE1.a(wait.o)
 .bss.busyTim3  0x10000023        0x1 C:\Users\pedro\Desktop\LEECT\Semestre 5\SE1\Workplace\LEETC_SE1\Debug\libLEETC_SE1.a(wait.o)
 .bss.h0        0x10000024        0x4 C:\Users\pedro\Desktop\LEECT\Semestre 5\SE1\Workplace\LEETC_SE1\Debug\libLEETC_SE1.a(wait.o)
 .bss.h1        0x10000028        0x4 C:\Users\pedro\Desktop\LEECT\Semestre 5\SE1\Workplace\LEETC_SE1\Debug\libLEETC_SE1.a(wait.o)
 .bss.h2        0x1000002c        0x4 C:\Users\pedro\Desktop\LEECT\Semestre 5\SE1\Workplace\LEETC_SE1\Debug\libLEETC_SE1.a(wait.o)
 .bss.h3        0x10000030        0x4 C:\Users\pedro\Desktop\LEECT\Semestre 5\SE1\Workplace\LEETC_SE1\Debug\libLEETC_SE1.a(wait.o)
 .bss.errno     0x10000034        0x4 e:/nxp/mcuxpressoide_11.2.1_4149/ide/plugins/com.nxp.mcuxpresso.tools.win32_11.2.0.202008311134/tools/bin/../lib/gcc/arm-none-eabi/9.2.1/../../../../arm-none-eabi/lib/thumb/v7-m/nofp\libcr_c.a(errno.o)
                0x10000034                errno
 .bss.__end_of_heap
                0x10000038        0x4 e:/nxp/mcuxpressoide_11.2.1_4149/ide/plugins/com.nxp.mcuxpresso.tools.win32_11.2.0.202008311134/tools/bin/../lib/gcc/arm-none-eabi/9.2.1/../../../../arm-none-eabi/lib/thumb/v7-m/nofp\libcr_c.a(__init_alloc.o)
                0x10000038                __end_of_heap
 .bss.__heaps   0x1000003c        0x4 e:/nxp/mcuxpressoide_11.2.1_4149/ide/plugins/com.nxp.mcuxpresso.tools.win32_11.2.0.202008311134/tools/bin/../lib/gcc/arm-none-eabi/9.2.1/../../../../arm-none-eabi/lib/thumb/v7-m/nofp\libcr_c.a(__init_alloc.o)
                0x1000003c                __heaps
 .bss.__Ciob    0x10000040      0x1e0 e:/nxp/mcuxpressoide_11.2.1_4149/ide/plugins/com.nxp.mcuxpresso.tools.win32_11.2.0.202008311134/tools/bin/../lib/gcc/arm-none-eabi/9.2.1/../../../../arm-none-eabi/lib/thumb/v7-m/nofp\libcr_semihost.a(__ciob.o)
                0x10000040                __Ciob
 *(COMMON)
                0x10000220                . = ALIGN (0x4)
                0x10000220                _ebss = .
                [!provide]                PROVIDE (__end_bss_RAM = .)
                [!provide]                PROVIDE (__end_bss_RamLoc32 = .)
                [!provide]                PROVIDE (end = .)

.noinit_RAM2    0x2007c000        0x0
                [!provide]                PROVIDE (__start_noinit_RAM2 = .)
                [!provide]                PROVIDE (__start_noinit_RamAHB32 = .)
 *(.noinit.$RAM2)
 *(.noinit.$RamAHB32)
 *(.noinit.$RAM2.*)
 *(.noinit.$RamAHB32.*)
                0x2007c000                . = ALIGN (0x4)
                [!provide]                PROVIDE (__end_noinit_RAM2 = .)
                [!provide]                PROVIDE (__end_noinit_RamAHB32 = .)

.noinit         0x10000220        0x0
                0x10000220                _noinit = .
                [!provide]                PROVIDE (__start_noinit_RAM = .)
                [!provide]                PROVIDE (__start_noinit_RamLoc32 = .)
 *(.noinit*)
                0x10000220                . = ALIGN (0x4)
                0x10000220                _end_noinit = .
                [!provide]                PROVIDE (__end_noinit_RAM = .)
                [!provide]                PROVIDE (__end_noinit_RamLoc32 = .)
                0x10000220                PROVIDE (_pvHeapStart = DEFINED (__user_heap_base)?__user_heap_base:.)
                0x10008000                PROVIDE (_vStackTop = DEFINED (__user_stack_top)?__user_stack_top:(__top_RamLoc32 - 0x0))
                0xefff74c6                PROVIDE (__valid_user_code_checksum = (0x0 - ((((((_vStackTop + (ResetISR + 0x1)) + (NMI_Handler + 0x1)) + (HardFault_Handler + 0x1)) + (DEFINED (MemManage_Handler)?MemManage_Handler:0x0 + 0x1)) + (DEFINED (BusFault_Handler)?BusFault_Handler:0x0 + 0x1)) + (DEFINED (UsageFault_Handler)?UsageFault_Handler:0x0 + 0x1))))
                0x00000000                _image_start = LOADADDR (.text)
                0x000037f4                _image_end = (LOADADDR (.data) + SIZEOF (.data))
                0x000037f4                _image_size = (_image_end - _image_start)
OUTPUT(LAB3v2.axf elf32-littlearm)

.debug_info     0x00000000     0x219b
 .debug_info    0x00000000      0x2a9 ./src/LAB3v2.o
 .debug_info    0x000002a9      0x272 ./src/cr_startup_lpc175x_6x.o
 .debug_info    0x0000051b       0x40 ./src/crp.o
 .debug_info    0x0000055b      0x57b C:\Users\pedro\Desktop\LEECT\Semestre 5\SE1\Workplace\LEETC_SE1\Debug\libLEETC_SE1.a(button.o)
 .debug_info    0x00000ad6      0x455 C:\Users\pedro\Desktop\LEECT\Semestre 5\SE1\Workplace\LEETC_SE1\Debug\libLEETC_SE1.a(led.o)
 .debug_info    0x00000f2b      0xef3 C:\Users\pedro\Desktop\LEECT\Semestre 5\SE1\Workplace\LEETC_SE1\Debug\libLEETC_SE1.a(wait.o)
 .debug_info    0x00001e1e      0x37d C:\Users\pedro\Desktop\LEECT\Semestre 5\SE1\Workplace\CMSIS_CORE_LPC17xx\Debug\libCMSIS_CORE_LPC17xx.a(system_LPC17xx.o)

.debug_abbrev   0x00000000      0xa06
 .debug_abbrev  0x00000000      0x120 ./src/LAB3v2.o
 .debug_abbrev  0x00000120      0x117 ./src/cr_startup_lpc175x_6x.o
 .debug_abbrev  0x00000237       0x38 ./src/crp.o
 .debug_abbrev  0x0000026f      0x1c2 C:\Users\pedro\Desktop\LEECT\Semestre 5\SE1\Workplace\LEETC_SE1\Debug\libLEETC_SE1.a(button.o)
 .debug_abbrev  0x00000431      0x159 C:\Users\pedro\Desktop\LEECT\Semestre 5\SE1\Workplace\LEETC_SE1\Debug\libLEETC_SE1.a(led.o)
 .debug_abbrev  0x0000058a      0x360 C:\Users\pedro\Desktop\LEECT\Semestre 5\SE1\Workplace\LEETC_SE1\Debug\libLEETC_SE1.a(wait.o)
 .debug_abbrev  0x000008ea      0x11c C:\Users\pedro\Desktop\LEECT\Semestre 5\SE1\Workplace\CMSIS_CORE_LPC17xx\Debug\libCMSIS_CORE_LPC17xx.a(system_LPC17xx.o)

.debug_aranges  0x00000000      0x288
 .debug_aranges
                0x00000000       0x28 ./src/LAB3v2.o
 .debug_aranges
                0x00000028       0x80 ./src/cr_startup_lpc175x_6x.o
 .debug_aranges
                0x000000a8       0x18 ./src/crp.o
 .debug_aranges
                0x000000c0       0x50 C:\Users\pedro\Desktop\LEECT\Semestre 5\SE1\Workplace\LEETC_SE1\Debug\libLEETC_SE1.a(button.o)
 .debug_aranges
                0x00000110       0x40 C:\Users\pedro\Desktop\LEECT\Semestre 5\SE1\Workplace\LEETC_SE1\Debug\libLEETC_SE1.a(led.o)
 .debug_aranges
                0x00000150      0x110 C:\Users\pedro\Desktop\LEECT\Semestre 5\SE1\Workplace\LEETC_SE1\Debug\libLEETC_SE1.a(wait.o)
 .debug_aranges
                0x00000260       0x28 C:\Users\pedro\Desktop\LEECT\Semestre 5\SE1\Workplace\CMSIS_CORE_LPC17xx\Debug\libCMSIS_CORE_LPC17xx.a(system_LPC17xx.o)

.debug_ranges   0x00000000      0x210
 .debug_ranges  0x00000000       0x18 ./src/LAB3v2.o
 .debug_ranges  0x00000018       0x70 ./src/cr_startup_lpc175x_6x.o
 .debug_ranges  0x00000088       0x40 C:\Users\pedro\Desktop\LEECT\Semestre 5\SE1\Workplace\LEETC_SE1\Debug\libLEETC_SE1.a(button.o)
 .debug_ranges  0x000000c8       0x30 C:\Users\pedro\Desktop\LEECT\Semestre 5\SE1\Workplace\LEETC_SE1\Debug\libLEETC_SE1.a(led.o)
 .debug_ranges  0x000000f8      0x100 C:\Users\pedro\Desktop\LEECT\Semestre 5\SE1\Workplace\LEETC_SE1\Debug\libLEETC_SE1.a(wait.o)
 .debug_ranges  0x000001f8       0x18 C:\Users\pedro\Desktop\LEECT\Semestre 5\SE1\Workplace\CMSIS_CORE_LPC17xx\Debug\libCMSIS_CORE_LPC17xx.a(system_LPC17xx.o)

.debug_macro    0x00000000     0x3b96
 .debug_macro   0x00000000       0xc8 ./src/LAB3v2.o
 .debug_macro   0x000000c8      0xaae ./src/LAB3v2.o
 .debug_macro   0x00000b76       0x1c ./src/LAB3v2.o
 .debug_macro   0x00000b92       0x3a ./src/LAB3v2.o
 .debug_macro   0x00000bcc       0x10 ./src/LAB3v2.o
 .debug_macro   0x00000bdc      0x12e ./src/LAB3v2.o
 .debug_macro   0x00000d0a      0x5b3 ./src/LAB3v2.o
 .debug_macro   0x000012bd       0x2d ./src/LAB3v2.o
 .debug_macro   0x000012ea      0xbb1 ./src/LAB3v2.o
 .debug_macro   0x00001e9b      0x2c7 ./src/LAB3v2.o
 .debug_macro   0x00002162       0x82 ./src/LAB3v2.o
 .debug_macro   0x000021e4       0xa0 ./src/LAB3v2.o
 .debug_macro   0x00002284       0x22 ./src/LAB3v2.o
 .debug_macro   0x000022a6       0x1c ./src/LAB3v2.o
 .debug_macro   0x000022c2       0x10 ./src/LAB3v2.o
 .debug_macro   0x000022d2       0x10 ./src/LAB3v2.o
 .debug_macro   0x000022e2       0x1d ./src/cr_startup_lpc175x_6x.o
 .debug_macro   0x000022ff       0x1a ./src/crp.o
 .debug_macro   0x00002319       0x34 ./src/crp.o
 .debug_macro   0x0000234d       0x9f C:\Users\pedro\Desktop\LEECT\Semestre 5\SE1\Workplace\LEETC_SE1\Debug\libLEETC_SE1.a(button.o)
 .debug_macro   0x000023ec      0xaae C:\Users\pedro\Desktop\LEECT\Semestre 5\SE1\Workplace\LEETC_SE1\Debug\libLEETC_SE1.a(button.o)
 .debug_macro   0x00002e9a       0x91 C:\Users\pedro\Desktop\LEECT\Semestre 5\SE1\Workplace\LEETC_SE1\Debug\libLEETC_SE1.a(led.o)
 .debug_macro   0x00002f2b       0x90 C:\Users\pedro\Desktop\LEECT\Semestre 5\SE1\Workplace\LEETC_SE1\Debug\libLEETC_SE1.a(wait.o)
 .debug_macro   0x00002fbb      0x12d C:\Users\pedro\Desktop\LEECT\Semestre 5\SE1\Workplace\CMSIS_CORE_LPC17xx\Debug\libCMSIS_CORE_LPC17xx.a(system_LPC17xx.o)
 .debug_macro   0x000030e8      0xaae C:\Users\pedro\Desktop\LEECT\Semestre 5\SE1\Workplace\CMSIS_CORE_LPC17xx\Debug\libCMSIS_CORE_LPC17xx.a(system_LPC17xx.o)

.debug_line     0x00000000     0x19f3
 .debug_line    0x00000000      0x380 ./src/LAB3v2.o
 .debug_line    0x00000380      0x160 ./src/cr_startup_lpc175x_6x.o
 .debug_line    0x000004e0       0xb1 ./src/crp.o
 .debug_line    0x00000591      0x38a C:\Users\pedro\Desktop\LEECT\Semestre 5\SE1\Workplace\LEETC_SE1\Debug\libLEETC_SE1.a(button.o)
 .debug_line    0x0000091b      0x2ff C:\Users\pedro\Desktop\LEECT\Semestre 5\SE1\Workplace\LEETC_SE1\Debug\libLEETC_SE1.a(led.o)
 .debug_line    0x00000c1a      0x963 C:\Users\pedro\Desktop\LEECT\Semestre 5\SE1\Workplace\LEETC_SE1\Debug\libLEETC_SE1.a(wait.o)
 .debug_line    0x0000157d      0x476 C:\Users\pedro\Desktop\LEECT\Semestre 5\SE1\Workplace\CMSIS_CORE_LPC17xx\Debug\libCMSIS_CORE_LPC17xx.a(system_LPC17xx.o)

.debug_str      0x00000000     0xb655
 .debug_str     0x00000000     0xa639 ./src/LAB3v2.o
                               0xa6eb (size before relaxing)
 .debug_str     0x0000a639      0x1d6 ./src/cr_startup_lpc175x_6x.o
                               0x2ffa (size before relaxing)
 .debug_str     0x0000a80f       0xe9 ./src/crp.o
                               0x2f07 (size before relaxing)
 .debug_str     0x0000a8f8      0x242 C:\Users\pedro\Desktop\LEECT\Semestre 5\SE1\Workplace\LEETC_SE1\Debug\libLEETC_SE1.a(button.o)
                               0xa17b (size before relaxing)
 .debug_str     0x0000ab3a       0x3d C:\Users\pedro\Desktop\LEECT\Semestre 5\SE1\Workplace\LEETC_SE1\Debug\libLEETC_SE1.a(led.o)
                               0xa04b (size before relaxing)
 .debug_str     0x0000ab77      0x6b6 C:\Users\pedro\Desktop\LEECT\Semestre 5\SE1\Workplace\LEETC_SE1\Debug\libLEETC_SE1.a(wait.o)
                               0xa62f (size before relaxing)
 .debug_str     0x0000b22d      0x428 C:\Users\pedro\Desktop\LEECT\Semestre 5\SE1\Workplace\CMSIS_CORE_LPC17xx\Debug\libCMSIS_CORE_LPC17xx.a(system_LPC17xx.o)
                               0xa26f (size before relaxing)

.comment        0x00000000       0x79
 .comment       0x00000000       0x79 ./src/LAB3v2.o
                                 0x7a (size before relaxing)
 .comment       0x00000079       0x7a ./src/cr_startup_lpc175x_6x.o
 .comment       0x00000079       0x7a ./src/crp.o
 .comment       0x00000079       0x7a C:\Users\pedro\Desktop\LEECT\Semestre 5\SE1\Workplace\LEETC_SE1\Debug\libLEETC_SE1.a(button.o)
 .comment       0x00000079       0x7a C:\Users\pedro\Desktop\LEECT\Semestre 5\SE1\Workplace\LEETC_SE1\Debug\libLEETC_SE1.a(led.o)
 .comment       0x00000079       0x7a C:\Users\pedro\Desktop\LEECT\Semestre 5\SE1\Workplace\LEETC_SE1\Debug\libLEETC_SE1.a(wait.o)
 .comment       0x00000079       0x7a C:\Users\pedro\Desktop\LEECT\Semestre 5\SE1\Workplace\CMSIS_CORE_LPC17xx\Debug\libCMSIS_CORE_LPC17xx.a(system_LPC17xx.o)
 .comment       0x00000079       0x7a e:/nxp/mcuxpressoide_11.2.1_4149/ide/plugins/com.nxp.mcuxpresso.tools.win32_11.2.0.202008311134/tools/bin/../lib/gcc/arm-none-eabi/9.2.1/../../../../arm-none-eabi/lib/thumb/v7-m/nofp\libcr_semihost.a(_cr__main.o)
 .comment       0x00000079       0x7a e:/nxp/mcuxpressoide_11.2.1_4149/ide/plugins/com.nxp.mcuxpresso.tools.win32_11.2.0.202008311134/tools/bin/../lib/gcc/arm-none-eabi/9.2.1/../../../../arm-none-eabi/lib/thumb/v7-m/nofp\libcr_c.a(fpprintf.o)
 .comment       0x00000079       0x7a e:/nxp/mcuxpressoide_11.2.1_4149/ide/plugins/com.nxp.mcuxpresso.tools.win32_11.2.0.202008311134/tools/bin/../lib/gcc/arm-none-eabi/9.2.1/../../../../arm-none-eabi/lib/thumb/v7-m/nofp\libcr_c.a(initio.o)
 .comment       0x00000079       0x7a e:/nxp/mcuxpressoide_11.2.1_4149/ide/plugins/com.nxp.mcuxpresso.tools.win32_11.2.0.202008311134/tools/bin/../lib/gcc/arm-none-eabi/9.2.1/../../../../arm-none-eabi/lib/thumb/v7-m/nofp\libcr_c.a(printf.o)
 .comment       0x00000079       0x7a e:/nxp/mcuxpressoide_11.2.1_4149/ide/plugins/com.nxp.mcuxpresso.tools.win32_11.2.0.202008311134/tools/bin/../lib/gcc/arm-none-eabi/9.2.1/../../../../arm-none-eabi/lib/thumb/v7-m/nofp\libcr_c.a(setvbuf.o)
 .comment       0x00000079       0x7a e:/nxp/mcuxpressoide_11.2.1_4149/ide/plugins/com.nxp.mcuxpresso.tools.win32_11.2.0.202008311134/tools/bin/../lib/gcc/arm-none-eabi/9.2.1/../../../../arm-none-eabi/lib/thumb/v7-m/nofp\libcr_c.a(strlen.o)
 .comment       0x00000079       0x7a e:/nxp/mcuxpressoide_11.2.1_4149/ide/plugins/com.nxp.mcuxpresso.tools.win32_11.2.0.202008311134/tools/bin/../lib/gcc/arm-none-eabi/9.2.1/../../../../arm-none-eabi/lib/thumb/v7-m/nofp\libcr_c.a(memset.o)
 .comment       0x00000079       0x7a e:/nxp/mcuxpressoide_11.2.1_4149/ide/plugins/com.nxp.mcuxpresso.tools.win32_11.2.0.202008311134/tools/bin/../lib/gcc/arm-none-eabi/9.2.1/../../../../arm-none-eabi/lib/thumb/v7-m/nofp\libcr_c.a(_deferredlazyseek.o)
 .comment       0x00000079       0x7a e:/nxp/mcuxpressoide_11.2.1_4149/ide/plugins/com.nxp.mcuxpresso.tools.win32_11.2.0.202008311134/tools/bin/../lib/gcc/arm-none-eabi/9.2.1/../../../../arm-none-eabi/lib/thumb/v7-m/nofp\libcr_c.a(_fdopen.o)
 .comment       0x00000079       0x7a e:/nxp/mcuxpressoide_11.2.1_4149/ide/plugins/com.nxp.mcuxpresso.tools.win32_11.2.0.202008311134/tools/bin/../lib/gcc/arm-none-eabi/9.2.1/../../../../arm-none-eabi/lib/thumb/v7-m/nofp\libcr_c.a(_fflush.o)
 .comment       0x00000079       0x7a e:/nxp/mcuxpressoide_11.2.1_4149/ide/plugins/com.nxp.mcuxpresso.tools.win32_11.2.0.202008311134/tools/bin/../lib/gcc/arm-none-eabi/9.2.1/../../../../arm-none-eabi/lib/thumb/v7-m/nofp\libcr_c.a(_frexpl.o)
 .comment       0x00000079       0x7a e:/nxp/mcuxpressoide_11.2.1_4149/ide/plugins/com.nxp.mcuxpresso.tools.win32_11.2.0.202008311134/tools/bin/../lib/gcc/arm-none-eabi/9.2.1/../../../../arm-none-eabi/lib/thumb/v7-m/nofp\libcr_c.a(_ldexpl.o)
 .comment       0x00000079       0x7a e:/nxp/mcuxpressoide_11.2.1_4149/ide/plugins/com.nxp.mcuxpresso.tools.win32_11.2.0.202008311134/tools/bin/../lib/gcc/arm-none-eabi/9.2.1/../../../../arm-none-eabi/lib/thumb/v7-m/nofp\libcr_c.a(_writebuf.o)
 .comment       0x00000079       0x7a e:/nxp/mcuxpressoide_11.2.1_4149/ide/plugins/com.nxp.mcuxpresso.tools.win32_11.2.0.202008311134/tools/bin/../lib/gcc/arm-none-eabi/9.2.1/../../../../arm-none-eabi/lib/thumb/v7-m/nofp\libcr_c.a(alloc.o)
 .comment       0x00000079       0x7a e:/nxp/mcuxpressoide_11.2.1_4149/ide/plugins/com.nxp.mcuxpresso.tools.win32_11.2.0.202008311134/tools/bin/../lib/gcc/arm-none-eabi/9.2.1/../../../../arm-none-eabi/lib/thumb/v7-m/nofp\libcr_c.a(errno.o)
 .comment       0x00000079       0x7a e:/nxp/mcuxpressoide_11.2.1_4149/ide/plugins/com.nxp.mcuxpresso.tools.win32_11.2.0.202008311134/tools/bin/../lib/gcc/arm-none-eabi/9.2.1/../../../../arm-none-eabi/lib/thumb/v7-m/nofp\libcr_c.a(fclose.o)
 .comment       0x00000079       0x7a e:/nxp/mcuxpressoide_11.2.1_4149/ide/plugins/com.nxp.mcuxpresso.tools.win32_11.2.0.202008311134/tools/bin/../lib/gcc/arm-none-eabi/9.2.1/../../../../arm-none-eabi/lib/thumb/v7-m/nofp\libcr_c.a(fflush.o)
 .comment       0x00000079       0x7a e:/nxp/mcuxpressoide_11.2.1_4149/ide/plugins/com.nxp.mcuxpresso.tools.win32_11.2.0.202008311134/tools/bin/../lib/gcc/arm-none-eabi/9.2.1/../../../../arm-none-eabi/lib/thumb/v7-m/nofp\libcr_c.a(fseek.o)
 .comment       0x00000079       0x7a e:/nxp/mcuxpressoide_11.2.1_4149/ide/plugins/com.nxp.mcuxpresso.tools.win32_11.2.0.202008311134/tools/bin/../lib/gcc/arm-none-eabi/9.2.1/../../../../arm-none-eabi/lib/thumb/v7-m/nofp\libcr_c.a(ftell.o)
 .comment       0x00000079       0x7a e:/nxp/mcuxpressoide_11.2.1_4149/ide/plugins/com.nxp.mcuxpresso.tools.win32_11.2.0.202008311134/tools/bin/../lib/gcc/arm-none-eabi/9.2.1/../../../../arm-none-eabi/lib/thumb/v7-m/nofp\libcr_c.a(remove.o)
 .comment       0x00000079       0x7a e:/nxp/mcuxpressoide_11.2.1_4149/ide/plugins/com.nxp.mcuxpresso.tools.win32_11.2.0.202008311134/tools/bin/../lib/gcc/arm-none-eabi/9.2.1/../../../../arm-none-eabi/lib/thumb/v7-m/nofp\libcr_c.a(__init_alloc.o)
 .comment       0x00000079       0x7a e:/nxp/mcuxpressoide_11.2.1_4149/ide/plugins/com.nxp.mcuxpresso.tools.win32_11.2.0.202008311134/tools/bin/../lib/gcc/arm-none-eabi/9.2.1/../../../../arm-none-eabi/lib/thumb/v7-m/nofp\libcr_c.a(_cr_sbrk.o)
 .comment       0x00000079       0x7a e:/nxp/mcuxpressoide_11.2.1_4149/ide/plugins/com.nxp.mcuxpresso.tools.win32_11.2.0.202008311134/tools/bin/../lib/gcc/arm-none-eabi/9.2.1/../../../../arm-none-eabi/lib/thumb/v7-m/nofp\libcr_c.a(_do_fflush.o)
 .comment       0x00000079       0x7a e:/nxp/mcuxpressoide_11.2.1_4149/ide/plugins/com.nxp.mcuxpresso.tools.win32_11.2.0.202008311134/tools/bin/../lib/gcc/arm-none-eabi/9.2.1/../../../../arm-none-eabi/lib/thumb/v7-m/nofp\libcr_c.a(_cr_check_heap.o)
 .comment       0x00000079       0x7a e:/nxp/mcuxpressoide_11.2.1_4149/ide/plugins/com.nxp.mcuxpresso.tools.win32_11.2.0.202008311134/tools/bin/../lib/gcc/arm-none-eabi/9.2.1/thumb/v7-m/nofp\libcr_eabihelpers.a(double.o)
 .comment       0x00000079       0x7a e:/nxp/mcuxpressoide_11.2.1_4149/ide/plugins/com.nxp.mcuxpresso.tools.win32_11.2.0.202008311134/tools/bin/../lib/gcc/arm-none-eabi/9.2.1/../../../../arm-none-eabi/lib/thumb/v7-m/nofp\libcr_semihost.a(__ciob.o)

.ARM.attributes
                0x00000000       0x2b
 .ARM.attributes
                0x00000000       0x2d ./src/LAB3v2.o
 .ARM.attributes
                0x0000002d       0x2d ./src/cr_startup_lpc175x_6x.o
 .ARM.attributes
                0x0000005a       0x33 ./src/crp.o
 .ARM.attributes
                0x0000008d       0x2d C:\Users\pedro\Desktop\LEECT\Semestre 5\SE1\Workplace\LEETC_SE1\Debug\libLEETC_SE1.a(button.o)
 .ARM.attributes
                0x000000ba       0x2d C:\Users\pedro\Desktop\LEECT\Semestre 5\SE1\Workplace\LEETC_SE1\Debug\libLEETC_SE1.a(led.o)
 .ARM.attributes
                0x000000e7       0x2d C:\Users\pedro\Desktop\LEECT\Semestre 5\SE1\Workplace\LEETC_SE1\Debug\libLEETC_SE1.a(wait.o)
 .ARM.attributes
                0x00000114       0x2d C:\Users\pedro\Desktop\LEECT\Semestre 5\SE1\Workplace\CMSIS_CORE_LPC17xx\Debug\libCMSIS_CORE_LPC17xx.a(system_LPC17xx.o)
 .ARM.attributes
                0x00000141       0x2d e:/nxp/mcuxpressoide_11.2.1_4149/ide/plugins/com.nxp.mcuxpresso.tools.win32_11.2.0.202008311134/tools/bin/../lib/gcc/arm-none-eabi/9.2.1/../../../../arm-none-eabi/lib/thumb/v7-m/nofp\libcr_semihost.a(_cr__main.o)
 .ARM.attributes
                0x0000016e       0x2d e:/nxp/mcuxpressoide_11.2.1_4149/ide/plugins/com.nxp.mcuxpresso.tools.win32_11.2.0.202008311134/tools/bin/../lib/gcc/arm-none-eabi/9.2.1/../../../../arm-none-eabi/lib/thumb/v7-m/nofp\libcr_c.a(fpprintf.o)
 .ARM.attributes
                0x0000019b       0x2d e:/nxp/mcuxpressoide_11.2.1_4149/ide/plugins/com.nxp.mcuxpresso.tools.win32_11.2.0.202008311134/tools/bin/../lib/gcc/arm-none-eabi/9.2.1/../../../../arm-none-eabi/lib/thumb/v7-m/nofp\libcr_c.a(initio.o)
 .ARM.attributes
                0x000001c8       0x2d e:/nxp/mcuxpressoide_11.2.1_4149/ide/plugins/com.nxp.mcuxpresso.tools.win32_11.2.0.202008311134/tools/bin/../lib/gcc/arm-none-eabi/9.2.1/../../../../arm-none-eabi/lib/thumb/v7-m/nofp\libcr_c.a(printf.o)
 .ARM.attributes
                0x000001f5       0x2d e:/nxp/mcuxpressoide_11.2.1_4149/ide/plugins/com.nxp.mcuxpresso.tools.win32_11.2.0.202008311134/tools/bin/../lib/gcc/arm-none-eabi/9.2.1/../../../../arm-none-eabi/lib/thumb/v7-m/nofp\libcr_c.a(setvbuf.o)
 .ARM.attributes
                0x00000222       0x2d e:/nxp/mcuxpressoide_11.2.1_4149/ide/plugins/com.nxp.mcuxpresso.tools.win32_11.2.0.202008311134/tools/bin/../lib/gcc/arm-none-eabi/9.2.1/../../../../arm-none-eabi/lib/thumb/v7-m/nofp\libcr_c.a(strlen.o)
 .ARM.attributes
                0x0000024f       0x2d e:/nxp/mcuxpressoide_11.2.1_4149/ide/plugins/com.nxp.mcuxpresso.tools.win32_11.2.0.202008311134/tools/bin/../lib/gcc/arm-none-eabi/9.2.1/../../../../arm-none-eabi/lib/thumb/v7-m/nofp\libcr_c.a(memset.o)
 .ARM.attributes
                0x0000027c       0x2d e:/nxp/mcuxpressoide_11.2.1_4149/ide/plugins/com.nxp.mcuxpresso.tools.win32_11.2.0.202008311134/tools/bin/../lib/gcc/arm-none-eabi/9.2.1/../../../../arm-none-eabi/lib/thumb/v7-m/nofp\libcr_c.a(_deferredlazyseek.o)
 .ARM.attributes
                0x000002a9       0x2d e:/nxp/mcuxpressoide_11.2.1_4149/ide/plugins/com.nxp.mcuxpresso.tools.win32_11.2.0.202008311134/tools/bin/../lib/gcc/arm-none-eabi/9.2.1/../../../../arm-none-eabi/lib/thumb/v7-m/nofp\libcr_c.a(_fdopen.o)
 .ARM.attributes
                0x000002d6       0x2d e:/nxp/mcuxpressoide_11.2.1_4149/ide/plugins/com.nxp.mcuxpresso.tools.win32_11.2.0.202008311134/tools/bin/../lib/gcc/arm-none-eabi/9.2.1/../../../../arm-none-eabi/lib/thumb/v7-m/nofp\libcr_c.a(_fflush.o)
 .ARM.attributes
                0x00000303       0x2d e:/nxp/mcuxpressoide_11.2.1_4149/ide/plugins/com.nxp.mcuxpresso.tools.win32_11.2.0.202008311134/tools/bin/../lib/gcc/arm-none-eabi/9.2.1/../../../../arm-none-eabi/lib/thumb/v7-m/nofp\libcr_c.a(_frexpl.o)
 .ARM.attributes
                0x00000330       0x2d e:/nxp/mcuxpressoide_11.2.1_4149/ide/plugins/com.nxp.mcuxpresso.tools.win32_11.2.0.202008311134/tools/bin/../lib/gcc/arm-none-eabi/9.2.1/../../../../arm-none-eabi/lib/thumb/v7-m/nofp\libcr_c.a(_ldexpl.o)
 .ARM.attributes
                0x0000035d       0x2d e:/nxp/mcuxpressoide_11.2.1_4149/ide/plugins/com.nxp.mcuxpresso.tools.win32_11.2.0.202008311134/tools/bin/../lib/gcc/arm-none-eabi/9.2.1/../../../../arm-none-eabi/lib/thumb/v7-m/nofp\libcr_c.a(_writebuf.o)
 .ARM.attributes
                0x0000038a       0x2d e:/nxp/mcuxpressoide_11.2.1_4149/ide/plugins/com.nxp.mcuxpresso.tools.win32_11.2.0.202008311134/tools/bin/../lib/gcc/arm-none-eabi/9.2.1/../../../../arm-none-eabi/lib/thumb/v7-m/nofp\libcr_c.a(alloc.o)
 .ARM.attributes
                0x000003b7       0x33 e:/nxp/mcuxpressoide_11.2.1_4149/ide/plugins/com.nxp.mcuxpresso.tools.win32_11.2.0.202008311134/tools/bin/../lib/gcc/arm-none-eabi/9.2.1/../../../../arm-none-eabi/lib/thumb/v7-m/nofp\libcr_c.a(errno.o)
 .ARM.attributes
                0x000003ea       0x2d e:/nxp/mcuxpressoide_11.2.1_4149/ide/plugins/com.nxp.mcuxpresso.tools.win32_11.2.0.202008311134/tools/bin/../lib/gcc/arm-none-eabi/9.2.1/../../../../arm-none-eabi/lib/thumb/v7-m/nofp\libcr_c.a(fclose.o)
 .ARM.attributes
                0x00000417       0x2d e:/nxp/mcuxpressoide_11.2.1_4149/ide/plugins/com.nxp.mcuxpresso.tools.win32_11.2.0.202008311134/tools/bin/../lib/gcc/arm-none-eabi/9.2.1/../../../../arm-none-eabi/lib/thumb/v7-m/nofp\libcr_c.a(fflush.o)
 .ARM.attributes
                0x00000444       0x2d e:/nxp/mcuxpressoide_11.2.1_4149/ide/plugins/com.nxp.mcuxpresso.tools.win32_11.2.0.202008311134/tools/bin/../lib/gcc/arm-none-eabi/9.2.1/../../../../arm-none-eabi/lib/thumb/v7-m/nofp\libcr_c.a(fseek.o)
 .ARM.attributes
                0x00000471       0x2d e:/nxp/mcuxpressoide_11.2.1_4149/ide/plugins/com.nxp.mcuxpresso.tools.win32_11.2.0.202008311134/tools/bin/../lib/gcc/arm-none-eabi/9.2.1/../../../../arm-none-eabi/lib/thumb/v7-m/nofp\libcr_c.a(ftell.o)
 .ARM.attributes
                0x0000049e       0x2d e:/nxp/mcuxpressoide_11.2.1_4149/ide/plugins/com.nxp.mcuxpresso.tools.win32_11.2.0.202008311134/tools/bin/../lib/gcc/arm-none-eabi/9.2.1/../../../../arm-none-eabi/lib/thumb/v7-m/nofp\libcr_c.a(remove.o)
 .ARM.attributes
                0x000004cb       0x2d e:/nxp/mcuxpressoide_11.2.1_4149/ide/plugins/com.nxp.mcuxpresso.tools.win32_11.2.0.202008311134/tools/bin/../lib/gcc/arm-none-eabi/9.2.1/../../../../arm-none-eabi/lib/thumb/v7-m/nofp\libcr_c.a(__init_alloc.o)
 .ARM.attributes
                0x000004f8       0x2d e:/nxp/mcuxpressoide_11.2.1_4149/ide/plugins/com.nxp.mcuxpresso.tools.win32_11.2.0.202008311134/tools/bin/../lib/gcc/arm-none-eabi/9.2.1/../../../../arm-none-eabi/lib/thumb/v7-m/nofp\libcr_c.a(_cr_sbrk.o)
 .ARM.attributes
                0x00000525       0x2d e:/nxp/mcuxpressoide_11.2.1_4149/ide/plugins/com.nxp.mcuxpresso.tools.win32_11.2.0.202008311134/tools/bin/../lib/gcc/arm-none-eabi/9.2.1/../../../../arm-none-eabi/lib/thumb/v7-m/nofp\libcr_c.a(_do_fflush.o)
 .ARM.attributes
                0x00000552       0x2d e:/nxp/mcuxpressoide_11.2.1_4149/ide/plugins/com.nxp.mcuxpresso.tools.win32_11.2.0.202008311134/tools/bin/../lib/gcc/arm-none-eabi/9.2.1/../../../../arm-none-eabi/lib/thumb/v7-m/nofp\libcr_c.a(_cr_check_heap.o)
 .ARM.attributes
                0x0000057f       0x1b e:/nxp/mcuxpressoide_11.2.1_4149/ide/plugins/com.nxp.mcuxpresso.tools.win32_11.2.0.202008311134/tools/bin/../lib/gcc/arm-none-eabi/9.2.1/thumb/v7-m/nofp\libcr_eabihelpers.a(division_64.o)
 .ARM.attributes
                0x0000059a       0x1b e:/nxp/mcuxpressoide_11.2.1_4149/ide/plugins/com.nxp.mcuxpresso.tools.win32_11.2.0.202008311134/tools/bin/../lib/gcc/arm-none-eabi/9.2.1/thumb/v7-m/nofp\libcr_eabihelpers.a(division_idiv0.o)
 .ARM.attributes
                0x000005b5       0x2d e:/nxp/mcuxpressoide_11.2.1_4149/ide/plugins/com.nxp.mcuxpresso.tools.win32_11.2.0.202008311134/tools/bin/../lib/gcc/arm-none-eabi/9.2.1/thumb/v7-m/nofp\libcr_eabihelpers.a(double.o)
 .ARM.attributes
                0x000005e2       0x1b e:/nxp/mcuxpressoide_11.2.1_4149/ide/plugins/com.nxp.mcuxpresso.tools.win32_11.2.0.202008311134/tools/bin/../lib/gcc/arm-none-eabi/9.2.1/thumb/v7-m/nofp\libcr_eabihelpers.a(memcpy.o)
 .ARM.attributes
                0x000005fd       0x33 e:/nxp/mcuxpressoide_11.2.1_4149/ide/plugins/com.nxp.mcuxpresso.tools.win32_11.2.0.202008311134/tools/bin/../lib/gcc/arm-none-eabi/9.2.1/../../../../arm-none-eabi/lib/thumb/v7-m/nofp\libcr_semihost.a(__ciob.o)
 .ARM.attributes
                0x00000630       0x1b e:/nxp/mcuxpressoide_11.2.1_4149/ide/plugins/com.nxp.mcuxpresso.tools.win32_11.2.0.202008311134/tools/bin/../lib/gcc/arm-none-eabi/9.2.1/../../../../arm-none-eabi/lib/thumb/v7-m/nofp\libcr_semihost.a(__sys_appexit.o)
 .ARM.attributes
                0x0000064b       0x1b e:/nxp/mcuxpressoide_11.2.1_4149/ide/plugins/com.nxp.mcuxpresso.tools.win32_11.2.0.202008311134/tools/bin/../lib/gcc/arm-none-eabi/9.2.1/../../../../arm-none-eabi/lib/thumb/v7-m/nofp\libcr_semihost.a(__sys_close.o)
 .ARM.attributes
                0x00000666       0x1b e:/nxp/mcuxpressoide_11.2.1_4149/ide/plugins/com.nxp.mcuxpresso.tools.win32_11.2.0.202008311134/tools/bin/../lib/gcc/arm-none-eabi/9.2.1/../../../../arm-none-eabi/lib/thumb/v7-m/nofp\libcr_semihost.a(__sys_flen.o)
 .ARM.attributes
                0x00000681       0x1b e:/nxp/mcuxpressoide_11.2.1_4149/ide/plugins/com.nxp.mcuxpresso.tools.win32_11.2.0.202008311134/tools/bin/../lib/gcc/arm-none-eabi/9.2.1/../../../../arm-none-eabi/lib/thumb/v7-m/nofp\libcr_semihost.a(__sys_istty.o)
 .ARM.attributes
                0x0000069c       0x1b e:/nxp/mcuxpressoide_11.2.1_4149/ide/plugins/com.nxp.mcuxpresso.tools.win32_11.2.0.202008311134/tools/bin/../lib/gcc/arm-none-eabi/9.2.1/../../../../arm-none-eabi/lib/thumb/v7-m/nofp\libcr_semihost.a(__sys_remove.o)
 .ARM.attributes
                0x000006b7       0x1b e:/nxp/mcuxpressoide_11.2.1_4149/ide/plugins/com.nxp.mcuxpresso.tools.win32_11.2.0.202008311134/tools/bin/../lib/gcc/arm-none-eabi/9.2.1/../../../../arm-none-eabi/lib/thumb/v7-m/nofp\libcr_semihost.a(__sys_seek.o)
 .ARM.attributes
                0x000006d2       0x1b e:/nxp/mcuxpressoide_11.2.1_4149/ide/plugins/com.nxp.mcuxpresso.tools.win32_11.2.0.202008311134/tools/bin/../lib/gcc/arm-none-eabi/9.2.1/../../../../arm-none-eabi/lib/thumb/v7-m/nofp\libcr_semihost.a(__sys_tmpnam.o)
 .ARM.attributes
                0x000006ed       0x1b e:/nxp/mcuxpressoide_11.2.1_4149/ide/plugins/com.nxp.mcuxpresso.tools.win32_11.2.0.202008311134/tools/bin/../lib/gcc/arm-none-eabi/9.2.1/../../../../arm-none-eabi/lib/thumb/v7-m/nofp\libcr_semihost.a(__sys_write.o)

.debug_frame    0x00000000      0x818
 .debug_frame   0x00000000       0x4c ./src/LAB3v2.o
 .debug_frame   0x0000004c      0x170 ./src/cr_startup_lpc175x_6x.o
 .debug_frame   0x000001bc      0x100 C:\Users\pedro\Desktop\LEECT\Semestre 5\SE1\Workplace\LEETC_SE1\Debug\libLEETC_SE1.a(button.o)
 .debug_frame   0x000002bc       0xb4 C:\Users\pedro\Desktop\LEECT\Semestre 5\SE1\Workplace\LEETC_SE1\Debug\libLEETC_SE1.a(led.o)
 .debug_frame   0x00000370      0x46c C:\Users\pedro\Desktop\LEECT\Semestre 5\SE1\Workplace\LEETC_SE1\Debug\libLEETC_SE1.a(wait.o)
 .debug_frame   0x000007dc       0x3c C:\Users\pedro\Desktop\LEECT\Semestre 5\SE1\Workplace\CMSIS_CORE_LPC17xx\Debug\libCMSIS_CORE_LPC17xx.a(system_LPC17xx.o)

Cross Reference Table

Symbol                                            File
ADC_IRQHandler                                    ./src/cr_startup_lpc175x_6x.o
BOD_IRQHandler                                    ./src/cr_startup_lpc175x_6x.o
BUTTON_GetButtonsEvents                           C:\Users\pedro\Desktop\LEECT\Semestre 5\SE1\Workplace\LEETC_SE1\Debug\libLEETC_SE1.a(button.o)
                                                  ./src/LAB3v2.o
BUTTON_GetButtonsPushEvents                       C:\Users\pedro\Desktop\LEECT\Semestre 5\SE1\Workplace\LEETC_SE1\Debug\libLEETC_SE1.a(button.o)
BUTTON_GetButtonsReleaseEvents                    C:\Users\pedro\Desktop\LEECT\Semestre 5\SE1\Workplace\LEETC_SE1\Debug\libLEETC_SE1.a(button.o)
BUTTON_Hit                                        C:\Users\pedro\Desktop\LEECT\Semestre 5\SE1\Workplace\LEETC_SE1\Debug\libLEETC_SE1.a(button.o)
BUTTON_Init                                       C:\Users\pedro\Desktop\LEECT\Semestre 5\SE1\Workplace\LEETC_SE1\Debug\libLEETC_SE1.a(button.o)
                                                  ./src/LAB3v2.o
BUTTON_Read                                       C:\Users\pedro\Desktop\LEECT\Semestre 5\SE1\Workplace\LEETC_SE1\Debug\libLEETC_SE1.a(button.o)
BUTTON_WaitRelease                                C:\Users\pedro\Desktop\LEECT\Semestre 5\SE1\Workplace\LEETC_SE1\Debug\libLEETC_SE1.a(button.o)
BusFault_Handler                                  ./src/cr_startup_lpc175x_6x.o
CANActivity_IRQHandler                            ./src/cr_startup_lpc175x_6x.o
CAN_IRQHandler                                    ./src/cr_startup_lpc175x_6x.o
CRP_WORD                                          ./src/crp.o
DMA_IRQHandler                                    ./src/cr_startup_lpc175x_6x.o
DebugMon_Handler                                  ./src/cr_startup_lpc175x_6x.o
EINT0_IRQHandler                                  ./src/cr_startup_lpc175x_6x.o
EINT1_IRQHandler                                  ./src/cr_startup_lpc175x_6x.o
EINT2_IRQHandler                                  ./src/cr_startup_lpc175x_6x.o
EINT3_IRQHandler                                  ./src/cr_startup_lpc175x_6x.o
ENET_IRQHandler                                   ./src/cr_startup_lpc175x_6x.o
HardFault_Handler                                 ./src/cr_startup_lpc175x_6x.o
I2C0_IRQHandler                                   ./src/cr_startup_lpc175x_6x.o
I2C1_IRQHandler                                   ./src/cr_startup_lpc175x_6x.o
I2C2_IRQHandler                                   ./src/cr_startup_lpc175x_6x.o
I2S_IRQHandler                                    ./src/cr_startup_lpc175x_6x.o
IntDefaultHandler                                 ./src/cr_startup_lpc175x_6x.o
Int_Handler                                       ./src/LAB3v2.o
LED_GetState                                      C:\Users\pedro\Desktop\LEECT\Semestre 5\SE1\Workplace\LEETC_SE1\Debug\libLEETC_SE1.a(led.o)
LED_Init                                          C:\Users\pedro\Desktop\LEECT\Semestre 5\SE1\Workplace\LEETC_SE1\Debug\libLEETC_SE1.a(led.o)
                                                  ./src/LAB3v2.o
LED_Invert                                        C:\Users\pedro\Desktop\LEECT\Semestre 5\SE1\Workplace\LEETC_SE1\Debug\libLEETC_SE1.a(led.o)
                                                  ./src/LAB3v2.o
LED_Off                                           C:\Users\pedro\Desktop\LEECT\Semestre 5\SE1\Workplace\LEETC_SE1\Debug\libLEETC_SE1.a(led.o)
LED_On                                            C:\Users\pedro\Desktop\LEECT\Semestre 5\SE1\Workplace\LEETC_SE1\Debug\libLEETC_SE1.a(led.o)
MCPWM_IRQHandler                                  ./src/cr_startup_lpc175x_6x.o
MemManage_Handler                                 ./src/cr_startup_lpc175x_6x.o
NMI_Handler                                       ./src/cr_startup_lpc175x_6x.o
PLL0_IRQHandler                                   ./src/cr_startup_lpc175x_6x.o
PLL1_IRQHandler                                   ./src/cr_startup_lpc175x_6x.o
PWM1_IRQHandler                                   ./src/cr_startup_lpc175x_6x.o
PendSV_Handler                                    ./src/cr_startup_lpc175x_6x.o
QEI_IRQHandler                                    ./src/cr_startup_lpc175x_6x.o
RIT_IRQHandler                                    ./src/cr_startup_lpc175x_6x.o
RTC_IRQHandler                                    ./src/cr_startup_lpc175x_6x.o
ResetISR                                          ./src/cr_startup_lpc175x_6x.o
SPI_IRQHandler                                    ./src/cr_startup_lpc175x_6x.o
SSP0_IRQHandler                                   ./src/cr_startup_lpc175x_6x.o
SSP1_IRQHandler                                   ./src/cr_startup_lpc175x_6x.o
SVC_Handler                                       ./src/cr_startup_lpc175x_6x.o
SysTick_Handler                                   C:\Users\pedro\Desktop\LEECT\Semestre 5\SE1\Workplace\LEETC_SE1\Debug\libLEETC_SE1.a(wait.o)
                                                  ./src/cr_startup_lpc175x_6x.o
SystemCoreClock                                   C:\Users\pedro\Desktop\LEECT\Semestre 5\SE1\Workplace\CMSIS_CORE_LPC17xx\Debug\libCMSIS_CORE_LPC17xx.a(system_LPC17xx.o)
                                                  C:\Users\pedro\Desktop\LEECT\Semestre 5\SE1\Workplace\LEETC_SE1\Debug\libLEETC_SE1.a(wait.o)
SystemCoreClockUpdate                             C:\Users\pedro\Desktop\LEECT\Semestre 5\SE1\Workplace\CMSIS_CORE_LPC17xx\Debug\libCMSIS_CORE_LPC17xx.a(system_LPC17xx.o)
                                                  C:\Users\pedro\Desktop\LEECT\Semestre 5\SE1\Workplace\LEETC_SE1\Debug\libLEETC_SE1.a(wait.o)
SystemInit                                        C:\Users\pedro\Desktop\LEECT\Semestre 5\SE1\Workplace\CMSIS_CORE_LPC17xx\Debug\libCMSIS_CORE_LPC17xx.a(system_LPC17xx.o)
                                                  ./src/cr_startup_lpc175x_6x.o
                                                  ./src/LAB3v2.o
TIMER0_IRQHandler                                 C:\Users\pedro\Desktop\LEECT\Semestre 5\SE1\Workplace\LEETC_SE1\Debug\libLEETC_SE1.a(wait.o)
                                                  ./src/cr_startup_lpc175x_6x.o
TIMER1_IRQHandler                                 C:\Users\pedro\Desktop\LEECT\Semestre 5\SE1\Workplace\LEETC_SE1\Debug\libLEETC_SE1.a(wait.o)
                                                  ./src/cr_startup_lpc175x_6x.o
TIMER2_IRQHandler                                 C:\Users\pedro\Desktop\LEECT\Semestre 5\SE1\Workplace\LEETC_SE1\Debug\libLEETC_SE1.a(wait.o)
                                                  ./src/cr_startup_lpc175x_6x.o
TIMER3_IRQHandler                                 C:\Users\pedro\Desktop\LEECT\Semestre 5\SE1\Workplace\LEETC_SE1\Debug\libLEETC_SE1.a(wait.o)
                                                  ./src/cr_startup_lpc175x_6x.o
UART0_IRQHandler                                  ./src/cr_startup_lpc175x_6x.o
UART1_IRQHandler                                  ./src/cr_startup_lpc175x_6x.o
UART2_IRQHandler                                  ./src/cr_startup_lpc175x_6x.o
UART3_IRQHandler                                  ./src/cr_startup_lpc175x_6x.o
USBActivity_IRQHandler                            ./src/cr_startup_lpc175x_6x.o
USB_IRQHandler                                    ./src/cr_startup_lpc175x_6x.o
UsageFault_Handler                                ./src/cr_startup_lpc175x_6x.o
WAIT_IRQ0_Us                                      C:\Users\pedro\Desktop\LEECT\Semestre 5\SE1\Workplace\LEETC_SE1\Debug\libLEETC_SE1.a(wait.o)
                                                  ./src/LAB3v2.o
WAIT_IRQ1_Us                                      C:\Users\pedro\Desktop\LEECT\Semestre 5\SE1\Workplace\LEETC_SE1\Debug\libLEETC_SE1.a(wait.o)
WAIT_IRQ2_Us                                      C:\Users\pedro\Desktop\LEECT\Semestre 5\SE1\Workplace\LEETC_SE1\Debug\libLEETC_SE1.a(wait.o)
WAIT_IRQ3_Us                                      C:\Users\pedro\Desktop\LEECT\Semestre 5\SE1\Workplace\LEETC_SE1\Debug\libLEETC_SE1.a(wait.o)
WAIT_Init                                         C:\Users\pedro\Desktop\LEECT\Semestre 5\SE1\Workplace\LEETC_SE1\Debug\libLEETC_SE1.a(wait.o)
                                                  C:\Users\pedro\Desktop\LEECT\Semestre 5\SE1\Workplace\LEETC_SE1\Debug\libLEETC_SE1.a(button.o)
                                                  ./src/LAB3v2.o
WAIT_IsBusy                                       C:\Users\pedro\Desktop\LEECT\Semestre 5\SE1\Workplace\LEETC_SE1\Debug\libLEETC_SE1.a(wait.o)
WAIT_SYS_GetElapsedMs                             C:\Users\pedro\Desktop\LEECT\Semestre 5\SE1\Workplace\LEETC_SE1\Debug\libLEETC_SE1.a(wait.o)
WAIT_SYS_Ms                                       C:\Users\pedro\Desktop\LEECT\Semestre 5\SE1\Workplace\LEETC_SE1\Debug\libLEETC_SE1.a(wait.o)
                                                  C:\Users\pedro\Desktop\LEECT\Semestre 5\SE1\Workplace\LEETC_SE1\Debug\libLEETC_SE1.a(button.o)
WAIT_TIM0_Us                                      C:\Users\pedro\Desktop\LEECT\Semestre 5\SE1\Workplace\LEETC_SE1\Debug\libLEETC_SE1.a(wait.o)
WAIT_TIM1_Us                                      C:\Users\pedro\Desktop\LEECT\Semestre 5\SE1\Workplace\LEETC_SE1\Debug\libLEETC_SE1.a(wait.o)
WAIT_TIM2_Us                                      C:\Users\pedro\Desktop\LEECT\Semestre 5\SE1\Workplace\LEETC_SE1\Debug\libLEETC_SE1.a(wait.o)
WAIT_TIM3_Us                                      C:\Users\pedro\Desktop\LEECT\Semestre 5\SE1\Workplace\LEETC_SE1\Debug\libLEETC_SE1.a(wait.o)
WDT_IRQHandler                                    ./src/cr_startup_lpc175x_6x.o
_Csys_alloc                                       e:/nxp/mcuxpressoide_11.2.1_4149/ide/plugins/com.nxp.mcuxpresso.tools.win32_11.2.0.202008311134/tools/bin/../lib/gcc/arm-none-eabi/9.2.1/../../../../arm-none-eabi/lib/thumb/v7-m/nofp\libcr_c.a(alloc.o)
                                                  e:/nxp/mcuxpressoide_11.2.1_4149/ide/plugins/com.nxp.mcuxpresso.tools.win32_11.2.0.202008311134/tools/bin/../lib/gcc/arm-none-eabi/9.2.1/../../../../arm-none-eabi/lib/thumb/v7-m/nofp\libcr_c.a(_deferredlazyseek.o)
_Cwritebuf                                        e:/nxp/mcuxpressoide_11.2.1_4149/ide/plugins/com.nxp.mcuxpresso.tools.win32_11.2.0.202008311134/tools/bin/../lib/gcc/arm-none-eabi/9.2.1/../../../../arm-none-eabi/lib/thumb/v7-m/nofp\libcr_c.a(_writebuf.o)
                                                  e:/nxp/mcuxpressoide_11.2.1_4149/ide/plugins/com.nxp.mcuxpresso.tools.win32_11.2.0.202008311134/tools/bin/../lib/gcc/arm-none-eabi/9.2.1/../../../../arm-none-eabi/lib/thumb/v7-m/nofp\libcr_c.a(_fflush.o)
                                                  e:/nxp/mcuxpressoide_11.2.1_4149/ide/plugins/com.nxp.mcuxpresso.tools.win32_11.2.0.202008311134/tools/bin/../lib/gcc/arm-none-eabi/9.2.1/../../../../arm-none-eabi/lib/thumb/v7-m/nofp\libcr_c.a(_deferredlazyseek.o)
__CR_SEMIHOST                                     e:/nxp/mcuxpressoide_11.2.1_4149/ide/plugins/com.nxp.mcuxpresso.tools.win32_11.2.0.202008311134/tools/bin/../lib/gcc/arm-none-eabi/9.2.1/../../../../arm-none-eabi/lib/thumb/v7-m/nofp\libcr_semihost.a(_cr__main.o)
__Ciob                                            e:/nxp/mcuxpressoide_11.2.1_4149/ide/plugins/com.nxp.mcuxpresso.tools.win32_11.2.0.202008311134/tools/bin/../lib/gcc/arm-none-eabi/9.2.1/../../../../arm-none-eabi/lib/thumb/v7-m/nofp\libcr_semihost.a(__ciob.o)
                                                  e:/nxp/mcuxpressoide_11.2.1_4149/ide/plugins/com.nxp.mcuxpresso.tools.win32_11.2.0.202008311134/tools/bin/../lib/gcc/arm-none-eabi/9.2.1/../../../../arm-none-eabi/lib/thumb/v7-m/nofp\libcr_c.a(fflush.o)
                                                  e:/nxp/mcuxpressoide_11.2.1_4149/ide/plugins/com.nxp.mcuxpresso.tools.win32_11.2.0.202008311134/tools/bin/../lib/gcc/arm-none-eabi/9.2.1/../../../../arm-none-eabi/lib/thumb/v7-m/nofp\libcr_c.a(printf.o)
                                                  e:/nxp/mcuxpressoide_11.2.1_4149/ide/plugins/com.nxp.mcuxpresso.tools.win32_11.2.0.202008311134/tools/bin/../lib/gcc/arm-none-eabi/9.2.1/../../../../arm-none-eabi/lib/thumb/v7-m/nofp\libcr_c.a(initio.o)
                                                  e:/nxp/mcuxpressoide_11.2.1_4149/ide/plugins/com.nxp.mcuxpresso.tools.win32_11.2.0.202008311134/tools/bin/../lib/gcc/arm-none-eabi/9.2.1/../../../../arm-none-eabi/lib/thumb/v7-m/nofp\libcr_c.a(fpprintf.o)
__aeabi_cdcmpeq                                   e:/nxp/mcuxpressoide_11.2.1_4149/ide/plugins/com.nxp.mcuxpresso.tools.win32_11.2.0.202008311134/tools/bin/../lib/gcc/arm-none-eabi/9.2.1/thumb/v7-m/nofp\libcr_eabihelpers.a(double.o)
__aeabi_cdcmple                                   e:/nxp/mcuxpressoide_11.2.1_4149/ide/plugins/com.nxp.mcuxpresso.tools.win32_11.2.0.202008311134/tools/bin/../lib/gcc/arm-none-eabi/9.2.1/thumb/v7-m/nofp\libcr_eabihelpers.a(double.o)
__aeabi_cdrcmple                                  e:/nxp/mcuxpressoide_11.2.1_4149/ide/plugins/com.nxp.mcuxpresso.tools.win32_11.2.0.202008311134/tools/bin/../lib/gcc/arm-none-eabi/9.2.1/thumb/v7-m/nofp\libcr_eabihelpers.a(double.o)
__aeabi_d2f                                       e:/nxp/mcuxpressoide_11.2.1_4149/ide/plugins/com.nxp.mcuxpresso.tools.win32_11.2.0.202008311134/tools/bin/../lib/gcc/arm-none-eabi/9.2.1/thumb/v7-m/nofp\libcr_eabihelpers.a(double.o)
__aeabi_d2iz                                      e:/nxp/mcuxpressoide_11.2.1_4149/ide/plugins/com.nxp.mcuxpresso.tools.win32_11.2.0.202008311134/tools/bin/../lib/gcc/arm-none-eabi/9.2.1/thumb/v7-m/nofp\libcr_eabihelpers.a(double.o)
                                                  e:/nxp/mcuxpressoide_11.2.1_4149/ide/plugins/com.nxp.mcuxpresso.tools.win32_11.2.0.202008311134/tools/bin/../lib/gcc/arm-none-eabi/9.2.1/../../../../arm-none-eabi/lib/thumb/v7-m/nofp\libcr_c.a(fpprintf.o)
__aeabi_d2lz                                      e:/nxp/mcuxpressoide_11.2.1_4149/ide/plugins/com.nxp.mcuxpresso.tools.win32_11.2.0.202008311134/tools/bin/../lib/gcc/arm-none-eabi/9.2.1/thumb/v7-m/nofp\libcr_eabihelpers.a(double.o)
__aeabi_d2uiz                                     e:/nxp/mcuxpressoide_11.2.1_4149/ide/plugins/com.nxp.mcuxpresso.tools.win32_11.2.0.202008311134/tools/bin/../lib/gcc/arm-none-eabi/9.2.1/thumb/v7-m/nofp\libcr_eabihelpers.a(double.o)
                                                  C:\Users\pedro\Desktop\LEECT\Semestre 5\SE1\Workplace\LEETC_SE1\Debug\libLEETC_SE1.a(wait.o)
__aeabi_d2ulz                                     e:/nxp/mcuxpressoide_11.2.1_4149/ide/plugins/com.nxp.mcuxpresso.tools.win32_11.2.0.202008311134/tools/bin/../lib/gcc/arm-none-eabi/9.2.1/thumb/v7-m/nofp\libcr_eabihelpers.a(double.o)
__aeabi_dadd                                      e:/nxp/mcuxpressoide_11.2.1_4149/ide/plugins/com.nxp.mcuxpresso.tools.win32_11.2.0.202008311134/tools/bin/../lib/gcc/arm-none-eabi/9.2.1/thumb/v7-m/nofp\libcr_eabihelpers.a(double.o)
                                                  e:/nxp/mcuxpressoide_11.2.1_4149/ide/plugins/com.nxp.mcuxpresso.tools.win32_11.2.0.202008311134/tools/bin/../lib/gcc/arm-none-eabi/9.2.1/../../../../arm-none-eabi/lib/thumb/v7-m/nofp\libcr_c.a(fpprintf.o)
__aeabi_dcmpeq                                    e:/nxp/mcuxpressoide_11.2.1_4149/ide/plugins/com.nxp.mcuxpresso.tools.win32_11.2.0.202008311134/tools/bin/../lib/gcc/arm-none-eabi/9.2.1/thumb/v7-m/nofp\libcr_eabihelpers.a(double.o)
                                                  e:/nxp/mcuxpressoide_11.2.1_4149/ide/plugins/com.nxp.mcuxpresso.tools.win32_11.2.0.202008311134/tools/bin/../lib/gcc/arm-none-eabi/9.2.1/../../../../arm-none-eabi/lib/thumb/v7-m/nofp\libcr_c.a(_ldexpl.o)
                                                  e:/nxp/mcuxpressoide_11.2.1_4149/ide/plugins/com.nxp.mcuxpresso.tools.win32_11.2.0.202008311134/tools/bin/../lib/gcc/arm-none-eabi/9.2.1/../../../../arm-none-eabi/lib/thumb/v7-m/nofp\libcr_c.a(_frexpl.o)
                                                  e:/nxp/mcuxpressoide_11.2.1_4149/ide/plugins/com.nxp.mcuxpresso.tools.win32_11.2.0.202008311134/tools/bin/../lib/gcc/arm-none-eabi/9.2.1/../../../../arm-none-eabi/lib/thumb/v7-m/nofp\libcr_c.a(fpprintf.o)
__aeabi_dcmpge                                    e:/nxp/mcuxpressoide_11.2.1_4149/ide/plugins/com.nxp.mcuxpresso.tools.win32_11.2.0.202008311134/tools/bin/../lib/gcc/arm-none-eabi/9.2.1/thumb/v7-m/nofp\libcr_eabihelpers.a(double.o)
                                                  e:/nxp/mcuxpressoide_11.2.1_4149/ide/plugins/com.nxp.mcuxpresso.tools.win32_11.2.0.202008311134/tools/bin/../lib/gcc/arm-none-eabi/9.2.1/../../../../arm-none-eabi/lib/thumb/v7-m/nofp\libcr_c.a(fpprintf.o)
__aeabi_dcmpgt                                    e:/nxp/mcuxpressoide_11.2.1_4149/ide/plugins/com.nxp.mcuxpresso.tools.win32_11.2.0.202008311134/tools/bin/../lib/gcc/arm-none-eabi/9.2.1/thumb/v7-m/nofp\libcr_eabihelpers.a(double.o)
__aeabi_dcmple                                    e:/nxp/mcuxpressoide_11.2.1_4149/ide/plugins/com.nxp.mcuxpresso.tools.win32_11.2.0.202008311134/tools/bin/../lib/gcc/arm-none-eabi/9.2.1/thumb/v7-m/nofp\libcr_eabihelpers.a(double.o)
                                                  e:/nxp/mcuxpressoide_11.2.1_4149/ide/plugins/com.nxp.mcuxpresso.tools.win32_11.2.0.202008311134/tools/bin/../lib/gcc/arm-none-eabi/9.2.1/../../../../arm-none-eabi/lib/thumb/v7-m/nofp\libcr_c.a(fpprintf.o)
__aeabi_dcmplt                                    e:/nxp/mcuxpressoide_11.2.1_4149/ide/plugins/com.nxp.mcuxpresso.tools.win32_11.2.0.202008311134/tools/bin/../lib/gcc/arm-none-eabi/9.2.1/thumb/v7-m/nofp\libcr_eabihelpers.a(double.o)
                                                  e:/nxp/mcuxpressoide_11.2.1_4149/ide/plugins/com.nxp.mcuxpresso.tools.win32_11.2.0.202008311134/tools/bin/../lib/gcc/arm-none-eabi/9.2.1/../../../../arm-none-eabi/lib/thumb/v7-m/nofp\libcr_c.a(fpprintf.o)
__aeabi_dcmpun                                    e:/nxp/mcuxpressoide_11.2.1_4149/ide/plugins/com.nxp.mcuxpresso.tools.win32_11.2.0.202008311134/tools/bin/../lib/gcc/arm-none-eabi/9.2.1/thumb/v7-m/nofp\libcr_eabihelpers.a(double.o)
__aeabi_ddiv                                      e:/nxp/mcuxpressoide_11.2.1_4149/ide/plugins/com.nxp.mcuxpresso.tools.win32_11.2.0.202008311134/tools/bin/../lib/gcc/arm-none-eabi/9.2.1/thumb/v7-m/nofp\libcr_eabihelpers.a(double.o)
                                                  e:/nxp/mcuxpressoide_11.2.1_4149/ide/plugins/com.nxp.mcuxpresso.tools.win32_11.2.0.202008311134/tools/bin/../lib/gcc/arm-none-eabi/9.2.1/../../../../arm-none-eabi/lib/thumb/v7-m/nofp\libcr_c.a(fpprintf.o)
__aeabi_dmul                                      e:/nxp/mcuxpressoide_11.2.1_4149/ide/plugins/com.nxp.mcuxpresso.tools.win32_11.2.0.202008311134/tools/bin/../lib/gcc/arm-none-eabi/9.2.1/thumb/v7-m/nofp\libcr_eabihelpers.a(double.o)
                                                  e:/nxp/mcuxpressoide_11.2.1_4149/ide/plugins/com.nxp.mcuxpresso.tools.win32_11.2.0.202008311134/tools/bin/../lib/gcc/arm-none-eabi/9.2.1/../../../../arm-none-eabi/lib/thumb/v7-m/nofp\libcr_c.a(fpprintf.o)
                                                  C:\Users\pedro\Desktop\LEECT\Semestre 5\SE1\Workplace\LEETC_SE1\Debug\libLEETC_SE1.a(wait.o)
__aeabi_dneg                                      e:/nxp/mcuxpressoide_11.2.1_4149/ide/plugins/com.nxp.mcuxpresso.tools.win32_11.2.0.202008311134/tools/bin/../lib/gcc/arm-none-eabi/9.2.1/thumb/v7-m/nofp\libcr_eabihelpers.a(double.o)
__aeabi_drsub                                     e:/nxp/mcuxpressoide_11.2.1_4149/ide/plugins/com.nxp.mcuxpresso.tools.win32_11.2.0.202008311134/tools/bin/../lib/gcc/arm-none-eabi/9.2.1/thumb/v7-m/nofp\libcr_eabihelpers.a(double.o)
__aeabi_dsub                                      e:/nxp/mcuxpressoide_11.2.1_4149/ide/plugins/com.nxp.mcuxpresso.tools.win32_11.2.0.202008311134/tools/bin/../lib/gcc/arm-none-eabi/9.2.1/thumb/v7-m/nofp\libcr_eabihelpers.a(double.o)
                                                  e:/nxp/mcuxpressoide_11.2.1_4149/ide/plugins/com.nxp.mcuxpresso.tools.win32_11.2.0.202008311134/tools/bin/../lib/gcc/arm-none-eabi/9.2.1/../../../../arm-none-eabi/lib/thumb/v7-m/nofp\libcr_c.a(fpprintf.o)
                                                  C:\Users\pedro\Desktop\LEECT\Semestre 5\SE1\Workplace\LEETC_SE1\Debug\libLEETC_SE1.a(wait.o)
__aeabi_i2d                                       e:/nxp/mcuxpressoide_11.2.1_4149/ide/plugins/com.nxp.mcuxpresso.tools.win32_11.2.0.202008311134/tools/bin/../lib/gcc/arm-none-eabi/9.2.1/thumb/v7-m/nofp\libcr_eabihelpers.a(double.o)
                                                  e:/nxp/mcuxpressoide_11.2.1_4149/ide/plugins/com.nxp.mcuxpresso.tools.win32_11.2.0.202008311134/tools/bin/../lib/gcc/arm-none-eabi/9.2.1/../../../../arm-none-eabi/lib/thumb/v7-m/nofp\libcr_c.a(fpprintf.o)
__aeabi_idiv0                                     e:/nxp/mcuxpressoide_11.2.1_4149/ide/plugins/com.nxp.mcuxpresso.tools.win32_11.2.0.202008311134/tools/bin/../lib/gcc/arm-none-eabi/9.2.1/thumb/v7-m/nofp\libcr_eabihelpers.a(division_idiv0.o)
                                                  e:/nxp/mcuxpressoide_11.2.1_4149/ide/plugins/com.nxp.mcuxpresso.tools.win32_11.2.0.202008311134/tools/bin/../lib/gcc/arm-none-eabi/9.2.1/thumb/v7-m/nofp\libcr_eabihelpers.a(division_64.o)
__aeabi_l2d                                       e:/nxp/mcuxpressoide_11.2.1_4149/ide/plugins/com.nxp.mcuxpresso.tools.win32_11.2.0.202008311134/tools/bin/../lib/gcc/arm-none-eabi/9.2.1/thumb/v7-m/nofp\libcr_eabihelpers.a(double.o)
__aeabi_ldivmod                                   e:/nxp/mcuxpressoide_11.2.1_4149/ide/plugins/com.nxp.mcuxpresso.tools.win32_11.2.0.202008311134/tools/bin/../lib/gcc/arm-none-eabi/9.2.1/thumb/v7-m/nofp\libcr_eabihelpers.a(division_64.o)
                                                  C:\Users\pedro\Desktop\LEECT\Semestre 5\SE1\Workplace\CMSIS_CORE_LPC17xx\Debug\libCMSIS_CORE_LPC17xx.a(system_LPC17xx.o)
__aeabi_lowlevel_memset                           e:/nxp/mcuxpressoide_11.2.1_4149/ide/plugins/com.nxp.mcuxpresso.tools.win32_11.2.0.202008311134/tools/bin/../lib/gcc/arm-none-eabi/9.2.1/thumb/v7-m/nofp\libcr_eabihelpers.a(memcpy.o)
                                                  e:/nxp/mcuxpressoide_11.2.1_4149/ide/plugins/com.nxp.mcuxpresso.tools.win32_11.2.0.202008311134/tools/bin/../lib/gcc/arm-none-eabi/9.2.1/../../../../arm-none-eabi/lib/thumb/v7-m/nofp\libcr_c.a(memset.o)
__aeabi_memclr                                    e:/nxp/mcuxpressoide_11.2.1_4149/ide/plugins/com.nxp.mcuxpresso.tools.win32_11.2.0.202008311134/tools/bin/../lib/gcc/arm-none-eabi/9.2.1/thumb/v7-m/nofp\libcr_eabihelpers.a(memcpy.o)
__aeabi_memclr4                                   e:/nxp/mcuxpressoide_11.2.1_4149/ide/plugins/com.nxp.mcuxpresso.tools.win32_11.2.0.202008311134/tools/bin/../lib/gcc/arm-none-eabi/9.2.1/thumb/v7-m/nofp\libcr_eabihelpers.a(memcpy.o)
__aeabi_memclr8                                   e:/nxp/mcuxpressoide_11.2.1_4149/ide/plugins/com.nxp.mcuxpresso.tools.win32_11.2.0.202008311134/tools/bin/../lib/gcc/arm-none-eabi/9.2.1/thumb/v7-m/nofp\libcr_eabihelpers.a(memcpy.o)
__aeabi_memcpy                                    e:/nxp/mcuxpressoide_11.2.1_4149/ide/plugins/com.nxp.mcuxpresso.tools.win32_11.2.0.202008311134/tools/bin/../lib/gcc/arm-none-eabi/9.2.1/thumb/v7-m/nofp\libcr_eabihelpers.a(memcpy.o)
                                                  e:/nxp/mcuxpressoide_11.2.1_4149/ide/plugins/com.nxp.mcuxpresso.tools.win32_11.2.0.202008311134/tools/bin/../lib/gcc/arm-none-eabi/9.2.1/../../../../arm-none-eabi/lib/thumb/v7-m/nofp\libcr_c.a(memcpy.o)
__aeabi_memcpy4                                   e:/nxp/mcuxpressoide_11.2.1_4149/ide/plugins/com.nxp.mcuxpresso.tools.win32_11.2.0.202008311134/tools/bin/../lib/gcc/arm-none-eabi/9.2.1/thumb/v7-m/nofp\libcr_eabihelpers.a(memcpy.o)
__aeabi_memcpy8                                   e:/nxp/mcuxpressoide_11.2.1_4149/ide/plugins/com.nxp.mcuxpresso.tools.win32_11.2.0.202008311134/tools/bin/../lib/gcc/arm-none-eabi/9.2.1/thumb/v7-m/nofp\libcr_eabihelpers.a(memcpy.o)
__aeabi_memmove                                   e:/nxp/mcuxpressoide_11.2.1_4149/ide/plugins/com.nxp.mcuxpresso.tools.win32_11.2.0.202008311134/tools/bin/../lib/gcc/arm-none-eabi/9.2.1/thumb/v7-m/nofp\libcr_eabihelpers.a(memcpy.o)
__aeabi_memmove4                                  e:/nxp/mcuxpressoide_11.2.1_4149/ide/plugins/com.nxp.mcuxpresso.tools.win32_11.2.0.202008311134/tools/bin/../lib/gcc/arm-none-eabi/9.2.1/thumb/v7-m/nofp\libcr_eabihelpers.a(memcpy.o)
__aeabi_memmove8                                  e:/nxp/mcuxpressoide_11.2.1_4149/ide/plugins/com.nxp.mcuxpresso.tools.win32_11.2.0.202008311134/tools/bin/../lib/gcc/arm-none-eabi/9.2.1/thumb/v7-m/nofp\libcr_eabihelpers.a(memcpy.o)
__aeabi_memset                                    e:/nxp/mcuxpressoide_11.2.1_4149/ide/plugins/com.nxp.mcuxpresso.tools.win32_11.2.0.202008311134/tools/bin/../lib/gcc/arm-none-eabi/9.2.1/thumb/v7-m/nofp\libcr_eabihelpers.a(memcpy.o)
__aeabi_memset4                                   e:/nxp/mcuxpressoide_11.2.1_4149/ide/plugins/com.nxp.mcuxpresso.tools.win32_11.2.0.202008311134/tools/bin/../lib/gcc/arm-none-eabi/9.2.1/thumb/v7-m/nofp\libcr_eabihelpers.a(memcpy.o)
__aeabi_memset8                                   e:/nxp/mcuxpressoide_11.2.1_4149/ide/plugins/com.nxp.mcuxpresso.tools.win32_11.2.0.202008311134/tools/bin/../lib/gcc/arm-none-eabi/9.2.1/thumb/v7-m/nofp\libcr_eabihelpers.a(memcpy.o)
__aeabi_ui2d                                      e:/nxp/mcuxpressoide_11.2.1_4149/ide/plugins/com.nxp.mcuxpresso.tools.win32_11.2.0.202008311134/tools/bin/../lib/gcc/arm-none-eabi/9.2.1/thumb/v7-m/nofp\libcr_eabihelpers.a(double.o)
                                                  C:\Users\pedro\Desktop\LEECT\Semestre 5\SE1\Workplace\LEETC_SE1\Debug\libLEETC_SE1.a(wait.o)
__aeabi_ul2d                                      e:/nxp/mcuxpressoide_11.2.1_4149/ide/plugins/com.nxp.mcuxpresso.tools.win32_11.2.0.202008311134/tools/bin/../lib/gcc/arm-none-eabi/9.2.1/thumb/v7-m/nofp\libcr_eabihelpers.a(double.o)
__aeabi_uldivmod                                  e:/nxp/mcuxpressoide_11.2.1_4149/ide/plugins/com.nxp.mcuxpresso.tools.win32_11.2.0.202008311134/tools/bin/../lib/gcc/arm-none-eabi/9.2.1/thumb/v7-m/nofp\libcr_eabihelpers.a(division_64.o)
                                                  C:\Users\pedro\Desktop\LEECT\Semestre 5\SE1\Workplace\CMSIS_CORE_LPC17xx\Debug\libCMSIS_CORE_LPC17xx.a(system_LPC17xx.o)
__bhs_ldivmod1                                    e:/nxp/mcuxpressoide_11.2.1_4149/ide/plugins/com.nxp.mcuxpresso.tools.win32_11.2.0.202008311134/tools/bin/../lib/gcc/arm-none-eabi/9.2.1/thumb/v7-m/nofp\libcr_eabihelpers.a(division_64.o)
__bhs_ui2d                                        e:/nxp/mcuxpressoide_11.2.1_4149/ide/plugins/com.nxp.mcuxpresso.tools.win32_11.2.0.202008311134/tools/bin/../lib/gcc/arm-none-eabi/9.2.1/thumb/v7-m/nofp\libcr_eabihelpers.a(double.o)
__bhs_ul2d                                        e:/nxp/mcuxpressoide_11.2.1_4149/ide/plugins/com.nxp.mcuxpresso.tools.win32_11.2.0.202008311134/tools/bin/../lib/gcc/arm-none-eabi/9.2.1/thumb/v7-m/nofp\libcr_eabihelpers.a(double.o)
__bss_section_table_end                           ./src/cr_startup_lpc175x_6x.o
__check_heap_overflow                             e:/nxp/mcuxpressoide_11.2.1_4149/ide/plugins/com.nxp.mcuxpresso.tools.win32_11.2.0.202008311134/tools/bin/../lib/gcc/arm-none-eabi/9.2.1/../../../../arm-none-eabi/lib/thumb/v7-m/nofp\libcr_c.a(_cr_check_heap.o)
                                                  e:/nxp/mcuxpressoide_11.2.1_4149/ide/plugins/com.nxp.mcuxpresso.tools.win32_11.2.0.202008311134/tools/bin/../lib/gcc/arm-none-eabi/9.2.1/../../../../arm-none-eabi/lib/thumb/v7-m/nofp\libcr_c.a(_cr_sbrk.o)
__data_section_table                              ./src/cr_startup_lpc175x_6x.o
__data_section_table_end                          ./src/cr_startup_lpc175x_6x.o
__end_of_heap                                     e:/nxp/mcuxpressoide_11.2.1_4149/ide/plugins/com.nxp.mcuxpresso.tools.win32_11.2.0.202008311134/tools/bin/../lib/gcc/arm-none-eabi/9.2.1/../../../../arm-none-eabi/lib/thumb/v7-m/nofp\libcr_c.a(__init_alloc.o)
                                                  e:/nxp/mcuxpressoide_11.2.1_4149/ide/plugins/com.nxp.mcuxpresso.tools.win32_11.2.0.202008311134/tools/bin/../lib/gcc/arm-none-eabi/9.2.1/../../../../arm-none-eabi/lib/thumb/v7-m/nofp\libcr_c.a(_cr_sbrk.o)
__exit                                            e:/nxp/mcuxpressoide_11.2.1_4149/ide/plugins/com.nxp.mcuxpresso.tools.win32_11.2.0.202008311134/tools/bin/../lib/gcc/arm-none-eabi/9.2.1/../../../../arm-none-eabi/lib/thumb/v7-m/nofp\libcr_semihost.a(__sys_appexit.o)
__flsbuf                                          e:/nxp/mcuxpressoide_11.2.1_4149/ide/plugins/com.nxp.mcuxpresso.tools.win32_11.2.0.202008311134/tools/bin/../lib/gcc/arm-none-eabi/9.2.1/../../../../arm-none-eabi/lib/thumb/v7-m/nofp\libcr_c.a(_deferredlazyseek.o)
                                                  e:/nxp/mcuxpressoide_11.2.1_4149/ide/plugins/com.nxp.mcuxpresso.tools.win32_11.2.0.202008311134/tools/bin/../lib/gcc/arm-none-eabi/9.2.1/../../../../arm-none-eabi/lib/thumb/v7-m/nofp\libcr_c.a(printf.o)
                                                  e:/nxp/mcuxpressoide_11.2.1_4149/ide/plugins/com.nxp.mcuxpresso.tools.win32_11.2.0.202008311134/tools/bin/../lib/gcc/arm-none-eabi/9.2.1/../../../../arm-none-eabi/lib/thumb/v7-m/nofp\libcr_c.a(fpprintf.o)
__heaps                                           e:/nxp/mcuxpressoide_11.2.1_4149/ide/plugins/com.nxp.mcuxpresso.tools.win32_11.2.0.202008311134/tools/bin/../lib/gcc/arm-none-eabi/9.2.1/../../../../arm-none-eabi/lib/thumb/v7-m/nofp\libcr_c.a(__init_alloc.o)
                                                  e:/nxp/mcuxpressoide_11.2.1_4149/ide/plugins/com.nxp.mcuxpresso.tools.win32_11.2.0.202008311134/tools/bin/../lib/gcc/arm-none-eabi/9.2.1/../../../../arm-none-eabi/lib/thumb/v7-m/nofp\libcr_c.a(alloc.o)