18:59:34 **** Build of configuration Debug for project LAB3 ****
make -r -j12 all 
Building file: ../src/LAB3.c
Building file: ../src/cr_startup_lpc175x_6x.c
Building file: ../src/crp.c
Invoking: MCU C Compiler
arm-none-eabi-gcc -DDEBUG -D__CODE_RED -DCORE_M3 -D__USE_CMSIS=CMSIS_CORE_LPC17xx -D__LPC17XX__ -D__REDLIB__ -I"C:\Users\pedro\Desktop\LEECT\Semestre 5\SE1\Workplace\LAB3\inc" -I"C:\Users\pedro\Desktop\LEECT\Semestre 5\SE1\Workplace\LEETC_SE1\inc" -I"C:\Users\pedro\Desktop\LEECT\Semestre 5\SE1\Workplace\CMSIS_CORE_LPC17xx\inc" -O0 -fno-common -g3 -Wall -c -fmessage-length=0 -fno-builtin -ffunction-sections -fdata-sections -fmerge-constants -fmacro-prefix-map="../src/"=. -mcpu=cortex-m3 -mthumb -fstack-usage -specs=redlib.specs -MMD -MP -MF"src/LAB3.d" -MT"src/LAB3.o" -MT"src/LAB3.d" -o "src/LAB3.o" "../src/LAB3.c"
Invoking: MCU C Compiler
Invoking: MCU C Compiler
arm-none-eabi-gcc -DDEBUG -D__CODE_RED -DCORE_M3 -D__USE_CMSIS=CMSIS_CORE_LPC17xx -D__LPC17XX__ -D__REDLIB__ -I"C:\Users\pedro\Desktop\LEECT\Semestre 5\SE1\Workplace\LAB3\inc" -I"C:\Users\pedro\Desktop\LEECT\Semestre 5\SE1\Workplace\LEETC_SE1\inc" -I"C:\Users\pedro\Desktop\LEECT\Semestre 5\SE1\Workplace\CMSIS_CORE_LPC17xx\inc" -O0 -fno-common -g3 -Wall -c -fmessage-length=0 -fno-builtin -ffunction-sections -fdata-sections -fmerge-constants -fmacro-prefix-map="../src/"=. -mcpu=cortex-m3 -mthumb -fstack-usage -specs=redlib.specs -MMD -MP -MF"src/cr_startup_lpc175x_6x.d" -MT"src/cr_startup_lpc175x_6x.o" -MT"src/cr_startup_lpc175x_6x.d" -o "src/cr_startup_lpc175x_6x.o" "../src/cr_startup_lpc175x_6x.c"
arm-none-eabi-gcc -DDEBUG -D__CODE_RED -DCORE_M3 -D__USE_CMSIS=CMSIS_CORE_LPC17xx -D__LPC17XX__ -D__REDLIB__ -I"C:\Users\pedro\Desktop\LEECT\Semestre 5\SE1\Workplace\LAB3\inc" -I"C:\Users\pedro\Desktop\LEECT\Semestre 5\SE1\Workplace\LEETC_SE1\inc" -I"C:\Users\pedro\Desktop\LEECT\Semestre 5\SE1\Workplace\CMSIS_CORE_LPC17xx\inc" -O0 -fno-common -g3 -Wall -c -fmessage-length=0 -fno-builtin -ffunction-sections -fdata-sections -fmerge-constants -fmacro-prefix-map="../src/"=. -mcpu=cortex-m3 -mthumb -fstack-usage -specs=redlib.specs -MMD -MP -MF"src/crp.d" -MT"src/crp.o" -MT"src/crp.d" -o "src/crp.o" "../src/crp.c"
Finished building: ../src/crp.c
 
Finished building: ../src/cr_startup_lpc175x_6x.c
 
Finished building: ../src/LAB3.c
 
Building target: LAB3.axf
Invoking: MCU Linker
arm-none-eabi-gcc -nostdlib -L"C:\Users\pedro\Desktop\LEECT\Semestre 5\SE1\Workplace\LEETC_SE1\Debug" -L"C:\Users\pedro\Desktop\LEECT\Semestre 5\SE1\Workplace\CMSIS_CORE_LPC17xx\Debug" -Xlinker -Map="LAB3.map" -Xlinker --cref -Xlinker --gc-sections -Xlinker -print-memory-usage -mcpu=cortex-m3 -mthumb -T "LAB3_Debug.ld" -o "LAB3.axf"  ./src/LAB3.o ./src/cr_startup_lpc175x_6x.o ./src/crp.o   -lLEETC_SE1 -lCMSIS_CORE_LPC17xx
Memory region         Used Size  Region Size  %age Used
       MFlash512:       12896 B       512 KB      2.46%
        RamLoc32:         508 B        32 KB      1.55%
        RamAHB32:          0 GB        32 KB      0.00%
Finished building target: LAB3.axf
 
make --no-print-directory post-build
Performing post-build steps
arm-none-eabi-size "LAB3.axf"; # arm-none-eabi-objcopy -v -O binary "LAB3.axf" "LAB3.bin" ; # checksum -p LPC1769 -d "LAB3.bin";
   text	   data	    bss	    dec	    hex	filename
  12892	      4	    504	  13400	   3458	LAB3.axf
 

18:59:34 Build Finished. 0 errors, 0 warnings. (took 450ms)

